<html>
<body>
<pre>
<h1>µVision Build Log</h1>
<h2>Project:</h2>
D:\WORK\GitHub\NCKH-VNA\SourceCode\VNA_TM4C1294XL\VNA_TM4C1294XL.uvprojx
Project File Date:  08/31/2017

<h2>Output:</h2>
Build target 'VNA_TM4C1294XL'
compiling main.c...
linking...
Program Size: Code=6240 RO-data=2184 RW-data=1644 ZI-data=820  
".\Objects\VNA_TM4C1294XL.axf" - 0 Error(s), 0 Warning(s).

<h2>Software Packages used:</h2>

Package Vendor: ARM
                http://www.keil.com/pack/ARM.CMSIS.4.1.0.pack
                ARM::CMSIS:CORE:3.30.0
                CMSIS (Cortex Microcontroller Software Interface Standard)
   * Component: CORE Version: 3.30.0

Package Vendor: Keil
                http://www.keil.com/pack/Keil.TM4C_DFP.1.1.0.pack
                Keil::Device:Startup:1.0.0
                Texas Instruments Tiva C Series Device Support and Examples
   * Component: Startup Version: 1.0.0

<h2>Collection of Component include folders:</h2>
  D:\WORK\GitHub\NCKH-VNA\SourceCode\VNA_TM4C1294XL\RTE
  C:\Keil_v5\ARM\PACK\ARM\CMSIS\4.1.0\CMSIS\Include
  C:\Keil_v5\ARM\PACK\Keil\TM4C_DFP\1.1.0
  C:\Keil_v5\ARM\PACK\Keil\TM4C_DFP\1.1.0\Device\Include\TM4C129

<h2>Collection of Component Files used:</h2>

   * Component: ARM::CMSIS:CORE:3.30.0
      Source file:   CMSIS\UserCodeTemplates\ARM\ITM_Retarget.c

   * Component: Keil::Device:Startup:1.0.0
      Source file:   Device\Source\system_TM4C129.c
      Include file:  Device\Include\TM4C129\TM4C129.h
      Source file:   Device\Source\ARM\startup_TM4C129.s
Load "D:\\WORK\\GitHub\\NCKH-VNA\\SourceCode\\VNA_TM4C1294XL\\Objects\\VNA_TM4C1294XL.axf" 
Connecting: Mode=JTAG, Speed=1000000Hz
Erase Done.
Programming Done.
Verify OK.
</pre>
</body>
</html>
 file:   Device\Source\system_TM4C129.c
      Include file:  Device\Include\TM4C129\TM4C129.h
      Source file:   Device\Source\ARM\startup_TM4C129.s
Load "D:\\WORK\\GitHub\\NCKH-VNA\\SourceCode\\VNA_TM4C1294XL\\Objects\\VNA_TM4C1294XL.axf" 
Connecting: Mode=JTAG, Speed=1000000Hz
Erase Done.
Programming Done.
Verify OK.
