<!doctype html public "-//w3c//dtd html 4.0 transitional//en">
<html><head>
<title>Static Call Graph - [.\Objects\VNA_TM4C1294XL.axf]</title></head>
<body><HR>
<H1>Static Call Graph for image .\Objects\VNA_TM4C1294XL.axf</H1><HR>
<BR><P>#&#060CALLGRAPH&#062# ARM Linker, 5040049: Last Updated: Thu Aug 31 01:13:44 2017
<BR><P>
<H3>Maximum Stack Usage =        152 bytes + Unknown(Functions without stacksize, Cycles, Untraceable Function Pointers)</H3><H3>
Call chain for Maximum Stack Depth:</H3>
__rt_entry_main &rArr; main &rArr; UARTprintf &rArr; UARTvprintf &rArr; UARTwrite
<P>
<H3>
Functions with no stack information
</H3><UL>
 <LI><a href="#[9c]">__user_initial_stackheap</a>
</UL>
</UL>
<P>
<H3>
Mutually Recursive functions
</H3> <LI><a href="#[3]">NMI_Handler</a>&nbsp;&nbsp;&nbsp;&rArr;&nbsp;&nbsp;&nbsp;<a href="#[3]">NMI_Handler</a><BR>
 <LI><a href="#[4]">HardFault_Handler</a>&nbsp;&nbsp;&nbsp;&rArr;&nbsp;&nbsp;&nbsp;<a href="#[4]">HardFault_Handler</a><BR>
 <LI><a href="#[5]">MemManage_Handler</a>&nbsp;&nbsp;&nbsp;&rArr;&nbsp;&nbsp;&nbsp;<a href="#[5]">MemManage_Handler</a><BR>
 <LI><a href="#[6]">BusFault_Handler</a>&nbsp;&nbsp;&nbsp;&rArr;&nbsp;&nbsp;&nbsp;<a href="#[6]">BusFault_Handler</a><BR>
 <LI><a href="#[7]">UsageFault_Handler</a>&nbsp;&nbsp;&nbsp;&rArr;&nbsp;&nbsp;&nbsp;<a href="#[7]">UsageFault_Handler</a><BR>
 <LI><a href="#[8]">SVC_Handler</a>&nbsp;&nbsp;&nbsp;&rArr;&nbsp;&nbsp;&nbsp;<a href="#[8]">SVC_Handler</a><BR>
 <LI><a href="#[9]">DebugMon_Handler</a>&nbsp;&nbsp;&nbsp;&rArr;&nbsp;&nbsp;&nbsp;<a href="#[9]">DebugMon_Handler</a><BR>
 <LI><a href="#[a]">PendSV_Handler</a>&nbsp;&nbsp;&nbsp;&rArr;&nbsp;&nbsp;&nbsp;<a href="#[a]">PendSV_Handler</a><BR>
 <LI><a href="#[b]">SysTick_Handler</a>&nbsp;&nbsp;&nbsp;&rArr;&nbsp;&nbsp;&nbsp;<a href="#[b]">SysTick_Handler</a><BR>
 <LI><a href="#[c]">GPIOA_Handler</a>&nbsp;&nbsp;&nbsp;&rArr;&nbsp;&nbsp;&nbsp;<a href="#[c]">GPIOA_Handler</a><BR>
 <LI><a href="#[d]">GPIOB_Handler</a>&nbsp;&nbsp;&nbsp;&rArr;&nbsp;&nbsp;&nbsp;<a href="#[d]">GPIOB_Handler</a><BR>
 <LI><a href="#[e]">GPIOC_Handler</a>&nbsp;&nbsp;&nbsp;&rArr;&nbsp;&nbsp;&nbsp;<a href="#[e]">GPIOC_Handler</a><BR>
 <LI><a href="#[f]">GPIOD_Handler</a>&nbsp;&nbsp;&nbsp;&rArr;&nbsp;&nbsp;&nbsp;<a href="#[f]">GPIOD_Handler</a><BR>
 <LI><a href="#[10]">GPIOE_Handler</a>&nbsp;&nbsp;&nbsp;&rArr;&nbsp;&nbsp;&nbsp;<a href="#[10]">GPIOE_Handler</a><BR>
 <LI><a href="#[11]">UART0_Handler</a>&nbsp;&nbsp;&nbsp;&rArr;&nbsp;&nbsp;&nbsp;<a href="#[11]">UART0_Handler</a><BR>
 <LI><a href="#[13]">SSI0_Handler</a>&nbsp;&nbsp;&nbsp;&rArr;&nbsp;&nbsp;&nbsp;<a href="#[13]">SSI0_Handler</a><BR>
 <LI><a href="#[14]">I2C0_Handler</a>&nbsp;&nbsp;&nbsp;&rArr;&nbsp;&nbsp;&nbsp;<a href="#[14]">I2C0_Handler</a><BR>
 <LI><a href="#[15]">PMW0_FAULT_Handler</a>&nbsp;&nbsp;&nbsp;&rArr;&nbsp;&nbsp;&nbsp;<a href="#[15]">PMW0_FAULT_Handler</a><BR>
 <LI><a href="#[16]">PWM0_0_Handler</a>&nbsp;&nbsp;&nbsp;&rArr;&nbsp;&nbsp;&nbsp;<a href="#[16]">PWM0_0_Handler</a><BR>
 <LI><a href="#[17]">PWM0_1_Handler</a>&nbsp;&nbsp;&nbsp;&rArr;&nbsp;&nbsp;&nbsp;<a href="#[17]">PWM0_1_Handler</a><BR>
 <LI><a href="#[18]">PWM0_2_Handler</a>&nbsp;&nbsp;&nbsp;&rArr;&nbsp;&nbsp;&nbsp;<a href="#[18]">PWM0_2_Handler</a><BR>
 <LI><a href="#[19]">QEI0_Handler</a>&nbsp;&nbsp;&nbsp;&rArr;&nbsp;&nbsp;&nbsp;<a href="#[19]">QEI0_Handler</a><BR>
 <LI><a href="#[1a]">ADC0SS0_Handler</a>&nbsp;&nbsp;&nbsp;&rArr;&nbsp;&nbsp;&nbsp;<a href="#[1a]">ADC0SS0_Handler</a><BR>
 <LI><a href="#[1b]">ADC0SS1_Handler</a>&nbsp;&nbsp;&nbsp;&rArr;&nbsp;&nbsp;&nbsp;<a href="#[1b]">ADC0SS1_Handler</a><BR>
 <LI><a href="#[1c]">ADC0SS2_Handler</a>&nbsp;&nbsp;&nbsp;&rArr;&nbsp;&nbsp;&nbsp;<a href="#[1c]">ADC0SS2_Handler</a><BR>
 <LI><a href="#[1d]">ADC0SS3_Handler</a>&nbsp;&nbsp;&nbsp;&rArr;&nbsp;&nbsp;&nbsp;<a href="#[1d]">ADC0SS3_Handler</a><BR>
 <LI><a href="#[1e]">WDT0_Handler</a>&nbsp;&nbsp;&nbsp;&rArr;&nbsp;&nbsp;&nbsp;<a href="#[1e]">WDT0_Handler</a><BR>
 <LI><a href="#[1f]">TIMER0A_Handler</a>&nbsp;&nbsp;&nbsp;&rArr;&nbsp;&nbsp;&nbsp;<a href="#[1f]">TIMER0A_Handler</a><BR>
 <LI><a href="#[20]">TIMER0B_Handler</a>&nbsp;&nbsp;&nbsp;&rArr;&nbsp;&nbsp;&nbsp;<a href="#[20]">TIMER0B_Handler</a><BR>
 <LI><a href="#[21]">TIMER1A_Handler</a>&nbsp;&nbsp;&nbsp;&rArr;&nbsp;&nbsp;&nbsp;<a href="#[21]">TIMER1A_Handler</a><BR>
 <LI><a href="#[22]">TIMER1B_Handler</a>&nbsp;&nbsp;&nbsp;&rArr;&nbsp;&nbsp;&nbsp;<a href="#[22]">TIMER1B_Handler</a><BR>
 <LI><a href="#[23]">TIMER2A_Handler</a>&nbsp;&nbsp;&nbsp;&rArr;&nbsp;&nbsp;&nbsp;<a href="#[23]">TIMER2A_Handler</a><BR>
 <LI><a href="#[24]">TIMER2B_Handler</a>&nbsp;&nbsp;&nbsp;&rArr;&nbsp;&nbsp;&nbsp;<a href="#[24]">TIMER2B_Handler</a><BR>
 <LI><a href="#[25]">COMP0_Handler</a>&nbsp;&nbsp;&nbsp;&rArr;&nbsp;&nbsp;&nbsp;<a href="#[25]">COMP0_Handler</a><BR>
 <LI><a href="#[26]">COMP1_Handler</a>&nbsp;&nbsp;&nbsp;&rArr;&nbsp;&nbsp;&nbsp;<a href="#[26]">COMP1_Handler</a><BR>
 <LI><a href="#[27]">COMP2_Handler</a>&nbsp;&nbsp;&nbsp;&rArr;&nbsp;&nbsp;&nbsp;<a href="#[27]">COMP2_Handler</a><BR>
 <LI><a href="#[28]">SYSCTL_Handler</a>&nbsp;&nbsp;&nbsp;&rArr;&nbsp;&nbsp;&nbsp;<a href="#[28]">SYSCTL_Handler</a><BR>
 <LI><a href="#[29]">FLASH_Handler</a>&nbsp;&nbsp;&nbsp;&rArr;&nbsp;&nbsp;&nbsp;<a href="#[29]">FLASH_Handler</a><BR>
 <LI><a href="#[2a]">GPIOF_Handler</a>&nbsp;&nbsp;&nbsp;&rArr;&nbsp;&nbsp;&nbsp;<a href="#[2a]">GPIOF_Handler</a><BR>
 <LI><a href="#[2b]">GPIOG_Handler</a>&nbsp;&nbsp;&nbsp;&rArr;&nbsp;&nbsp;&nbsp;<a href="#[2b]">GPIOG_Handler</a><BR>
 <LI><a href="#[2c]">GPIOH_Handler</a>&nbsp;&nbsp;&nbsp;&rArr;&nbsp;&nbsp;&nbsp;<a href="#[2c]">GPIOH_Handler</a><BR>
 <LI><a href="#[2d]">UART2_Handler</a>&nbsp;&nbsp;&nbsp;&rArr;&nbsp;&nbsp;&nbsp;<a href="#[2d]">UART2_Handler</a><BR>
 <LI><a href="#[2e]">SSI1_Handler</a>&nbsp;&nbsp;&nbsp;&rArr;&nbsp;&nbsp;&nbsp;<a href="#[2e]">SSI1_Handler</a><BR>
 <LI><a href="#[2f]">TIMER3A_Handler</a>&nbsp;&nbsp;&nbsp;&rArr;&nbsp;&nbsp;&nbsp;<a href="#[2f]">TIMER3A_Handler</a><BR>
 <LI><a href="#[30]">TIMER3B_Handler</a>&nbsp;&nbsp;&nbsp;&rArr;&nbsp;&nbsp;&nbsp;<a href="#[30]">TIMER3B_Handler</a><BR>
 <LI><a href="#[31]">I2C1_Handler</a>&nbsp;&nbsp;&nbsp;&rArr;&nbsp;&nbsp;&nbsp;<a href="#[31]">I2C1_Handler</a><BR>
 <LI><a href="#[32]">CAN0_Handler</a>&nbsp;&nbsp;&nbsp;&rArr;&nbsp;&nbsp;&nbsp;<a href="#[32]">CAN0_Handler</a><BR>
 <LI><a href="#[33]">CAN1_Handler</a>&nbsp;&nbsp;&nbsp;&rArr;&nbsp;&nbsp;&nbsp;<a href="#[33]">CAN1_Handler</a><BR>
 <LI><a href="#[34]">ETH_Handler</a>&nbsp;&nbsp;&nbsp;&rArr;&nbsp;&nbsp;&nbsp;<a href="#[34]">ETH_Handler</a><BR>
 <LI><a href="#[35]">HIB_Handler</a>&nbsp;&nbsp;&nbsp;&rArr;&nbsp;&nbsp;&nbsp;<a href="#[35]">HIB_Handler</a><BR>
 <LI><a href="#[36]">USB0_Handler</a>&nbsp;&nbsp;&nbsp;&rArr;&nbsp;&nbsp;&nbsp;<a href="#[36]">USB0_Handler</a><BR>
 <LI><a href="#[37]">PWM0_3_Handler</a>&nbsp;&nbsp;&nbsp;&rArr;&nbsp;&nbsp;&nbsp;<a href="#[37]">PWM0_3_Handler</a><BR>
 <LI><a href="#[38]">UDMA_Handler</a>&nbsp;&nbsp;&nbsp;&rArr;&nbsp;&nbsp;&nbsp;<a href="#[38]">UDMA_Handler</a><BR>
 <LI><a href="#[39]">UDMAERR_Handler</a>&nbsp;&nbsp;&nbsp;&rArr;&nbsp;&nbsp;&nbsp;<a href="#[39]">UDMAERR_Handler</a><BR>
 <LI><a href="#[3a]">ADC1SS0_Handler</a>&nbsp;&nbsp;&nbsp;&rArr;&nbsp;&nbsp;&nbsp;<a href="#[3a]">ADC1SS0_Handler</a><BR>
 <LI><a href="#[3b]">ADC1SS1_Handler</a>&nbsp;&nbsp;&nbsp;&rArr;&nbsp;&nbsp;&nbsp;<a href="#[3b]">ADC1SS1_Handler</a><BR>
 <LI><a href="#[3c]">ADC1SS2_Handler</a>&nbsp;&nbsp;&nbsp;&rArr;&nbsp;&nbsp;&nbsp;<a href="#[3c]">ADC1SS2_Handler</a><BR>
 <LI><a href="#[3d]">ADC1SS3_Handler</a>&nbsp;&nbsp;&nbsp;&rArr;&nbsp;&nbsp;&nbsp;<a href="#[3d]">ADC1SS3_Handler</a><BR>
 <LI><a href="#[3e]">EBI0_Handler</a>&nbsp;&nbsp;&nbsp;&rArr;&nbsp;&nbsp;&nbsp;<a href="#[3e]">EBI0_Handler</a><BR>
 <LI><a href="#[3f]">GPIOJ_Handler</a>&nbsp;&nbsp;&nbsp;&rArr;&nbsp;&nbsp;&nbsp;<a href="#[3f]">GPIOJ_Handler</a><BR>
 <LI><a href="#[40]">GPIOK_Handler</a>&nbsp;&nbsp;&nbsp;&rArr;&nbsp;&nbsp;&nbsp;<a href="#[40]">GPIOK_Handler</a><BR>
 <LI><a href="#[41]">GPIOL_Handler</a>&nbsp;&nbsp;&nbsp;&rArr;&nbsp;&nbsp;&nbsp;<a href="#[41]">GPIOL_Handler</a><BR>
 <LI><a href="#[42]">SSI2_Handler</a>&nbsp;&nbsp;&nbsp;&rArr;&nbsp;&nbsp;&nbsp;<a href="#[42]">SSI2_Handler</a><BR>
 <LI><a href="#[43]">SSI3_Handler</a>&nbsp;&nbsp;&nbsp;&rArr;&nbsp;&nbsp;&nbsp;<a href="#[43]">SSI3_Handler</a><BR>
 <LI><a href="#[44]">UART3_Handler</a>&nbsp;&nbsp;&nbsp;&rArr;&nbsp;&nbsp;&nbsp;<a href="#[44]">UART3_Handler</a><BR>
 <LI><a href="#[45]">UART4_Handler</a>&nbsp;&nbsp;&nbsp;&rArr;&nbsp;&nbsp;&nbsp;<a href="#[45]">UART4_Handler</a><BR>
 <LI><a href="#[46]">UART5_Handler</a>&nbsp;&nbsp;&nbsp;&rArr;&nbsp;&nbsp;&nbsp;<a href="#[46]">UART5_Handler</a><BR>
 <LI><a href="#[47]">UART6_Handler</a>&nbsp;&nbsp;&nbsp;&rArr;&nbsp;&nbsp;&nbsp;<a href="#[47]">UART6_Handler</a><BR>
 <LI><a href="#[48]">UART7_Handler</a>&nbsp;&nbsp;&nbsp;&rArr;&nbsp;&nbsp;&nbsp;<a href="#[48]">UART7_Handler</a><BR>
 <LI><a href="#[49]">I2C2_Handler</a>&nbsp;&nbsp;&nbsp;&rArr;&nbsp;&nbsp;&nbsp;<a href="#[49]">I2C2_Handler</a><BR>
 <LI><a href="#[4a]">I2C3_Handler</a>&nbsp;&nbsp;&nbsp;&rArr;&nbsp;&nbsp;&nbsp;<a href="#[4a]">I2C3_Handler</a><BR>
 <LI><a href="#[4b]">TIMER4A_Handler</a>&nbsp;&nbsp;&nbsp;&rArr;&nbsp;&nbsp;&nbsp;<a href="#[4b]">TIMER4A_Handler</a><BR>
 <LI><a href="#[4c]">TIMER4B_Handler</a>&nbsp;&nbsp;&nbsp;&rArr;&nbsp;&nbsp;&nbsp;<a href="#[4c]">TIMER4B_Handler</a><BR>
 <LI><a href="#[4d]">TIMER5A_Handler</a>&nbsp;&nbsp;&nbsp;&rArr;&nbsp;&nbsp;&nbsp;<a href="#[4d]">TIMER5A_Handler</a><BR>
 <LI><a href="#[4e]">TIMER5B_Handler</a>&nbsp;&nbsp;&nbsp;&rArr;&nbsp;&nbsp;&nbsp;<a href="#[4e]">TIMER5B_Handler</a><BR>
 <LI><a href="#[4f]">FPU_Handler</a>&nbsp;&nbsp;&nbsp;&rArr;&nbsp;&nbsp;&nbsp;<a href="#[4f]">FPU_Handler</a><BR>
 <LI><a href="#[50]">I2C4_Handler</a>&nbsp;&nbsp;&nbsp;&rArr;&nbsp;&nbsp;&nbsp;<a href="#[50]">I2C4_Handler</a><BR>
 <LI><a href="#[51]">I2C5_Handler</a>&nbsp;&nbsp;&nbsp;&rArr;&nbsp;&nbsp;&nbsp;<a href="#[51]">I2C5_Handler</a><BR>
 <LI><a href="#[52]">GPIOM_Handler</a>&nbsp;&nbsp;&nbsp;&rArr;&nbsp;&nbsp;&nbsp;<a href="#[52]">GPIOM_Handler</a><BR>
 <LI><a href="#[53]">GPION_Handler</a>&nbsp;&nbsp;&nbsp;&rArr;&nbsp;&nbsp;&nbsp;<a href="#[53]">GPION_Handler</a><BR>
 <LI><a href="#[54]">TAMPER_Handler</a>&nbsp;&nbsp;&nbsp;&rArr;&nbsp;&nbsp;&nbsp;<a href="#[54]">TAMPER_Handler</a><BR>
 <LI><a href="#[55]">GPIOP0_Handler</a>&nbsp;&nbsp;&nbsp;&rArr;&nbsp;&nbsp;&nbsp;<a href="#[55]">GPIOP0_Handler</a><BR>
 <LI><a href="#[56]">GPIOP1_Handler</a>&nbsp;&nbsp;&nbsp;&rArr;&nbsp;&nbsp;&nbsp;<a href="#[56]">GPIOP1_Handler</a><BR>
 <LI><a href="#[57]">GPIOP2_Handler</a>&nbsp;&nbsp;&nbsp;&rArr;&nbsp;&nbsp;&nbsp;<a href="#[57]">GPIOP2_Handler</a><BR>
 <LI><a href="#[58]">GPIOP3_Handler</a>&nbsp;&nbsp;&nbsp;&rArr;&nbsp;&nbsp;&nbsp;<a href="#[58]">GPIOP3_Handler</a><BR>
 <LI><a href="#[59]">GPIOP4_Handler</a>&nbsp;&nbsp;&nbsp;&rArr;&nbsp;&nbsp;&nbsp;<a href="#[59]">GPIOP4_Handler</a><BR>
 <LI><a href="#[5a]">GPIOP5_Handler</a>&nbsp;&nbsp;&nbsp;&rArr;&nbsp;&nbsp;&nbsp;<a href="#[5a]">GPIOP5_Handler</a><BR>
 <LI><a href="#[5b]">GPIOP6_Handler</a>&nbsp;&nbsp;&nbsp;&rArr;&nbsp;&nbsp;&nbsp;<a href="#[5b]">GPIOP6_Handler</a><BR>
 <LI><a href="#[5c]">GPIOP7_Handler</a>&nbsp;&nbsp;&nbsp;&rArr;&nbsp;&nbsp;&nbsp;<a href="#[5c]">GPIOP7_Handler</a><BR>
 <LI><a href="#[5d]">GPIOQ0_Handler</a>&nbsp;&nbsp;&nbsp;&rArr;&nbsp;&nbsp;&nbsp;<a href="#[5d]">GPIOQ0_Handler</a><BR>
 <LI><a href="#[5e]">GPIOQ1_Handler</a>&nbsp;&nbsp;&nbsp;&rArr;&nbsp;&nbsp;&nbsp;<a href="#[5e]">GPIOQ1_Handler</a><BR>
 <LI><a href="#[5f]">GPIOQ2_Handler</a>&nbsp;&nbsp;&nbsp;&rArr;&nbsp;&nbsp;&nbsp;<a href="#[5f]">GPIOQ2_Handler</a><BR>
 <LI><a href="#[60]">GPIOQ3_Handler</a>&nbsp;&nbsp;&nbsp;&rArr;&nbsp;&nbsp;&nbsp;<a href="#[60]">GPIOQ3_Handler</a><BR>
 <LI><a href="#[61]">GPIOQ4_Handler</a>&nbsp;&nbsp;&nbsp;&rArr;&nbsp;&nbsp;&nbsp;<a href="#[61]">GPIOQ4_Handler</a><BR>
 <LI><a href="#[62]">GPIOQ5_Handler</a>&nbsp;&nbsp;&nbsp;&rArr;&nbsp;&nbsp;&nbsp;<a href="#[62]">GPIOQ5_Handler</a><BR>
 <LI><a href="#[63]">GPIOQ6_Handler</a>&nbsp;&nbsp;&nbsp;&rArr;&nbsp;&nbsp;&nbsp;<a href="#[63]">GPIOQ6_Handler</a><BR>
 <LI><a href="#[64]">GPIOQ7_Handler</a>&nbsp;&nbsp;&nbsp;&rArr;&nbsp;&nbsp;&nbsp;<a href="#[64]">GPIOQ7_Handler</a><BR>
 <LI><a href="#[65]">GPIOR_Handler</a>&nbsp;&nbsp;&nbsp;&rArr;&nbsp;&nbsp;&nbsp;<a href="#[65]">GPIOR_Handler</a><BR>
 <LI><a href="#[66]">GPIOS_Handler</a>&nbsp;&nbsp;&nbsp;&rArr;&nbsp;&nbsp;&nbsp;<a href="#[66]">GPIOS_Handler</a><BR>
 <LI><a href="#[67]">SHAMD5_Handler</a>&nbsp;&nbsp;&nbsp;&rArr;&nbsp;&nbsp;&nbsp;<a href="#[67]">SHAMD5_Handler</a><BR>
 <LI><a href="#[68]">AES_Handler</a>&nbsp;&nbsp;&nbsp;&rArr;&nbsp;&nbsp;&nbsp;<a href="#[68]">AES_Handler</a><BR>
 <LI><a href="#[69]">DES3DES_Handler</a>&nbsp;&nbsp;&nbsp;&rArr;&nbsp;&nbsp;&nbsp;<a href="#[69]">DES3DES_Handler</a><BR>
 <LI><a href="#[6a]">LCDCONTROLLER_Handler</a>&nbsp;&nbsp;&nbsp;&rArr;&nbsp;&nbsp;&nbsp;<a href="#[6a]">LCDCONTROLLER_Handler</a><BR>
 <LI><a href="#[6b]">TIMER6A_Handler</a>&nbsp;&nbsp;&nbsp;&rArr;&nbsp;&nbsp;&nbsp;<a href="#[6b]">TIMER6A_Handler</a><BR>
 <LI><a href="#[6c]">TIMER6B_Handler</a>&nbsp;&nbsp;&nbsp;&rArr;&nbsp;&nbsp;&nbsp;<a href="#[6c]">TIMER6B_Handler</a><BR>
 <LI><a href="#[6d]">TIMER7A_Handler</a>&nbsp;&nbsp;&nbsp;&rArr;&nbsp;&nbsp;&nbsp;<a href="#[6d]">TIMER7A_Handler</a><BR>
 <LI><a href="#[6e]">TIMER7B_Handler</a>&nbsp;&nbsp;&nbsp;&rArr;&nbsp;&nbsp;&nbsp;<a href="#[6e]">TIMER7B_Handler</a><BR>
 <LI><a href="#[6f]">I2C6_Handler</a>&nbsp;&nbsp;&nbsp;&rArr;&nbsp;&nbsp;&nbsp;<a href="#[6f]">I2C6_Handler</a><BR>
 <LI><a href="#[70]">I2C7_Handler</a>&nbsp;&nbsp;&nbsp;&rArr;&nbsp;&nbsp;&nbsp;<a href="#[70]">I2C7_Handler</a><BR>
 <LI><a href="#[71]">HIMSCANKEYBOARD_Handler</a>&nbsp;&nbsp;&nbsp;&rArr;&nbsp;&nbsp;&nbsp;<a href="#[71]">HIMSCANKEYBOARD_Handler</a><BR>
 <LI><a href="#[72]">ONEWIRE_Handler</a>&nbsp;&nbsp;&nbsp;&rArr;&nbsp;&nbsp;&nbsp;<a href="#[72]">ONEWIRE_Handler</a><BR>
 <LI><a href="#[73]">HIMPS2_Handler</a>&nbsp;&nbsp;&nbsp;&rArr;&nbsp;&nbsp;&nbsp;<a href="#[73]">HIMPS2_Handler</a><BR>
 <LI><a href="#[74]">HIMLEDSEQUENCER_Handler</a>&nbsp;&nbsp;&nbsp;&rArr;&nbsp;&nbsp;&nbsp;<a href="#[74]">HIMLEDSEQUENCER_Handler</a><BR>
 <LI><a href="#[75]">HIMCONSUMERIR_Handler</a>&nbsp;&nbsp;&nbsp;&rArr;&nbsp;&nbsp;&nbsp;<a href="#[75]">HIMCONSUMERIR_Handler</a><BR>
 <LI><a href="#[76]">I2C8_Handler</a>&nbsp;&nbsp;&nbsp;&rArr;&nbsp;&nbsp;&nbsp;<a href="#[76]">I2C8_Handler</a><BR>
 <LI><a href="#[77]">I2C9_Handler</a>&nbsp;&nbsp;&nbsp;&rArr;&nbsp;&nbsp;&nbsp;<a href="#[77]">I2C9_Handler</a><BR>
 <LI><a href="#[78]">GPIOT_Handler</a>&nbsp;&nbsp;&nbsp;&rArr;&nbsp;&nbsp;&nbsp;<a href="#[78]">GPIOT_Handler</a><BR>
 <LI><a href="#[d7]">UARTCharGet</a>&nbsp;&nbsp;&nbsp;&rArr;&nbsp;&nbsp;&nbsp;<a href="#[d7]">UARTCharGet</a><BR>
 <LI><a href="#[da]">UARTCharPut</a>&nbsp;&nbsp;&nbsp;&rArr;&nbsp;&nbsp;&nbsp;<a href="#[da]">UARTCharPut</a><BR>
 <LI><a href="#[db]">UARTConfigSetExpClk</a>&nbsp;&nbsp;&nbsp;&rArr;&nbsp;&nbsp;&nbsp;<a href="#[db]">UARTConfigSetExpClk</a><BR>
</UL>
<P>
<H3>
Function Pointers
</H3><UL>
 <LI><a href="#[1a]">ADC0SS0_Handler</a> from startup_tm4c129.o(.text) referenced from startup_tm4c129.o(RESET)
 <LI><a href="#[1b]">ADC0SS1_Handler</a> from startup_tm4c129.o(.text) referenced from startup_tm4c129.o(RESET)
 <LI><a href="#[1c]">ADC0SS2_Handler</a> from startup_tm4c129.o(.text) referenced from startup_tm4c129.o(RESET)
 <LI><a href="#[1d]">ADC0SS3_Handler</a> from startup_tm4c129.o(.text) referenced from startup_tm4c129.o(RESET)
 <LI><a href="#[3a]">ADC1SS0_Handler</a> from startup_tm4c129.o(.text) referenced from startup_tm4c129.o(RESET)
 <LI><a href="#[3b]">ADC1SS1_Handler</a> from startup_tm4c129.o(.text) referenced from startup_tm4c129.o(RESET)
 <LI><a href="#[3c]">ADC1SS2_Handler</a> from startup_tm4c129.o(.text) referenced from startup_tm4c129.o(RESET)
 <LI><a href="#[3d]">ADC1SS3_Handler</a> from startup_tm4c129.o(.text) referenced from startup_tm4c129.o(RESET)
 <LI><a href="#[68]">AES_Handler</a> from startup_tm4c129.o(.text) referenced from startup_tm4c129.o(RESET)
 <LI><a href="#[6]">BusFault_Handler</a> from startup_tm4c129.o(.text) referenced from startup_tm4c129.o(RESET)
 <LI><a href="#[32]">CAN0_Handler</a> from startup_tm4c129.o(.text) referenced from startup_tm4c129.o(RESET)
 <LI><a href="#[33]">CAN1_Handler</a> from startup_tm4c129.o(.text) referenced from startup_tm4c129.o(RESET)
 <LI><a href="#[25]">COMP0_Handler</a> from startup_tm4c129.o(.text) referenced from startup_tm4c129.o(RESET)
 <LI><a href="#[26]">COMP1_Handler</a> from startup_tm4c129.o(.text) referenced from startup_tm4c129.o(RESET)
 <LI><a href="#[27]">COMP2_Handler</a> from startup_tm4c129.o(.text) referenced from startup_tm4c129.o(RESET)
 <LI><a href="#[69]">DES3DES_Handler</a> from startup_tm4c129.o(.text) referenced from startup_tm4c129.o(RESET)
 <LI><a href="#[9]">DebugMon_Handler</a> from startup_tm4c129.o(.text) referenced from startup_tm4c129.o(RESET)
 <LI><a href="#[3e]">EBI0_Handler</a> from startup_tm4c129.o(.text) referenced from startup_tm4c129.o(RESET)
 <LI><a href="#[34]">ETH_Handler</a> from startup_tm4c129.o(.text) referenced from startup_tm4c129.o(RESET)
 <LI><a href="#[29]">FLASH_Handler</a> from startup_tm4c129.o(.text) referenced from startup_tm4c129.o(RESET)
 <LI><a href="#[4f]">FPU_Handler</a> from startup_tm4c129.o(.text) referenced from startup_tm4c129.o(RESET)
 <LI><a href="#[c]">GPIOA_Handler</a> from startup_tm4c129.o(.text) referenced from startup_tm4c129.o(RESET)
 <LI><a href="#[d]">GPIOB_Handler</a> from startup_tm4c129.o(.text) referenced from startup_tm4c129.o(RESET)
 <LI><a href="#[e]">GPIOC_Handler</a> from startup_tm4c129.o(.text) referenced from startup_tm4c129.o(RESET)
 <LI><a href="#[f]">GPIOD_Handler</a> from startup_tm4c129.o(.text) referenced from startup_tm4c129.o(RESET)
 <LI><a href="#[10]">GPIOE_Handler</a> from startup_tm4c129.o(.text) referenced from startup_tm4c129.o(RESET)
 <LI><a href="#[2a]">GPIOF_Handler</a> from startup_tm4c129.o(.text) referenced from startup_tm4c129.o(RESET)
 <LI><a href="#[2b]">GPIOG_Handler</a> from startup_tm4c129.o(.text) referenced from startup_tm4c129.o(RESET)
 <LI><a href="#[2c]">GPIOH_Handler</a> from startup_tm4c129.o(.text) referenced from startup_tm4c129.o(RESET)
 <LI><a href="#[3f]">GPIOJ_Handler</a> from startup_tm4c129.o(.text) referenced from startup_tm4c129.o(RESET)
 <LI><a href="#[40]">GPIOK_Handler</a> from startup_tm4c129.o(.text) referenced from startup_tm4c129.o(RESET)
 <LI><a href="#[41]">GPIOL_Handler</a> from startup_tm4c129.o(.text) referenced from startup_tm4c129.o(RESET)
 <LI><a href="#[52]">GPIOM_Handler</a> from startup_tm4c129.o(.text) referenced from startup_tm4c129.o(RESET)
 <LI><a href="#[53]">GPION_Handler</a> from startup_tm4c129.o(.text) referenced from startup_tm4c129.o(RESET)
 <LI><a href="#[55]">GPIOP0_Handler</a> from startup_tm4c129.o(.text) referenced from startup_tm4c129.o(RESET)
 <LI><a href="#[56]">GPIOP1_Handler</a> from startup_tm4c129.o(.text) referenced from startup_tm4c129.o(RESET)
 <LI><a href="#[57]">GPIOP2_Handler</a> from startup_tm4c129.o(.text) referenced from startup_tm4c129.o(RESET)
 <LI><a href="#[58]">GPIOP3_Handler</a> from startup_tm4c129.o(.text) referenced from startup_tm4c129.o(RESET)
 <LI><a href="#[59]">GPIOP4_Handler</a> from startup_tm4c129.o(.text) referenced from startup_tm4c129.o(RESET)
 <LI><a href="#[5a]">GPIOP5_Handler</a> from startup_tm4c129.o(.text) referenced from startup_tm4c129.o(RESET)
 <LI><a href="#[5b]">GPIOP6_Handler</a> from startup_tm4c129.o(.text) referenced from startup_tm4c129.o(RESET)
 <LI><a href="#[5c]">GPIOP7_Handler</a> from startup_tm4c129.o(.text) referenced from startup_tm4c129.o(RESET)
 <LI><a href="#[7b]">GPIOPortLIntHandler</a> from button_control.o(i.GPIOPortLIntHandler) referenced from button_control.o(i.Button_Init)
 <LI><a href="#[5d]">GPIOQ0_Handler</a> from startup_tm4c129.o(.text) referenced from startup_tm4c129.o(RESET)
 <LI><a href="#[5e]">GPIOQ1_Handler</a> from startup_tm4c129.o(.text) referenced from startup_tm4c129.o(RESET)
 <LI><a href="#[5f]">GPIOQ2_Handler</a> from startup_tm4c129.o(.text) referenced from startup_tm4c129.o(RESET)
 <LI><a href="#[60]">GPIOQ3_Handler</a> from startup_tm4c129.o(.text) referenced from startup_tm4c129.o(RESET)
 <LI><a href="#[61]">GPIOQ4_Handler</a> from startup_tm4c129.o(.text) referenced from startup_tm4c129.o(RESET)
 <LI><a href="#[62]">GPIOQ5_Handler</a> from startup_tm4c129.o(.text) referenced from startup_tm4c129.o(RESET)
 <LI><a href="#[63]">GPIOQ6_Handler</a> from startup_tm4c129.o(.text) referenced from startup_tm4c129.o(RESET)
 <LI><a href="#[64]">GPIOQ7_Handler</a> from startup_tm4c129.o(.text) referenced from startup_tm4c129.o(RESET)
 <LI><a href="#[65]">GPIOR_Handler</a> from startup_tm4c129.o(.text) referenced from startup_tm4c129.o(RESET)
 <LI><a href="#[66]">GPIOS_Handler</a> from startup_tm4c129.o(.text) referenced from startup_tm4c129.o(RESET)
 <LI><a href="#[78]">GPIOT_Handler</a> from startup_tm4c129.o(.text) referenced from startup_tm4c129.o(RESET)
 <LI><a href="#[35]">HIB_Handler</a> from startup_tm4c129.o(.text) referenced from startup_tm4c129.o(RESET)
 <LI><a href="#[75]">HIMCONSUMERIR_Handler</a> from startup_tm4c129.o(.text) referenced from startup_tm4c129.o(RESET)
 <LI><a href="#[74]">HIMLEDSEQUENCER_Handler</a> from startup_tm4c129.o(.text) referenced from startup_tm4c129.o(RESET)
 <LI><a href="#[73]">HIMPS2_Handler</a> from startup_tm4c129.o(.text) referenced from startup_tm4c129.o(RESET)
 <LI><a href="#[71]">HIMSCANKEYBOARD_Handler</a> from startup_tm4c129.o(.text) referenced from startup_tm4c129.o(RESET)
 <LI><a href="#[4]">HardFault_Handler</a> from startup_tm4c129.o(.text) referenced from startup_tm4c129.o(RESET)
 <LI><a href="#[14]">I2C0_Handler</a> from startup_tm4c129.o(.text) referenced from startup_tm4c129.o(RESET)
 <LI><a href="#[31]">I2C1_Handler</a> from startup_tm4c129.o(.text) referenced from startup_tm4c129.o(RESET)
 <LI><a href="#[49]">I2C2_Handler</a> from startup_tm4c129.o(.text) referenced from startup_tm4c129.o(RESET)
 <LI><a href="#[4a]">I2C3_Handler</a> from startup_tm4c129.o(.text) referenced from startup_tm4c129.o(RESET)
 <LI><a href="#[50]">I2C4_Handler</a> from startup_tm4c129.o(.text) referenced from startup_tm4c129.o(RESET)
 <LI><a href="#[51]">I2C5_Handler</a> from startup_tm4c129.o(.text) referenced from startup_tm4c129.o(RESET)
 <LI><a href="#[6f]">I2C6_Handler</a> from startup_tm4c129.o(.text) referenced from startup_tm4c129.o(RESET)
 <LI><a href="#[70]">I2C7_Handler</a> from startup_tm4c129.o(.text) referenced from startup_tm4c129.o(RESET)
 <LI><a href="#[76]">I2C8_Handler</a> from startup_tm4c129.o(.text) referenced from startup_tm4c129.o(RESET)
 <LI><a href="#[77]">I2C9_Handler</a> from startup_tm4c129.o(.text) referenced from startup_tm4c129.o(RESET)
 <LI><a href="#[6a]">LCDCONTROLLER_Handler</a> from startup_tm4c129.o(.text) referenced from startup_tm4c129.o(RESET)
 <LI><a href="#[5]">MemManage_Handler</a> from startup_tm4c129.o(.text) referenced from startup_tm4c129.o(RESET)
 <LI><a href="#[3]">NMI_Handler</a> from startup_tm4c129.o(.text) referenced from startup_tm4c129.o(RESET)
 <LI><a href="#[72]">ONEWIRE_Handler</a> from startup_tm4c129.o(.text) referenced from startup_tm4c129.o(RESET)
 <LI><a href="#[15]">PMW0_FAULT_Handler</a> from startup_tm4c129.o(.text) referenced from startup_tm4c129.o(RESET)
 <LI><a href="#[16]">PWM0_0_Handler</a> from startup_tm4c129.o(.text) referenced from startup_tm4c129.o(RESET)
 <LI><a href="#[17]">PWM0_1_Handler</a> from startup_tm4c129.o(.text) referenced from startup_tm4c129.o(RESET)
 <LI><a href="#[18]">PWM0_2_Handler</a> from startup_tm4c129.o(.text) referenced from startup_tm4c129.o(RESET)
 <LI><a href="#[37]">PWM0_3_Handler</a> from startup_tm4c129.o(.text) referenced from startup_tm4c129.o(RESET)
 <LI><a href="#[a]">PendSV_Handler</a> from startup_tm4c129.o(.text) referenced from startup_tm4c129.o(RESET)
 <LI><a href="#[19]">QEI0_Handler</a> from startup_tm4c129.o(.text) referenced from startup_tm4c129.o(RESET)
 <LI><a href="#[2]">Reset_Handler</a> from startup_tm4c129.o(.text) referenced from startup_tm4c129.o(RESET)
 <LI><a href="#[67]">SHAMD5_Handler</a> from startup_tm4c129.o(.text) referenced from startup_tm4c129.o(RESET)
 <LI><a href="#[13]">SSI0_Handler</a> from startup_tm4c129.o(.text) referenced from startup_tm4c129.o(RESET)
 <LI><a href="#[2e]">SSI1_Handler</a> from startup_tm4c129.o(.text) referenced from startup_tm4c129.o(RESET)
 <LI><a href="#[42]">SSI2_Handler</a> from startup_tm4c129.o(.text) referenced from startup_tm4c129.o(RESET)
 <LI><a href="#[43]">SSI3_Handler</a> from startup_tm4c129.o(.text) referenced from startup_tm4c129.o(RESET)
 <LI><a href="#[8]">SVC_Handler</a> from startup_tm4c129.o(.text) referenced from startup_tm4c129.o(RESET)
 <LI><a href="#[28]">SYSCTL_Handler</a> from startup_tm4c129.o(.text) referenced from startup_tm4c129.o(RESET)
 <LI><a href="#[7c]">SysTickIntHandler</a> from delay.o(i.SysTickIntHandler) referenced from delay.o(i.delay_Init)
 <LI><a href="#[b]">SysTick_Handler</a> from startup_tm4c129.o(.text) referenced from startup_tm4c129.o(RESET)
 <LI><a href="#[79]">SystemInit</a> from system_tm4c129.o(i.SystemInit) referenced from startup_tm4c129.o(.text)
 <LI><a href="#[54]">TAMPER_Handler</a> from startup_tm4c129.o(.text) referenced from startup_tm4c129.o(RESET)
 <LI><a href="#[1f]">TIMER0A_Handler</a> from startup_tm4c129.o(.text) referenced from startup_tm4c129.o(RESET)
 <LI><a href="#[20]">TIMER0B_Handler</a> from startup_tm4c129.o(.text) referenced from startup_tm4c129.o(RESET)
 <LI><a href="#[21]">TIMER1A_Handler</a> from startup_tm4c129.o(.text) referenced from startup_tm4c129.o(RESET)
 <LI><a href="#[22]">TIMER1B_Handler</a> from startup_tm4c129.o(.text) referenced from startup_tm4c129.o(RESET)
 <LI><a href="#[23]">TIMER2A_Handler</a> from startup_tm4c129.o(.text) referenced from startup_tm4c129.o(RESET)
 <LI><a href="#[24]">TIMER2B_Handler</a> from startup_tm4c129.o(.text) referenced from startup_tm4c129.o(RESET)
 <LI><a href="#[2f]">TIMER3A_Handler</a> from startup_tm4c129.o(.text) referenced from startup_tm4c129.o(RESET)
 <LI><a href="#[30]">TIMER3B_Handler</a> from startup_tm4c129.o(.text) referenced from startup_tm4c129.o(RESET)
 <LI><a href="#[4b]">TIMER4A_Handler</a> from startup_tm4c129.o(.text) referenced from startup_tm4c129.o(RESET)
 <LI><a href="#[4c]">TIMER4B_Handler</a> from startup_tm4c129.o(.text) referenced from startup_tm4c129.o(RESET)
 <LI><a href="#[4d]">TIMER5A_Handler</a> from startup_tm4c129.o(.text) referenced from startup_tm4c129.o(RESET)
 <LI><a href="#[4e]">TIMER5B_Handler</a> from startup_tm4c129.o(.text) referenced from startup_tm4c129.o(RESET)
 <LI><a href="#[6b]">TIMER6A_Handler</a> from startup_tm4c129.o(.text) referenced from startup_tm4c129.o(RESET)
 <LI><a href="#[6c]">TIMER6B_Handler</a> from startup_tm4c129.o(.text) referenced from startup_tm4c129.o(RESET)
 <LI><a href="#[6d]">TIMER7A_Handler</a> from startup_tm4c129.o(.text) referenced from startup_tm4c129.o(RESET)
 <LI><a href="#[6e]">TIMER7B_Handler</a> from startup_tm4c129.o(.text) referenced from startup_tm4c129.o(RESET)
 <LI><a href="#[11]">UART0_Handler</a> from startup_tm4c129.o(.text) referenced from startup_tm4c129.o(RESET)
 <LI><a href="#[12]">UART1_Handler</a> from uart_driver.o(i.UART1_Handler) referenced from startup_tm4c129.o(RESET)
 <LI><a href="#[12]">UART1_Handler</a> from uart_driver.o(i.UART1_Handler) referenced from uart_driver.o(i.UART_Init)
 <LI><a href="#[2d]">UART2_Handler</a> from startup_tm4c129.o(.text) referenced from startup_tm4c129.o(RESET)
 <LI><a href="#[44]">UART3_Handler</a> from startup_tm4c129.o(.text) referenced from startup_tm4c129.o(RESET)
 <LI><a href="#[45]">UART4_Handler</a> from startup_tm4c129.o(.text) referenced from startup_tm4c129.o(RESET)
 <LI><a href="#[46]">UART5_Handler</a> from startup_tm4c129.o(.text) referenced from startup_tm4c129.o(RESET)
 <LI><a href="#[47]">UART6_Handler</a> from startup_tm4c129.o(.text) referenced from startup_tm4c129.o(RESET)
 <LI><a href="#[48]">UART7_Handler</a> from startup_tm4c129.o(.text) referenced from startup_tm4c129.o(RESET)
 <LI><a href="#[7d]">UARTReceived_Callback</a> from main.o(i.UARTReceived_Callback) referenced from main.o(i.main)
 <LI><a href="#[39]">UDMAERR_Handler</a> from startup_tm4c129.o(.text) referenced from startup_tm4c129.o(RESET)
 <LI><a href="#[38]">UDMA_Handler</a> from startup_tm4c129.o(.text) referenced from startup_tm4c129.o(RESET)
 <LI><a href="#[36]">USB0_Handler</a> from startup_tm4c129.o(.text) referenced from startup_tm4c129.o(RESET)
 <LI><a href="#[7]">UsageFault_Handler</a> from startup_tm4c129.o(.text) referenced from startup_tm4c129.o(RESET)
 <LI><a href="#[1e]">WDT0_Handler</a> from startup_tm4c129.o(.text) referenced from startup_tm4c129.o(RESET)
 <LI><a href="#[7e]">__main</a> from __main.o(!!!main) referenced from startup_tm4c129.o(.text)
</UL>
<P>
<H3>
Global Symbols
</H3>
<P><STRONG><a name="[7e]"></a>__main</STRONG> (Thumb, 8 bytes, Stack size 0 bytes, __main.o(!!!main))
<BR><BR>[Calls]<UL><LI><a href="#[80]">&gt;&gt;</a>&nbsp;&nbsp;&nbsp;__rt_entry
<LI><a href="#[7f]">&gt;&gt;</a>&nbsp;&nbsp;&nbsp;__scatterload
</UL>

<P><STRONG><a name="[7f]"></a>__scatterload</STRONG> (Thumb, 0 bytes, Stack size unknown bytes, __scatter.o(!!!scatter))
<BR><BR>[Called By]<UL><LI><a href="#[7e]">&gt;&gt;</a>&nbsp;&nbsp;&nbsp;__main
</UL>

<P><STRONG><a name="[81]"></a>__scatterload_rt2</STRONG> (Thumb, 44 bytes, Stack size unknown bytes, __scatter.o(!!!scatter), UNUSED)
<BR><BR>[Calls]<UL><LI><a href="#[80]">&gt;&gt;</a>&nbsp;&nbsp;&nbsp;__rt_entry
</UL>

<P><STRONG><a name="[ec]"></a>__scatterload_rt2_thumb_only</STRONG> (Thumb, 0 bytes, Stack size unknown bytes, __scatter.o(!!!scatter), UNUSED)

<P><STRONG><a name="[ed]"></a>__scatterload_null</STRONG> (Thumb, 0 bytes, Stack size unknown bytes, __scatter.o(!!!scatter), UNUSED)

<P><STRONG><a name="[ee]"></a>__decompress</STRONG> (Thumb, 90 bytes, Stack size unknown bytes, __dczerorl2.o(!!dczerorl2), UNUSED)

<P><STRONG><a name="[ef]"></a>__decompress1</STRONG> (Thumb, 0 bytes, Stack size unknown bytes, __dczerorl2.o(!!dczerorl2), UNUSED)

<P><STRONG><a name="[f0]"></a>__scatterload_zeroinit</STRONG> (Thumb, 28 bytes, Stack size unknown bytes, __scatter_zi.o(!!handler_zi), UNUSED)

<P><STRONG><a name="[87]"></a>__rt_lib_init</STRONG> (Thumb, 0 bytes, Stack size unknown bytes, libinit.o(.ARM.Collect$$libinit$$00000000))
<BR><BR>[Called By]<UL><LI><a href="#[86]">&gt;&gt;</a>&nbsp;&nbsp;&nbsp;__rt_entry_li
</UL>

<P><STRONG><a name="[82]"></a>__rt_lib_init_fp_1</STRONG> (Thumb, 0 bytes, Stack size unknown bytes, libinit2.o(.ARM.Collect$$libinit$$00000001))
<BR><BR>[Calls]<UL><LI><a href="#[83]">&gt;&gt;</a>&nbsp;&nbsp;&nbsp;_fp_init
</UL>

<P><STRONG><a name="[f1]"></a>__rt_lib_init_alloca_1</STRONG> (Thumb, 0 bytes, Stack size unknown bytes, libinit2.o(.ARM.Collect$$libinit$$0000002C))

<P><STRONG><a name="[f2]"></a>__rt_lib_init_argv_1</STRONG> (Thumb, 0 bytes, Stack size unknown bytes, libinit2.o(.ARM.Collect$$libinit$$0000002A))

<P><STRONG><a name="[f3]"></a>__rt_lib_init_atexit_1</STRONG> (Thumb, 0 bytes, Stack size unknown bytes, libinit2.o(.ARM.Collect$$libinit$$00000019))

<P><STRONG><a name="[f4]"></a>__rt_lib_init_clock_1</STRONG> (Thumb, 0 bytes, Stack size unknown bytes, libinit2.o(.ARM.Collect$$libinit$$0000001F))

<P><STRONG><a name="[f5]"></a>__rt_lib_init_cpp_1</STRONG> (Thumb, 0 bytes, Stack size unknown bytes, libinit2.o(.ARM.Collect$$libinit$$00000030))

<P><STRONG><a name="[f6]"></a>__rt_lib_init_exceptions_1</STRONG> (Thumb, 0 bytes, Stack size unknown bytes, libinit2.o(.ARM.Collect$$libinit$$0000002E))

<P><STRONG><a name="[f7]"></a>__rt_lib_init_fp_trap_1</STRONG> (Thumb, 0 bytes, Stack size unknown bytes, libinit2.o(.ARM.Collect$$libinit$$0000001D))

<P><STRONG><a name="[f8]"></a>__rt_lib_init_getenv_1</STRONG> (Thumb, 0 bytes, Stack size unknown bytes, libinit2.o(.ARM.Collect$$libinit$$00000021))

<P><STRONG><a name="[f9]"></a>__rt_lib_init_heap_1</STRONG> (Thumb, 0 bytes, Stack size unknown bytes, libinit2.o(.ARM.Collect$$libinit$$00000008))

<P><STRONG><a name="[fa]"></a>__rt_lib_init_lc_collate_1</STRONG> (Thumb, 0 bytes, Stack size unknown bytes, libinit2.o(.ARM.Collect$$libinit$$0000000F))

<P><STRONG><a name="[fb]"></a>__rt_lib_init_lc_ctype_1</STRONG> (Thumb, 0 bytes, Stack size unknown bytes, libinit2.o(.ARM.Collect$$libinit$$00000011))

<P><STRONG><a name="[fc]"></a>__rt_lib_init_lc_monetary_1</STRONG> (Thumb, 0 bytes, Stack size unknown bytes, libinit2.o(.ARM.Collect$$libinit$$00000013))

<P><STRONG><a name="[fd]"></a>__rt_lib_init_lc_numeric_1</STRONG> (Thumb, 0 bytes, Stack size unknown bytes, libinit2.o(.ARM.Collect$$libinit$$00000015))

<P><STRONG><a name="[fe]"></a>__rt_lib_init_lc_time_1</STRONG> (Thumb, 0 bytes, Stack size unknown bytes, libinit2.o(.ARM.Collect$$libinit$$00000017))

<P><STRONG><a name="[ff]"></a>__rt_lib_init_rand_1</STRONG> (Thumb, 0 bytes, Stack size unknown bytes, libinit2.o(.ARM.Collect$$libinit$$0000000C))

<P><STRONG><a name="[100]"></a>__rt_lib_init_return</STRONG> (Thumb, 0 bytes, Stack size unknown bytes, libinit2.o(.ARM.Collect$$libinit$$00000031))

<P><STRONG><a name="[101]"></a>__rt_lib_init_signal_1</STRONG> (Thumb, 0 bytes, Stack size unknown bytes, libinit2.o(.ARM.Collect$$libinit$$0000001B))

<P><STRONG><a name="[102]"></a>__rt_lib_init_stdio_1</STRONG> (Thumb, 0 bytes, Stack size unknown bytes, libinit2.o(.ARM.Collect$$libinit$$00000023))

<P><STRONG><a name="[103]"></a>__rt_lib_init_user_alloc_1</STRONG> (Thumb, 0 bytes, Stack size unknown bytes, libinit2.o(.ARM.Collect$$libinit$$0000000A))

<P><STRONG><a name="[8c]"></a>__rt_lib_shutdown</STRONG> (Thumb, 0 bytes, Stack size unknown bytes, libshutdown.o(.ARM.Collect$$libshutdown$$00000000))
<BR><BR>[Called By]<UL><LI><a href="#[8b]">&gt;&gt;</a>&nbsp;&nbsp;&nbsp;__rt_exit_ls
</UL>

<P><STRONG><a name="[104]"></a>__rt_lib_shutdown_fp_trap_1</STRONG> (Thumb, 0 bytes, Stack size unknown bytes, libshutdown2.o(.ARM.Collect$$libshutdown$$00000006))

<P><STRONG><a name="[105]"></a>__rt_lib_shutdown_heap_1</STRONG> (Thumb, 0 bytes, Stack size unknown bytes, libshutdown2.o(.ARM.Collect$$libshutdown$$0000000E))

<P><STRONG><a name="[106]"></a>__rt_lib_shutdown_return</STRONG> (Thumb, 0 bytes, Stack size unknown bytes, libshutdown2.o(.ARM.Collect$$libshutdown$$0000000F))

<P><STRONG><a name="[107]"></a>__rt_lib_shutdown_signal_1</STRONG> (Thumb, 0 bytes, Stack size unknown bytes, libshutdown2.o(.ARM.Collect$$libshutdown$$00000009))

<P><STRONG><a name="[108]"></a>__rt_lib_shutdown_stdio_1</STRONG> (Thumb, 0 bytes, Stack size unknown bytes, libshutdown2.o(.ARM.Collect$$libshutdown$$00000003))

<P><STRONG><a name="[109]"></a>__rt_lib_shutdown_user_alloc_1</STRONG> (Thumb, 0 bytes, Stack size unknown bytes, libshutdown2.o(.ARM.Collect$$libshutdown$$0000000B))

<P><STRONG><a name="[80]"></a>__rt_entry</STRONG> (Thumb, 0 bytes, Stack size unknown bytes, rtentry.o(.ARM.Collect$$rtentry$$00000000))
<BR><BR>[Called By]<UL><LI><a href="#[7e]">&gt;&gt;</a>&nbsp;&nbsp;&nbsp;__main
<LI><a href="#[81]">&gt;&gt;</a>&nbsp;&nbsp;&nbsp;__scatterload_rt2
</UL>

<P><STRONG><a name="[10a]"></a>__rt_entry_presh_1</STRONG> (Thumb, 0 bytes, Stack size unknown bytes, rtentry2.o(.ARM.Collect$$rtentry$$00000002))

<P><STRONG><a name="[84]"></a>__rt_entry_sh</STRONG> (Thumb, 0 bytes, Stack size unknown bytes, rtentry4.o(.ARM.Collect$$rtentry$$00000004))
<BR><BR>[Stack]<UL><LI>Max Depth = 8 + Unknown Stack Size
<LI>Call Chain = __rt_entry_sh &rArr; __user_setup_stackheap
</UL>
<BR>[Calls]<UL><LI><a href="#[85]">&gt;&gt;</a>&nbsp;&nbsp;&nbsp;__user_setup_stackheap
</UL>

<P><STRONG><a name="[86]"></a>__rt_entry_li</STRONG> (Thumb, 0 bytes, Stack size unknown bytes, rtentry2.o(.ARM.Collect$$rtentry$$0000000A))
<BR><BR>[Calls]<UL><LI><a href="#[87]">&gt;&gt;</a>&nbsp;&nbsp;&nbsp;__rt_lib_init
</UL>

<P><STRONG><a name="[10b]"></a>__rt_entry_postsh_1</STRONG> (Thumb, 0 bytes, Stack size unknown bytes, rtentry2.o(.ARM.Collect$$rtentry$$00000009))

<P><STRONG><a name="[88]"></a>__rt_entry_main</STRONG> (Thumb, 0 bytes, Stack size unknown bytes, rtentry2.o(.ARM.Collect$$rtentry$$0000000D))
<BR><BR>[Stack]<UL><LI>Max Depth = 152 + Unknown Stack Size
<LI>Call Chain = __rt_entry_main &rArr; main &rArr; UARTprintf &rArr; UARTvprintf &rArr; UARTwrite
</UL>
<BR>[Calls]<UL><LI><a href="#[89]">&gt;&gt;</a>&nbsp;&nbsp;&nbsp;main
<LI><a href="#[8a]">&gt;&gt;</a>&nbsp;&nbsp;&nbsp;exit
</UL>

<P><STRONG><a name="[10c]"></a>__rt_entry_postli_1</STRONG> (Thumb, 0 bytes, Stack size unknown bytes, rtentry2.o(.ARM.Collect$$rtentry$$0000000C))

<P><STRONG><a name="[9d]"></a>__rt_exit</STRONG> (Thumb, 0 bytes, Stack size unknown bytes, rtexit.o(.ARM.Collect$$rtexit$$00000000))
<BR><BR>[Called By]<UL><LI><a href="#[8a]">&gt;&gt;</a>&nbsp;&nbsp;&nbsp;exit
</UL>

<P><STRONG><a name="[8b]"></a>__rt_exit_ls</STRONG> (Thumb, 0 bytes, Stack size unknown bytes, rtexit2.o(.ARM.Collect$$rtexit$$00000003))
<BR><BR>[Calls]<UL><LI><a href="#[8c]">&gt;&gt;</a>&nbsp;&nbsp;&nbsp;__rt_lib_shutdown
</UL>

<P><STRONG><a name="[10d]"></a>__rt_exit_prels_1</STRONG> (Thumb, 0 bytes, Stack size unknown bytes, rtexit2.o(.ARM.Collect$$rtexit$$00000002))

<P><STRONG><a name="[8d]"></a>__rt_exit_exit</STRONG> (Thumb, 0 bytes, Stack size unknown bytes, rtexit2.o(.ARM.Collect$$rtexit$$00000004))
<BR><BR>[Calls]<UL><LI><a href="#[8e]">&gt;&gt;</a>&nbsp;&nbsp;&nbsp;_sys_exit
</UL>

<P><STRONG><a name="[10e]"></a>CPUcpsid</STRONG> (Thumb, 8 bytes, Stack size 0 bytes, cpu.o(.emb_text), UNUSED)

<P><STRONG><a name="[10f]"></a>CPUprimask</STRONG> (Thumb, 6 bytes, Stack size 0 bytes, cpu.o(.emb_text), UNUSED)

<P><STRONG><a name="[be]"></a>CPUcpsie</STRONG> (Thumb, 8 bytes, Stack size 0 bytes, cpu.o(.emb_text))
<BR><BR>[Called By]<UL><LI><a href="#[bd]">&gt;&gt;</a>&nbsp;&nbsp;&nbsp;IntMasterEnable
</UL>

<P><STRONG><a name="[110]"></a>CPUwfi</STRONG> (Thumb, 4 bytes, Stack size 0 bytes, cpu.o(.emb_text), UNUSED)

<P><STRONG><a name="[111]"></a>CPUbasepriSet</STRONG> (Thumb, 6 bytes, Stack size 0 bytes, cpu.o(.emb_text), UNUSED)

<P><STRONG><a name="[112]"></a>CPUbasepriGet</STRONG> (Thumb, 6 bytes, Stack size 0 bytes, cpu.o(.emb_text), UNUSED)

<P><STRONG><a name="[2]"></a>Reset_Handler</STRONG> (Thumb, 8 bytes, Stack size 0 bytes, startup_tm4c129.o(.text))
<BR>[Address Reference Count : 1]<UL><LI> startup_tm4c129.o(RESET)
</UL>
<P><STRONG><a name="[3]"></a>NMI_Handler</STRONG> (Thumb, 2 bytes, Stack size 0 bytes, startup_tm4c129.o(.text))
<BR><BR>[Calls]<UL><LI><a href="#[3]">&gt;&gt;</a>&nbsp;&nbsp;&nbsp;NMI_Handler
</UL>
<BR>[Called By]<UL><LI><a href="#[3]">&gt;&gt;</a>&nbsp;&nbsp;&nbsp;NMI_Handler
</UL>
<BR>[Address Reference Count : 1]<UL><LI> startup_tm4c129.o(RESET)
</UL>
<P><STRONG><a name="[4]"></a>HardFault_Handler</STRONG> (Thumb, 2 bytes, Stack size 0 bytes, startup_tm4c129.o(.text))
<BR><BR>[Calls]<UL><LI><a href="#[4]">&gt;&gt;</a>&nbsp;&nbsp;&nbsp;HardFault_Handler
</UL>
<BR>[Called By]<UL><LI><a href="#[4]">&gt;&gt;</a>&nbsp;&nbsp;&nbsp;HardFault_Handler
</UL>
<BR>[Address Reference Count : 1]<UL><LI> startup_tm4c129.o(RESET)
</UL>
<P><STRONG><a name="[5]"></a>MemManage_Handler</STRONG> (Thumb, 2 bytes, Stack size 0 bytes, startup_tm4c129.o(.text))
<BR><BR>[Calls]<UL><LI><a href="#[5]">&gt;&gt;</a>&nbsp;&nbsp;&nbsp;MemManage_Handler
</UL>
<BR>[Called By]<UL><LI><a href="#[5]">&gt;&gt;</a>&nbsp;&nbsp;&nbsp;MemManage_Handler
</UL>
<BR>[Address Reference Count : 1]<UL><LI> startup_tm4c129.o(RESET)
</UL>
<P><STRONG><a name="[6]"></a>BusFault_Handler</STRONG> (Thumb, 2 bytes, Stack size 0 bytes, startup_tm4c129.o(.text))
<BR><BR>[Calls]<UL><LI><a href="#[6]">&gt;&gt;</a>&nbsp;&nbsp;&nbsp;BusFault_Handler
</UL>
<BR>[Called By]<UL><LI><a href="#[6]">&gt;&gt;</a>&nbsp;&nbsp;&nbsp;BusFault_Handler
</UL>
<BR>[Address Reference Count : 1]<UL><LI> startup_tm4c129.o(RESET)
</UL>
<P><STRONG><a name="[7]"></a>UsageFault_Handler</STRONG> (Thumb, 2 bytes, Stack size 0 bytes, startup_tm4c129.o(.text))
<BR><BR>[Calls]<UL><LI><a href="#[7]">&gt;&gt;</a>&nbsp;&nbsp;&nbsp;UsageFault_Handler
</UL>
<BR>[Called By]<UL><LI><a href="#[7]">&gt;&gt;</a>&nbsp;&nbsp;&nbsp;UsageFault_Handler
</UL>
<BR>[Address Reference Count : 1]<UL><LI> startup_tm4c129.o(RESET)
</UL>
<P><STRONG><a name="[8]"></a>SVC_Handler</STRONG> (Thumb, 2 bytes, Stack size 0 bytes, startup_tm4c129.o(.text))
<BR><BR>[Calls]<UL><LI><a href="#[8]">&gt;&gt;</a>&nbsp;&nbsp;&nbsp;SVC_Handler
</UL>
<BR>[Called By]<UL><LI><a href="#[8]">&gt;&gt;</a>&nbsp;&nbsp;&nbsp;SVC_Handler
</UL>
<BR>[Address Reference Count : 1]<UL><LI> startup_tm4c129.o(RESET)
</UL>
<P><STRONG><a name="[9]"></a>DebugMon_Handler</STRONG> (Thumb, 2 bytes, Stack size 0 bytes, startup_tm4c129.o(.text))
<BR><BR>[Calls]<UL><LI><a href="#[9]">&gt;&gt;</a>&nbsp;&nbsp;&nbsp;DebugMon_Handler
</UL>
<BR>[Called By]<UL><LI><a href="#[9]">&gt;&gt;</a>&nbsp;&nbsp;&nbsp;DebugMon_Handler
</UL>
<BR>[Address Reference Count : 1]<UL><LI> startup_tm4c129.o(RESET)
</UL>
<P><STRONG><a name="[a]"></a>PendSV_Handler</STRONG> (Thumb, 2 bytes, Stack size 0 bytes, startup_tm4c129.o(.text))
<BR><BR>[Calls]<UL><LI><a href="#[a]">&gt;&gt;</a>&nbsp;&nbsp;&nbsp;PendSV_Handler
</UL>
<BR>[Called By]<UL><LI><a href="#[a]">&gt;&gt;</a>&nbsp;&nbsp;&nbsp;PendSV_Handler
</UL>
<BR>[Address Reference Count : 1]<UL><LI> startup_tm4c129.o(RESET)
</UL>
<P><STRONG><a name="[b]"></a>SysTick_Handler</STRONG> (Thumb, 2 bytes, Stack size 0 bytes, startup_tm4c129.o(.text))
<BR><BR>[Calls]<UL><LI><a href="#[b]">&gt;&gt;</a>&nbsp;&nbsp;&nbsp;SysTick_Handler
</UL>
<BR>[Called By]<UL><LI><a href="#[b]">&gt;&gt;</a>&nbsp;&nbsp;&nbsp;SysTick_Handler
</UL>
<BR>[Address Reference Count : 1]<UL><LI> startup_tm4c129.o(RESET)
</UL>
<P><STRONG><a name="[c]"></a>GPIOA_Handler</STRONG> (Thumb, 2 bytes, Stack size 0 bytes, startup_tm4c129.o(.text))
<BR><BR>[Calls]<UL><LI><a href="#[c]">&gt;&gt;</a>&nbsp;&nbsp;&nbsp;GPIOA_Handler
</UL>
<BR>[Called By]<UL><LI><a href="#[c]">&gt;&gt;</a>&nbsp;&nbsp;&nbsp;GPIOA_Handler
</UL>
<BR>[Address Reference Count : 1]<UL><LI> startup_tm4c129.o(RESET)
</UL>
<P><STRONG><a name="[d]"></a>GPIOB_Handler</STRONG> (Thumb, 2 bytes, Stack size 0 bytes, startup_tm4c129.o(.text))
<BR><BR>[Calls]<UL><LI><a href="#[d]">&gt;&gt;</a>&nbsp;&nbsp;&nbsp;GPIOB_Handler
</UL>
<BR>[Called By]<UL><LI><a href="#[d]">&gt;&gt;</a>&nbsp;&nbsp;&nbsp;GPIOB_Handler
</UL>
<BR>[Address Reference Count : 1]<UL><LI> startup_tm4c129.o(RESET)
</UL>
<P><STRONG><a name="[e]"></a>GPIOC_Handler</STRONG> (Thumb, 2 bytes, Stack size 0 bytes, startup_tm4c129.o(.text))
<BR><BR>[Calls]<UL><LI><a href="#[e]">&gt;&gt;</a>&nbsp;&nbsp;&nbsp;GPIOC_Handler
</UL>
<BR>[Called By]<UL><LI><a href="#[e]">&gt;&gt;</a>&nbsp;&nbsp;&nbsp;GPIOC_Handler
</UL>
<BR>[Address Reference Count : 1]<UL><LI> startup_tm4c129.o(RESET)
</UL>
<P><STRONG><a name="[f]"></a>GPIOD_Handler</STRONG> (Thumb, 2 bytes, Stack size 0 bytes, startup_tm4c129.o(.text))
<BR><BR>[Calls]<UL><LI><a href="#[f]">&gt;&gt;</a>&nbsp;&nbsp;&nbsp;GPIOD_Handler
</UL>
<BR>[Called By]<UL><LI><a href="#[f]">&gt;&gt;</a>&nbsp;&nbsp;&nbsp;GPIOD_Handler
</UL>
<BR>[Address Reference Count : 1]<UL><LI> startup_tm4c129.o(RESET)
</UL>
<P><STRONG><a name="[10]"></a>GPIOE_Handler</STRONG> (Thumb, 2 bytes, Stack size 0 bytes, startup_tm4c129.o(.text))
<BR><BR>[Calls]<UL><LI><a href="#[10]">&gt;&gt;</a>&nbsp;&nbsp;&nbsp;GPIOE_Handler
</UL>
<BR>[Called By]<UL><LI><a href="#[10]">&gt;&gt;</a>&nbsp;&nbsp;&nbsp;GPIOE_Handler
</UL>
<BR>[Address Reference Count : 1]<UL><LI> startup_tm4c129.o(RESET)
</UL>
<P><STRONG><a name="[11]"></a>UART0_Handler</STRONG> (Thumb, 2 bytes, Stack size 0 bytes, startup_tm4c129.o(.text))
<BR><BR>[Calls]<UL><LI><a href="#[11]">&gt;&gt;</a>&nbsp;&nbsp;&nbsp;UART0_Handler
</UL>
<BR>[Called By]<UL><LI><a href="#[11]">&gt;&gt;</a>&nbsp;&nbsp;&nbsp;UART0_Handler
</UL>
<BR>[Address Reference Count : 1]<UL><LI> startup_tm4c129.o(RESET)
</UL>
<P><STRONG><a name="[13]"></a>SSI0_Handler</STRONG> (Thumb, 2 bytes, Stack size 0 bytes, startup_tm4c129.o(.text))
<BR><BR>[Calls]<UL><LI><a href="#[13]">&gt;&gt;</a>&nbsp;&nbsp;&nbsp;SSI0_Handler
</UL>
<BR>[Called By]<UL><LI><a href="#[13]">&gt;&gt;</a>&nbsp;&nbsp;&nbsp;SSI0_Handler
</UL>
<BR>[Address Reference Count : 1]<UL><LI> startup_tm4c129.o(RESET)
</UL>
<P><STRONG><a name="[14]"></a>I2C0_Handler</STRONG> (Thumb, 2 bytes, Stack size 0 bytes, startup_tm4c129.o(.text))
<BR><BR>[Calls]<UL><LI><a href="#[14]">&gt;&gt;</a>&nbsp;&nbsp;&nbsp;I2C0_Handler
</UL>
<BR>[Called By]<UL><LI><a href="#[14]">&gt;&gt;</a>&nbsp;&nbsp;&nbsp;I2C0_Handler
</UL>
<BR>[Address Reference Count : 1]<UL><LI> startup_tm4c129.o(RESET)
</UL>
<P><STRONG><a name="[15]"></a>PMW0_FAULT_Handler</STRONG> (Thumb, 2 bytes, Stack size 0 bytes, startup_tm4c129.o(.text))
<BR><BR>[Calls]<UL><LI><a href="#[15]">&gt;&gt;</a>&nbsp;&nbsp;&nbsp;PMW0_FAULT_Handler
</UL>
<BR>[Called By]<UL><LI><a href="#[15]">&gt;&gt;</a>&nbsp;&nbsp;&nbsp;PMW0_FAULT_Handler
</UL>
<BR>[Address Reference Count : 1]<UL><LI> startup_tm4c129.o(RESET)
</UL>
<P><STRONG><a name="[16]"></a>PWM0_0_Handler</STRONG> (Thumb, 2 bytes, Stack size 0 bytes, startup_tm4c129.o(.text))
<BR><BR>[Calls]<UL><LI><a href="#[16]">&gt;&gt;</a>&nbsp;&nbsp;&nbsp;PWM0_0_Handler
</UL>
<BR>[Called By]<UL><LI><a href="#[16]">&gt;&gt;</a>&nbsp;&nbsp;&nbsp;PWM0_0_Handler
</UL>
<BR>[Address Reference Count : 1]<UL><LI> startup_tm4c129.o(RESET)
</UL>
<P><STRONG><a name="[17]"></a>PWM0_1_Handler</STRONG> (Thumb, 2 bytes, Stack size 0 bytes, startup_tm4c129.o(.text))
<BR><BR>[Calls]<UL><LI><a href="#[17]">&gt;&gt;</a>&nbsp;&nbsp;&nbsp;PWM0_1_Handler
</UL>
<BR>[Called By]<UL><LI><a href="#[17]">&gt;&gt;</a>&nbsp;&nbsp;&nbsp;PWM0_1_Handler
</UL>
<BR>[Address Reference Count : 1]<UL><LI> startup_tm4c129.o(RESET)
</UL>
<P><STRONG><a name="[18]"></a>PWM0_2_Handler</STRONG> (Thumb, 2 bytes, Stack size 0 bytes, startup_tm4c129.o(.text))
<BR><BR>[Calls]<UL><LI><a href="#[18]">&gt;&gt;</a>&nbsp;&nbsp;&nbsp;PWM0_2_Handler
</UL>
<BR>[Called By]<UL><LI><a href="#[18]">&gt;&gt;</a>&nbsp;&nbsp;&nbsp;PWM0_2_Handler
</UL>
<BR>[Address Reference Count : 1]<UL><LI> startup_tm4c129.o(RESET)
</UL>
<P><STRONG><a name="[19]"></a>QEI0_Handler</STRONG> (Thumb, 2 bytes, Stack size 0 bytes, startup_tm4c129.o(.text))
<BR><BR>[Calls]<UL><LI><a href="#[19]">&gt;&gt;</a>&nbsp;&nbsp;&nbsp;QEI0_Handler
</UL>
<BR>[Called By]<UL><LI><a href="#[19]">&gt;&gt;</a>&nbsp;&nbsp;&nbsp;QEI0_Handler
</UL>
<BR>[Address Reference Count : 1]<UL><LI> startup_tm4c129.o(RESET)
</UL>
<P><STRONG><a name="[1a]"></a>ADC0SS0_Handler</STRONG> (Thumb, 2 bytes, Stack size 0 bytes, startup_tm4c129.o(.text))
<BR><BR>[Calls]<UL><LI><a href="#[1a]">&gt;&gt;</a>&nbsp;&nbsp;&nbsp;ADC0SS0_Handler
</UL>
<BR>[Called By]<UL><LI><a href="#[1a]">&gt;&gt;</a>&nbsp;&nbsp;&nbsp;ADC0SS0_Handler
</UL>
<BR>[Address Reference Count : 1]<UL><LI> startup_tm4c129.o(RESET)
</UL>
<P><STRONG><a name="[1b]"></a>ADC0SS1_Handler</STRONG> (Thumb, 2 bytes, Stack size 0 bytes, startup_tm4c129.o(.text))
<BR><BR>[Calls]<UL><LI><a href="#[1b]">&gt;&gt;</a>&nbsp;&nbsp;&nbsp;ADC0SS1_Handler
</UL>
<BR>[Called By]<UL><LI><a href="#[1b]">&gt;&gt;</a>&nbsp;&nbsp;&nbsp;ADC0SS1_Handler
</UL>
<BR>[Address Reference Count : 1]<UL><LI> startup_tm4c129.o(RESET)
</UL>
<P><STRONG><a name="[1c]"></a>ADC0SS2_Handler</STRONG> (Thumb, 2 bytes, Stack size 0 bytes, startup_tm4c129.o(.text))
<BR><BR>[Calls]<UL><LI><a href="#[1c]">&gt;&gt;</a>&nbsp;&nbsp;&nbsp;ADC0SS2_Handler
</UL>
<BR>[Called By]<UL><LI><a href="#[1c]">&gt;&gt;</a>&nbsp;&nbsp;&nbsp;ADC0SS2_Handler
</UL>
<BR>[Address Reference Count : 1]<UL><LI> startup_tm4c129.o(RESET)
</UL>
<P><STRONG><a name="[1d]"></a>ADC0SS3_Handler</STRONG> (Thumb, 2 bytes, Stack size 0 bytes, startup_tm4c129.o(.text))
<BR><BR>[Calls]<UL><LI><a href="#[1d]">&gt;&gt;</a>&nbsp;&nbsp;&nbsp;ADC0SS3_Handler
</UL>
<BR>[Called By]<UL><LI><a href="#[1d]">&gt;&gt;</a>&nbsp;&nbsp;&nbsp;ADC0SS3_Handler
</UL>
<BR>[Address Reference Count : 1]<UL><LI> startup_tm4c129.o(RESET)
</UL>
<P><STRONG><a name="[1e]"></a>WDT0_Handler</STRONG> (Thumb, 2 bytes, Stack size 0 bytes, startup_tm4c129.o(.text))
<BR><BR>[Calls]<UL><LI><a href="#[1e]">&gt;&gt;</a>&nbsp;&nbsp;&nbsp;WDT0_Handler
</UL>
<BR>[Called By]<UL><LI><a href="#[1e]">&gt;&gt;</a>&nbsp;&nbsp;&nbsp;WDT0_Handler
</UL>
<BR>[Address Reference Count : 1]<UL><LI> startup_tm4c129.o(RESET)
</UL>
<P><STRONG><a name="[1f]"></a>TIMER0A_Handler</STRONG> (Thumb, 2 bytes, Stack size 0 bytes, startup_tm4c129.o(.text))
<BR><BR>[Calls]<UL><LI><a href="#[1f]">&gt;&gt;</a>&nbsp;&nbsp;&nbsp;TIMER0A_Handler
</UL>
<BR>[Called By]<UL><LI><a href="#[1f]">&gt;&gt;</a>&nbsp;&nbsp;&nbsp;TIMER0A_Handler
</UL>
<BR>[Address Reference Count : 1]<UL><LI> startup_tm4c129.o(RESET)
</UL>
<P><STRONG><a name="[20]"></a>TIMER0B_Handler</STRONG> (Thumb, 2 bytes, Stack size 0 bytes, startup_tm4c129.o(.text))
<BR><BR>[Calls]<UL><LI><a href="#[20]">&gt;&gt;</a>&nbsp;&nbsp;&nbsp;TIMER0B_Handler
</UL>
<BR>[Called By]<UL><LI><a href="#[20]">&gt;&gt;</a>&nbsp;&nbsp;&nbsp;TIMER0B_Handler
</UL>
<BR>[Address Reference Count : 1]<UL><LI> startup_tm4c129.o(RESET)
</UL>
<P><STRONG><a name="[21]"></a>TIMER1A_Handler</STRONG> (Thumb, 2 bytes, Stack size 0 bytes, startup_tm4c129.o(.text))
<BR><BR>[Calls]<UL><LI><a href="#[21]">&gt;&gt;</a>&nbsp;&nbsp;&nbsp;TIMER1A_Handler
</UL>
<BR>[Called By]<UL><LI><a href="#[21]">&gt;&gt;</a>&nbsp;&nbsp;&nbsp;TIMER1A_Handler
</UL>
<BR>[Address Reference Count : 1]<UL><LI> startup_tm4c129.o(RESET)
</UL>
<P><STRONG><a name="[22]"></a>TIMER1B_Handler</STRONG> (Thumb, 2 bytes, Stack size 0 bytes, startup_tm4c129.o(.text))
<BR><BR>[Calls]<UL><LI><a href="#[22]">&gt;&gt;</a>&nbsp;&nbsp;&nbsp;TIMER1B_Handler
</UL>
<BR>[Called By]<UL><LI><a href="#[22]">&gt;&gt;</a>&nbsp;&nbsp;&nbsp;TIMER1B_Handler
</UL>
<BR>[Address Reference Count : 1]<UL><LI> startup_tm4c129.o(RESET)
</UL>
<P><STRONG><a name="[23]"></a>TIMER2A_Handler</STRONG> (Thumb, 2 bytes, Stack size 0 bytes, startup_tm4c129.o(.text))
<BR><BR>[Calls]<UL><LI><a href="#[23]">&gt;&gt;</a>&nbsp;&nbsp;&nbsp;TIMER2A_Handler
</UL>
<BR>[Called By]<UL><LI><a href="#[23]">&gt;&gt;</a>&nbsp;&nbsp;&nbsp;TIMER2A_Handler
</UL>
<BR>[Address Reference Count : 1]<UL><LI> startup_tm4c129.o(RESET)
</UL>
<P><STRONG><a name="[24]"></a>TIMER2B_Handler</STRONG> (Thumb, 2 bytes, Stack size 0 bytes, startup_tm4c129.o(.text))
<BR><BR>[Calls]<UL><LI><a href="#[24]">&gt;&gt;</a>&nbsp;&nbsp;&nbsp;TIMER2B_Handler
</UL>
<BR>[Called By]<UL><LI><a href="#[24]">&gt;&gt;</a>&nbsp;&nbsp;&nbsp;TIMER2B_Handler
</UL>
<BR>[Address Reference Count : 1]<UL><LI> startup_tm4c129.o(RESET)
</UL>
<P><STRONG><a name="[25]"></a>COMP0_Handler</STRONG> (Thumb, 2 bytes, Stack size 0 bytes, startup_tm4c129.o(.text))
<BR><BR>[Calls]<UL><LI><a href="#[25]">&gt;&gt;</a>&nbsp;&nbsp;&nbsp;COMP0_Handler
</UL>
<BR>[Called By]<UL><LI><a href="#[25]">&gt;&gt;</a>&nbsp;&nbsp;&nbsp;COMP0_Handler
</UL>
<BR>[Address Reference Count : 1]<UL><LI> startup_tm4c129.o(RESET)
</UL>
<P><STRONG><a name="[26]"></a>COMP1_Handler</STRONG> (Thumb, 2 bytes, Stack size 0 bytes, startup_tm4c129.o(.text))
<BR><BR>[Calls]<UL><LI><a href="#[26]">&gt;&gt;</a>&nbsp;&nbsp;&nbsp;COMP1_Handler
</UL>
<BR>[Called By]<UL><LI><a href="#[26]">&gt;&gt;</a>&nbsp;&nbsp;&nbsp;COMP1_Handler
</UL>
<BR>[Address Reference Count : 1]<UL><LI> startup_tm4c129.o(RESET)
</UL>
<P><STRONG><a name="[27]"></a>COMP2_Handler</STRONG> (Thumb, 2 bytes, Stack size 0 bytes, startup_tm4c129.o(.text))
<BR><BR>[Calls]<UL><LI><a href="#[27]">&gt;&gt;</a>&nbsp;&nbsp;&nbsp;COMP2_Handler
</UL>
<BR>[Called By]<UL><LI><a href="#[27]">&gt;&gt;</a>&nbsp;&nbsp;&nbsp;COMP2_Handler
</UL>
<BR>[Address Reference Count : 1]<UL><LI> startup_tm4c129.o(RESET)
</UL>
<P><STRONG><a name="[28]"></a>SYSCTL_Handler</STRONG> (Thumb, 2 bytes, Stack size 0 bytes, startup_tm4c129.o(.text))
<BR><BR>[Calls]<UL><LI><a href="#[28]">&gt;&gt;</a>&nbsp;&nbsp;&nbsp;SYSCTL_Handler
</UL>
<BR>[Called By]<UL><LI><a href="#[28]">&gt;&gt;</a>&nbsp;&nbsp;&nbsp;SYSCTL_Handler
</UL>
<BR>[Address Reference Count : 1]<UL><LI> startup_tm4c129.o(RESET)
</UL>
<P><STRONG><a name="[29]"></a>FLASH_Handler</STRONG> (Thumb, 2 bytes, Stack size 0 bytes, startup_tm4c129.o(.text))
<BR><BR>[Calls]<UL><LI><a href="#[29]">&gt;&gt;</a>&nbsp;&nbsp;&nbsp;FLASH_Handler
</UL>
<BR>[Called By]<UL><LI><a href="#[29]">&gt;&gt;</a>&nbsp;&nbsp;&nbsp;FLASH_Handler
</UL>
<BR>[Address Reference Count : 1]<UL><LI> startup_tm4c129.o(RESET)
</UL>
<P><STRONG><a name="[2a]"></a>GPIOF_Handler</STRONG> (Thumb, 2 bytes, Stack size 0 bytes, startup_tm4c129.o(.text))
<BR><BR>[Calls]<UL><LI><a href="#[2a]">&gt;&gt;</a>&nbsp;&nbsp;&nbsp;GPIOF_Handler
</UL>
<BR>[Called By]<UL><LI><a href="#[2a]">&gt;&gt;</a>&nbsp;&nbsp;&nbsp;GPIOF_Handler
</UL>
<BR>[Address Reference Count : 1]<UL><LI> startup_tm4c129.o(RESET)
</UL>
<P><STRONG><a name="[2b]"></a>GPIOG_Handler</STRONG> (Thumb, 2 bytes, Stack size 0 bytes, startup_tm4c129.o(.text))
<BR><BR>[Calls]<UL><LI><a href="#[2b]">&gt;&gt;</a>&nbsp;&nbsp;&nbsp;GPIOG_Handler
</UL>
<BR>[Called By]<UL><LI><a href="#[2b]">&gt;&gt;</a>&nbsp;&nbsp;&nbsp;GPIOG_Handler
</UL>
<BR>[Address Reference Count : 1]<UL><LI> startup_tm4c129.o(RESET)
</UL>
<P><STRONG><a name="[2c]"></a>GPIOH_Handler</STRONG> (Thumb, 2 bytes, Stack size 0 bytes, startup_tm4c129.o(.text))
<BR><BR>[Calls]<UL><LI><a href="#[2c]">&gt;&gt;</a>&nbsp;&nbsp;&nbsp;GPIOH_Handler
</UL>
<BR>[Called By]<UL><LI><a href="#[2c]">&gt;&gt;</a>&nbsp;&nbsp;&nbsp;GPIOH_Handler
</UL>
<BR>[Address Reference Count : 1]<UL><LI> startup_tm4c129.o(RESET)
</UL>
<P><STRONG><a name="[2d]"></a>UART2_Handler</STRONG> (Thumb, 2 bytes, Stack size 0 bytes, startup_tm4c129.o(.text))
<BR><BR>[Calls]<UL><LI><a href="#[2d]">&gt;&gt;</a>&nbsp;&nbsp;&nbsp;UART2_Handler
</UL>
<BR>[Called By]<UL><LI><a href="#[2d]">&gt;&gt;</a>&nbsp;&nbsp;&nbsp;UART2_Handler
</UL>
<BR>[Address Reference Count : 1]<UL><LI> startup_tm4c129.o(RESET)
</UL>
<P><STRONG><a name="[2e]"></a>SSI1_Handler</STRONG> (Thumb, 2 bytes, Stack size 0 bytes, startup_tm4c129.o(.text))
<BR><BR>[Calls]<UL><LI><a href="#[2e]">&gt;&gt;</a>&nbsp;&nbsp;&nbsp;SSI1_Handler
</UL>
<BR>[Called By]<UL><LI><a href="#[2e]">&gt;&gt;</a>&nbsp;&nbsp;&nbsp;SSI1_Handler
</UL>
<BR>[Address Reference Count : 1]<UL><LI> startup_tm4c129.o(RESET)
</UL>
<P><STRONG><a name="[2f]"></a>TIMER3A_Handler</STRONG> (Thumb, 2 bytes, Stack size 0 bytes, startup_tm4c129.o(.text))
<BR><BR>[Calls]<UL><LI><a href="#[2f]">&gt;&gt;</a>&nbsp;&nbsp;&nbsp;TIMER3A_Handler
</UL>
<BR>[Called By]<UL><LI><a href="#[2f]">&gt;&gt;</a>&nbsp;&nbsp;&nbsp;TIMER3A_Handler
</UL>
<BR>[Address Reference Count : 1]<UL><LI> startup_tm4c129.o(RESET)
</UL>
<P><STRONG><a name="[30]"></a>TIMER3B_Handler</STRONG> (Thumb, 2 bytes, Stack size 0 bytes, startup_tm4c129.o(.text))
<BR><BR>[Calls]<UL><LI><a href="#[30]">&gt;&gt;</a>&nbsp;&nbsp;&nbsp;TIMER3B_Handler
</UL>
<BR>[Called By]<UL><LI><a href="#[30]">&gt;&gt;</a>&nbsp;&nbsp;&nbsp;TIMER3B_Handler
</UL>
<BR>[Address Reference Count : 1]<UL><LI> startup_tm4c129.o(RESET)
</UL>
<P><STRONG><a name="[31]"></a>I2C1_Handler</STRONG> (Thumb, 2 bytes, Stack size 0 bytes, startup_tm4c129.o(.text))
<BR><BR>[Calls]<UL><LI><a href="#[31]">&gt;&gt;</a>&nbsp;&nbsp;&nbsp;I2C1_Handler
</UL>
<BR>[Called By]<UL><LI><a href="#[31]">&gt;&gt;</a>&nbsp;&nbsp;&nbsp;I2C1_Handler
</UL>
<BR>[Address Reference Count : 1]<UL><LI> startup_tm4c129.o(RESET)
</UL>
<P><STRONG><a name="[32]"></a>CAN0_Handler</STRONG> (Thumb, 2 bytes, Stack size 0 bytes, startup_tm4c129.o(.text))
<BR><BR>[Calls]<UL><LI><a href="#[32]">&gt;&gt;</a>&nbsp;&nbsp;&nbsp;CAN0_Handler
</UL>
<BR>[Called By]<UL><LI><a href="#[32]">&gt;&gt;</a>&nbsp;&nbsp;&nbsp;CAN0_Handler
</UL>
<BR>[Address Reference Count : 1]<UL><LI> startup_tm4c129.o(RESET)
</UL>
<P><STRONG><a name="[33]"></a>CAN1_Handler</STRONG> (Thumb, 2 bytes, Stack size 0 bytes, startup_tm4c129.o(.text))
<BR><BR>[Calls]<UL><LI><a href="#[33]">&gt;&gt;</a>&nbsp;&nbsp;&nbsp;CAN1_Handler
</UL>
<BR>[Called By]<UL><LI><a href="#[33]">&gt;&gt;</a>&nbsp;&nbsp;&nbsp;CAN1_Handler
</UL>
<BR>[Address Reference Count : 1]<UL><LI> startup_tm4c129.o(RESET)
</UL>
<P><STRONG><a name="[34]"></a>ETH_Handler</STRONG> (Thumb, 2 bytes, Stack size 0 bytes, startup_tm4c129.o(.text))
<BR><BR>[Calls]<UL><LI><a href="#[34]">&gt;&gt;</a>&nbsp;&nbsp;&nbsp;ETH_Handler
</UL>
<BR>[Called By]<UL><LI><a href="#[34]">&gt;&gt;</a>&nbsp;&nbsp;&nbsp;ETH_Handler
</UL>
<BR>[Address Reference Count : 1]<UL><LI> startup_tm4c129.o(RESET)
</UL>
<P><STRONG><a name="[35]"></a>HIB_Handler</STRONG> (Thumb, 2 bytes, Stack size 0 bytes, startup_tm4c129.o(.text))
<BR><BR>[Calls]<UL><LI><a href="#[35]">&gt;&gt;</a>&nbsp;&nbsp;&nbsp;HIB_Handler
</UL>
<BR>[Called By]<UL><LI><a href="#[35]">&gt;&gt;</a>&nbsp;&nbsp;&nbsp;HIB_Handler
</UL>
<BR>[Address Reference Count : 1]<UL><LI> startup_tm4c129.o(RESET)
</UL>
<P><STRONG><a name="[36]"></a>USB0_Handler</STRONG> (Thumb, 2 bytes, Stack size 0 bytes, startup_tm4c129.o(.text))
<BR><BR>[Calls]<UL><LI><a href="#[36]">&gt;&gt;</a>&nbsp;&nbsp;&nbsp;USB0_Handler
</UL>
<BR>[Called By]<UL><LI><a href="#[36]">&gt;&gt;</a>&nbsp;&nbsp;&nbsp;USB0_Handler
</UL>
<BR>[Address Reference Count : 1]<UL><LI> startup_tm4c129.o(RESET)
</UL>
<P><STRONG><a name="[37]"></a>PWM0_3_Handler</STRONG> (Thumb, 2 bytes, Stack size 0 bytes, startup_tm4c129.o(.text))
<BR><BR>[Calls]<UL><LI><a href="#[37]">&gt;&gt;</a>&nbsp;&nbsp;&nbsp;PWM0_3_Handler
</UL>
<BR>[Called By]<UL><LI><a href="#[37]">&gt;&gt;</a>&nbsp;&nbsp;&nbsp;PWM0_3_Handler
</UL>
<BR>[Address Reference Count : 1]<UL><LI> startup_tm4c129.o(RESET)
</UL>
<P><STRONG><a name="[38]"></a>UDMA_Handler</STRONG> (Thumb, 2 bytes, Stack size 0 bytes, startup_tm4c129.o(.text))
<BR><BR>[Calls]<UL><LI><a href="#[38]">&gt;&gt;</a>&nbsp;&nbsp;&nbsp;UDMA_Handler
</UL>
<BR>[Called By]<UL><LI><a href="#[38]">&gt;&gt;</a>&nbsp;&nbsp;&nbsp;UDMA_Handler
</UL>
<BR>[Address Reference Count : 1]<UL><LI> startup_tm4c129.o(RESET)
</UL>
<P><STRONG><a name="[39]"></a>UDMAERR_Handler</STRONG> (Thumb, 2 bytes, Stack size 0 bytes, startup_tm4c129.o(.text))
<BR><BR>[Calls]<UL><LI><a href="#[39]">&gt;&gt;</a>&nbsp;&nbsp;&nbsp;UDMAERR_Handler
</UL>
<BR>[Called By]<UL><LI><a href="#[39]">&gt;&gt;</a>&nbsp;&nbsp;&nbsp;UDMAERR_Handler
</UL>
<BR>[Address Reference Count : 1]<UL><LI> startup_tm4c129.o(RESET)
</UL>
<P><STRONG><a name="[3a]"></a>ADC1SS0_Handler</STRONG> (Thumb, 2 bytes, Stack size 0 bytes, startup_tm4c129.o(.text))
<BR><BR>[Calls]<UL><LI><a href="#[3a]">&gt;&gt;</a>&nbsp;&nbsp;&nbsp;ADC1SS0_Handler
</UL>
<BR>[Called By]<UL><LI><a href="#[3a]">&gt;&gt;</a>&nbsp;&nbsp;&nbsp;ADC1SS0_Handler
</UL>
<BR>[Address Reference Count : 1]<UL><LI> startup_tm4c129.o(RESET)
</UL>
<P><STRONG><a name="[3b]"></a>ADC1SS1_Handler</STRONG> (Thumb, 2 bytes, Stack size 0 bytes, startup_tm4c129.o(.text))
<BR><BR>[Calls]<UL><LI><a href="#[3b]">&gt;&gt;</a>&nbsp;&nbsp;&nbsp;ADC1SS1_Handler
</UL>
<BR>[Called By]<UL><LI><a href="#[3b]">&gt;&gt;</a>&nbsp;&nbsp;&nbsp;ADC1SS1_Handler
</UL>
<BR>[Address Reference Count : 1]<UL><LI> startup_tm4c129.o(RESET)
</UL>
<P><STRONG><a name="[3c]"></a>ADC1SS2_Handler</STRONG> (Thumb, 2 bytes, Stack size 0 bytes, startup_tm4c129.o(.text))
<BR><BR>[Calls]<UL><LI><a href="#[3c]">&gt;&gt;</a>&nbsp;&nbsp;&nbsp;ADC1SS2_Handler
</UL>
<BR>[Called By]<UL><LI><a href="#[3c]">&gt;&gt;</a>&nbsp;&nbsp;&nbsp;ADC1SS2_Handler
</UL>
<BR>[Address Reference Count : 1]<UL><LI> startup_tm4c129.o(RESET)
</UL>
<P><STRONG><a name="[3d]"></a>ADC1SS3_Handler</STRONG> (Thumb, 2 bytes, Stack size 0 bytes, startup_tm4c129.o(.text))
<BR><BR>[Calls]<UL><LI><a href="#[3d]">&gt;&gt;</a>&nbsp;&nbsp;&nbsp;ADC1SS3_Handler
</UL>
<BR>[Called By]<UL><LI><a href="#[3d]">&gt;&gt;</a>&nbsp;&nbsp;&nbsp;ADC1SS3_Handler
</UL>
<BR>[Address Reference Count : 1]<UL><LI> startup_tm4c129.o(RESET)
</UL>
<P><STRONG><a name="[3e]"></a>EBI0_Handler</STRONG> (Thumb, 2 bytes, Stack size 0 bytes, startup_tm4c129.o(.text))
<BR><BR>[Calls]<UL><LI><a href="#[3e]">&gt;&gt;</a>&nbsp;&nbsp;&nbsp;EBI0_Handler
</UL>
<BR>[Called By]<UL><LI><a href="#[3e]">&gt;&gt;</a>&nbsp;&nbsp;&nbsp;EBI0_Handler
</UL>
<BR>[Address Reference Count : 1]<UL><LI> startup_tm4c129.o(RESET)
</UL>
<P><STRONG><a name="[3f]"></a>GPIOJ_Handler</STRONG> (Thumb, 2 bytes, Stack size 0 bytes, startup_tm4c129.o(.text))
<BR><BR>[Calls]<UL><LI><a href="#[3f]">&gt;&gt;</a>&nbsp;&nbsp;&nbsp;GPIOJ_Handler
</UL>
<BR>[Called By]<UL><LI><a href="#[3f]">&gt;&gt;</a>&nbsp;&nbsp;&nbsp;GPIOJ_Handler
</UL>
<BR>[Address Reference Count : 1]<UL><LI> startup_tm4c129.o(RESET)
</UL>
<P><STRONG><a name="[40]"></a>GPIOK_Handler</STRONG> (Thumb, 2 bytes, Stack size 0 bytes, startup_tm4c129.o(.text))
<BR><BR>[Calls]<UL><LI><a href="#[40]">&gt;&gt;</a>&nbsp;&nbsp;&nbsp;GPIOK_Handler
</UL>
<BR>[Called By]<UL><LI><a href="#[40]">&gt;&gt;</a>&nbsp;&nbsp;&nbsp;GPIOK_Handler
</UL>
<BR>[Address Reference Count : 1]<UL><LI> startup_tm4c129.o(RESET)
</UL>
<P><STRONG><a name="[41]"></a>GPIOL_Handler</STRONG> (Thumb, 2 bytes, Stack size 0 bytes, startup_tm4c129.o(.text))
<BR><BR>[Calls]<UL><LI><a href="#[41]">&gt;&gt;</a>&nbsp;&nbsp;&nbsp;GPIOL_Handler
</UL>
<BR>[Called By]<UL><LI><a href="#[41]">&gt;&gt;</a>&nbsp;&nbsp;&nbsp;GPIOL_Handler
</UL>
<BR>[Address Reference Count : 1]<UL><LI> startup_tm4c129.o(RESET)
</UL>
<P><STRONG><a name="[42]"></a>SSI2_Handler</STRONG> (Thumb, 2 bytes, Stack size 0 bytes, startup_tm4c129.o(.text))
<BR><BR>[Calls]<UL><LI><a href="#[42]">&gt;&gt;</a>&nbsp;&nbsp;&nbsp;SSI2_Handler
</UL>
<BR>[Called By]<UL><LI><a href="#[42]">&gt;&gt;</a>&nbsp;&nbsp;&nbsp;SSI2_Handler
</UL>
<BR>[Address Reference Count : 1]<UL><LI> startup_tm4c129.o(RESET)
</UL>
<P><STRONG><a name="[43]"></a>SSI3_Handler</STRONG> (Thumb, 2 bytes, Stack size 0 bytes, startup_tm4c129.o(.text))
<BR><BR>[Calls]<UL><LI><a href="#[43]">&gt;&gt;</a>&nbsp;&nbsp;&nbsp;SSI3_Handler
</UL>
<BR>[Called By]<UL><LI><a href="#[43]">&gt;&gt;</a>&nbsp;&nbsp;&nbsp;SSI3_Handler
</UL>
<BR>[Address Reference Count : 1]<UL><LI> startup_tm4c129.o(RESET)
</UL>
<P><STRONG><a name="[44]"></a>UART3_Handler</STRONG> (Thumb, 2 bytes, Stack size 0 bytes, startup_tm4c129.o(.text))
<BR><BR>[Calls]<UL><LI><a href="#[44]">&gt;&gt;</a>&nbsp;&nbsp;&nbsp;UART3_Handler
</UL>
<BR>[Called By]<UL><LI><a href="#[44]">&gt;&gt;</a>&nbsp;&nbsp;&nbsp;UART3_Handler
</UL>
<BR>[Address Reference Count : 1]<UL><LI> startup_tm4c129.o(RESET)
</UL>
<P><STRONG><a name="[45]"></a>UART4_Handler</STRONG> (Thumb, 2 bytes, Stack size 0 bytes, startup_tm4c129.o(.text))
<BR><BR>[Calls]<UL><LI><a href="#[45]">&gt;&gt;</a>&nbsp;&nbsp;&nbsp;UART4_Handler
</UL>
<BR>[Called By]<UL><LI><a href="#[45]">&gt;&gt;</a>&nbsp;&nbsp;&nbsp;UART4_Handler
</UL>
<BR>[Address Reference Count : 1]<UL><LI> startup_tm4c129.o(RESET)
</UL>
<P><STRONG><a name="[46]"></a>UART5_Handler</STRONG> (Thumb, 2 bytes, Stack size 0 bytes, startup_tm4c129.o(.text))
<BR><BR>[Calls]<UL><LI><a href="#[46]">&gt;&gt;</a>&nbsp;&nbsp;&nbsp;UART5_Handler
</UL>
<BR>[Called By]<UL><LI><a href="#[46]">&gt;&gt;</a>&nbsp;&nbsp;&nbsp;UART5_Handler
</UL>
<BR>[Address Reference Count : 1]<UL><LI> startup_tm4c129.o(RESET)
</UL>
<P><STRONG><a name="[47]"></a>UART6_Handler</STRONG> (Thumb, 2 bytes, Stack size 0 bytes, startup_tm4c129.o(.text))
<BR><BR>[Calls]<UL><LI><a href="#[47]">&gt;&gt;</a>&nbsp;&nbsp;&nbsp;UART6_Handler
</UL>
<BR>[Called By]<UL><LI><a href="#[47]">&gt;&gt;</a>&nbsp;&nbsp;&nbsp;UART6_Handler
</UL>
<BR>[Address Reference Count : 1]<UL><LI> startup_tm4c129.o(RESET)
</UL>
<P><STRONG><a name="[48]"></a>UART7_Handler</STRONG> (Thumb, 2 bytes, Stack size 0 bytes, startup_tm4c129.o(.text))
<BR><BR>[Calls]<UL><LI><a href="#[48]">&gt;&gt;</a>&nbsp;&nbsp;&nbsp;UART7_Handler
</UL>
<BR>[Called By]<UL><LI><a href="#[48]">&gt;&gt;</a>&nbsp;&nbsp;&nbsp;UART7_Handler
</UL>
<BR>[Address Reference Count : 1]<UL><LI> startup_tm4c129.o(RESET)
</UL>
<P><STRONG><a name="[49]"></a>I2C2_Handler</STRONG> (Thumb, 2 bytes, Stack size 0 bytes, startup_tm4c129.o(.text))
<BR><BR>[Calls]<UL><LI><a href="#[49]">&gt;&gt;</a>&nbsp;&nbsp;&nbsp;I2C2_Handler
</UL>
<BR>[Called By]<UL><LI><a href="#[49]">&gt;&gt;</a>&nbsp;&nbsp;&nbsp;I2C2_Handler
</UL>
<BR>[Address Reference Count : 1]<UL><LI> startup_tm4c129.o(RESET)
</UL>
<P><STRONG><a name="[4a]"></a>I2C3_Handler</STRONG> (Thumb, 2 bytes, Stack size 0 bytes, startup_tm4c129.o(.text))
<BR><BR>[Calls]<UL><LI><a href="#[4a]">&gt;&gt;</a>&nbsp;&nbsp;&nbsp;I2C3_Handler
</UL>
<BR>[Called By]<UL><LI><a href="#[4a]">&gt;&gt;</a>&nbsp;&nbsp;&nbsp;I2C3_Handler
</UL>
<BR>[Address Reference Count : 1]<UL><LI> startup_tm4c129.o(RESET)
</UL>
<P><STRONG><a name="[4b]"></a>TIMER4A_Handler</STRONG> (Thumb, 2 bytes, Stack size 0 bytes, startup_tm4c129.o(.text))
<BR><BR>[Calls]<UL><LI><a href="#[4b]">&gt;&gt;</a>&nbsp;&nbsp;&nbsp;TIMER4A_Handler
</UL>
<BR>[Called By]<UL><LI><a href="#[4b]">&gt;&gt;</a>&nbsp;&nbsp;&nbsp;TIMER4A_Handler
</UL>
<BR>[Address Reference Count : 1]<UL><LI> startup_tm4c129.o(RESET)
</UL>
<P><STRONG><a name="[4c]"></a>TIMER4B_Handler</STRONG> (Thumb, 2 bytes, Stack size 0 bytes, startup_tm4c129.o(.text))
<BR><BR>[Calls]<UL><LI><a href="#[4c]">&gt;&gt;</a>&nbsp;&nbsp;&nbsp;TIMER4B_Handler
</UL>
<BR>[Called By]<UL><LI><a href="#[4c]">&gt;&gt;</a>&nbsp;&nbsp;&nbsp;TIMER4B_Handler
</UL>
<BR>[Address Reference Count : 1]<UL><LI> startup_tm4c129.o(RESET)
</UL>
<P><STRONG><a name="[4d]"></a>TIMER5A_Handler</STRONG> (Thumb, 2 bytes, Stack size 0 bytes, startup_tm4c129.o(.text))
<BR><BR>[Calls]<UL><LI><a href="#[4d]">&gt;&gt;</a>&nbsp;&nbsp;&nbsp;TIMER5A_Handler
</UL>
<BR>[Called By]<UL><LI><a href="#[4d]">&gt;&gt;</a>&nbsp;&nbsp;&nbsp;TIMER5A_Handler
</UL>
<BR>[Address Reference Count : 1]<UL><LI> startup_tm4c129.o(RESET)
</UL>
<P><STRONG><a name="[4e]"></a>TIMER5B_Handler</STRONG> (Thumb, 2 bytes, Stack size 0 bytes, startup_tm4c129.o(.text))
<BR><BR>[Calls]<UL><LI><a href="#[4e]">&gt;&gt;</a>&nbsp;&nbsp;&nbsp;TIMER5B_Handler
</UL>
<BR>[Called By]<UL><LI><a href="#[4e]">&gt;&gt;</a>&nbsp;&nbsp;&nbsp;TIMER5B_Handler
</UL>
<BR>[Address Reference Count : 1]<UL><LI> startup_tm4c129.o(RESET)
</UL>
<P><STRONG><a name="[8f]"></a>WTIMER0A_Handler</STRONG> (Thumb, 2 bytes, Stack size 0 bytes, startup_tm4c129.o(.text), UNUSED)
<BR><BR>[Calls]<UL><LI><a href="#[8f]">&gt;&gt;</a>&nbsp;&nbsp;&nbsp;WTIMER0A_Handler
</UL>
<BR>[Called By]<UL><LI><a href="#[8f]">&gt;&gt;</a>&nbsp;&nbsp;&nbsp;WTIMER0A_Handler
</UL>

<P><STRONG><a name="[90]"></a>WTIMER0B_Handler</STRONG> (Thumb, 2 bytes, Stack size 0 bytes, startup_tm4c129.o(.text), UNUSED)
<BR><BR>[Calls]<UL><LI><a href="#[90]">&gt;&gt;</a>&nbsp;&nbsp;&nbsp;WTIMER0B_Handler
</UL>
<BR>[Called By]<UL><LI><a href="#[90]">&gt;&gt;</a>&nbsp;&nbsp;&nbsp;WTIMER0B_Handler
</UL>

<P><STRONG><a name="[91]"></a>WTIMER1A_Handler</STRONG> (Thumb, 2 bytes, Stack size 0 bytes, startup_tm4c129.o(.text), UNUSED)
<BR><BR>[Calls]<UL><LI><a href="#[91]">&gt;&gt;</a>&nbsp;&nbsp;&nbsp;WTIMER1A_Handler
</UL>
<BR>[Called By]<UL><LI><a href="#[91]">&gt;&gt;</a>&nbsp;&nbsp;&nbsp;WTIMER1A_Handler
</UL>

<P><STRONG><a name="[92]"></a>WTIMER1B_Handler</STRONG> (Thumb, 2 bytes, Stack size 0 bytes, startup_tm4c129.o(.text), UNUSED)
<BR><BR>[Calls]<UL><LI><a href="#[92]">&gt;&gt;</a>&nbsp;&nbsp;&nbsp;WTIMER1B_Handler
</UL>
<BR>[Called By]<UL><LI><a href="#[92]">&gt;&gt;</a>&nbsp;&nbsp;&nbsp;WTIMER1B_Handler
</UL>

<P><STRONG><a name="[93]"></a>WTIMER2A_Handler</STRONG> (Thumb, 2 bytes, Stack size 0 bytes, startup_tm4c129.o(.text), UNUSED)
<BR><BR>[Calls]<UL><LI><a href="#[93]">&gt;&gt;</a>&nbsp;&nbsp;&nbsp;WTIMER2A_Handler
</UL>
<BR>[Called By]<UL><LI><a href="#[93]">&gt;&gt;</a>&nbsp;&nbsp;&nbsp;WTIMER2A_Handler
</UL>

<P><STRONG><a name="[94]"></a>WTIMER2B_Handler</STRONG> (Thumb, 2 bytes, Stack size 0 bytes, startup_tm4c129.o(.text), UNUSED)
<BR><BR>[Calls]<UL><LI><a href="#[94]">&gt;&gt;</a>&nbsp;&nbsp;&nbsp;WTIMER2B_Handler
</UL>
<BR>[Called By]<UL><LI><a href="#[94]">&gt;&gt;</a>&nbsp;&nbsp;&nbsp;WTIMER2B_Handler
</UL>

<P><STRONG><a name="[95]"></a>WTIMER3A_Handler</STRONG> (Thumb, 2 bytes, Stack size 0 bytes, startup_tm4c129.o(.text), UNUSED)
<BR><BR>[Calls]<UL><LI><a href="#[95]">&gt;&gt;</a>&nbsp;&nbsp;&nbsp;WTIMER3A_Handler
</UL>
<BR>[Called By]<UL><LI><a href="#[95]">&gt;&gt;</a>&nbsp;&nbsp;&nbsp;WTIMER3A_Handler
</UL>

<P><STRONG><a name="[96]"></a>WTIMER3B_Handler</STRONG> (Thumb, 2 bytes, Stack size 0 bytes, startup_tm4c129.o(.text), UNUSED)
<BR><BR>[Calls]<UL><LI><a href="#[96]">&gt;&gt;</a>&nbsp;&nbsp;&nbsp;WTIMER3B_Handler
</UL>
<BR>[Called By]<UL><LI><a href="#[96]">&gt;&gt;</a>&nbsp;&nbsp;&nbsp;WTIMER3B_Handler
</UL>

<P><STRONG><a name="[97]"></a>WTIMER4A_Handler</STRONG> (Thumb, 2 bytes, Stack size 0 bytes, startup_tm4c129.o(.text), UNUSED)
<BR><BR>[Calls]<UL><LI><a href="#[97]">&gt;&gt;</a>&nbsp;&nbsp;&nbsp;WTIMER4A_Handler
</UL>
<BR>[Called By]<UL><LI><a href="#[97]">&gt;&gt;</a>&nbsp;&nbsp;&nbsp;WTIMER4A_Handler
</UL>

<P><STRONG><a name="[98]"></a>WTIMER4B_Handler</STRONG> (Thumb, 2 bytes, Stack size 0 bytes, startup_tm4c129.o(.text), UNUSED)
<BR><BR>[Calls]<UL><LI><a href="#[98]">&gt;&gt;</a>&nbsp;&nbsp;&nbsp;WTIMER4B_Handler
</UL>
<BR>[Called By]<UL><LI><a href="#[98]">&gt;&gt;</a>&nbsp;&nbsp;&nbsp;WTIMER4B_Handler
</UL>

<P><STRONG><a name="[99]"></a>WTIMER5A_Handler</STRONG> (Thumb, 2 bytes, Stack size 0 bytes, startup_tm4c129.o(.text), UNUSED)
<BR><BR>[Calls]<UL><LI><a href="#[99]">&gt;&gt;</a>&nbsp;&nbsp;&nbsp;WTIMER5A_Handler
</UL>
<BR>[Called By]<UL><LI><a href="#[99]">&gt;&gt;</a>&nbsp;&nbsp;&nbsp;WTIMER5A_Handler
</UL>

<P><STRONG><a name="[9a]"></a>WTIMER5B_Handler</STRONG> (Thumb, 2 bytes, Stack size 0 bytes, startup_tm4c129.o(.text), UNUSED)
<BR><BR>[Calls]<UL><LI><a href="#[9a]">&gt;&gt;</a>&nbsp;&nbsp;&nbsp;WTIMER5B_Handler
</UL>
<BR>[Called By]<UL><LI><a href="#[9a]">&gt;&gt;</a>&nbsp;&nbsp;&nbsp;WTIMER5B_Handler
</UL>

<P><STRONG><a name="[4f]"></a>FPU_Handler</STRONG> (Thumb, 2 bytes, Stack size 0 bytes, startup_tm4c129.o(.text))
<BR><BR>[Calls]<UL><LI><a href="#[4f]">&gt;&gt;</a>&nbsp;&nbsp;&nbsp;FPU_Handler
</UL>
<BR>[Called By]<UL><LI><a href="#[4f]">&gt;&gt;</a>&nbsp;&nbsp;&nbsp;FPU_Handler
</UL>
<BR>[Address Reference Count : 1]<UL><LI> startup_tm4c129.o(RESET)
</UL>
<P><STRONG><a name="[50]"></a>I2C4_Handler</STRONG> (Thumb, 2 bytes, Stack size 0 bytes, startup_tm4c129.o(.text))
<BR><BR>[Calls]<UL><LI><a href="#[50]">&gt;&gt;</a>&nbsp;&nbsp;&nbsp;I2C4_Handler
</UL>
<BR>[Called By]<UL><LI><a href="#[50]">&gt;&gt;</a>&nbsp;&nbsp;&nbsp;I2C4_Handler
</UL>
<BR>[Address Reference Count : 1]<UL><LI> startup_tm4c129.o(RESET)
</UL>
<P><STRONG><a name="[51]"></a>I2C5_Handler</STRONG> (Thumb, 2 bytes, Stack size 0 bytes, startup_tm4c129.o(.text))
<BR><BR>[Calls]<UL><LI><a href="#[51]">&gt;&gt;</a>&nbsp;&nbsp;&nbsp;I2C5_Handler
</UL>
<BR>[Called By]<UL><LI><a href="#[51]">&gt;&gt;</a>&nbsp;&nbsp;&nbsp;I2C5_Handler
</UL>
<BR>[Address Reference Count : 1]<UL><LI> startup_tm4c129.o(RESET)
</UL>
<P><STRONG><a name="[52]"></a>GPIOM_Handler</STRONG> (Thumb, 2 bytes, Stack size 0 bytes, startup_tm4c129.o(.text))
<BR><BR>[Calls]<UL><LI><a href="#[52]">&gt;&gt;</a>&nbsp;&nbsp;&nbsp;GPIOM_Handler
</UL>
<BR>[Called By]<UL><LI><a href="#[52]">&gt;&gt;</a>&nbsp;&nbsp;&nbsp;GPIOM_Handler
</UL>
<BR>[Address Reference Count : 1]<UL><LI> startup_tm4c129.o(RESET)
</UL>
<P><STRONG><a name="[53]"></a>GPION_Handler</STRONG> (Thumb, 2 bytes, Stack size 0 bytes, startup_tm4c129.o(.text))
<BR><BR>[Calls]<UL><LI><a href="#[53]">&gt;&gt;</a>&nbsp;&nbsp;&nbsp;GPION_Handler
</UL>
<BR>[Called By]<UL><LI><a href="#[53]">&gt;&gt;</a>&nbsp;&nbsp;&nbsp;GPION_Handler
</UL>
<BR>[Address Reference Count : 1]<UL><LI> startup_tm4c129.o(RESET)
</UL>
<P><STRONG><a name="[54]"></a>TAMPER_Handler</STRONG> (Thumb, 2 bytes, Stack size 0 bytes, startup_tm4c129.o(.text))
<BR><BR>[Calls]<UL><LI><a href="#[54]">&gt;&gt;</a>&nbsp;&nbsp;&nbsp;TAMPER_Handler
</UL>
<BR>[Called By]<UL><LI><a href="#[54]">&gt;&gt;</a>&nbsp;&nbsp;&nbsp;TAMPER_Handler
</UL>
<BR>[Address Reference Count : 1]<UL><LI> startup_tm4c129.o(RESET)
</UL>
<P><STRONG><a name="[55]"></a>GPIOP0_Handler</STRONG> (Thumb, 2 bytes, Stack size 0 bytes, startup_tm4c129.o(.text))
<BR><BR>[Calls]<UL><LI><a href="#[55]">&gt;&gt;</a>&nbsp;&nbsp;&nbsp;GPIOP0_Handler
</UL>
<BR>[Called By]<UL><LI><a href="#[55]">&gt;&gt;</a>&nbsp;&nbsp;&nbsp;GPIOP0_Handler
</UL>
<BR>[Address Reference Count : 1]<UL><LI> startup_tm4c129.o(RESET)
</UL>
<P><STRONG><a name="[56]"></a>GPIOP1_Handler</STRONG> (Thumb, 2 bytes, Stack size 0 bytes, startup_tm4c129.o(.text))
<BR><BR>[Calls]<UL><LI><a href="#[56]">&gt;&gt;</a>&nbsp;&nbsp;&nbsp;GPIOP1_Handler
</UL>
<BR>[Called By]<UL><LI><a href="#[56]">&gt;&gt;</a>&nbsp;&nbsp;&nbsp;GPIOP1_Handler
</UL>
<BR>[Address Reference Count : 1]<UL><LI> startup_tm4c129.o(RESET)
</UL>
<P><STRONG><a name="[57]"></a>GPIOP2_Handler</STRONG> (Thumb, 2 bytes, Stack size 0 bytes, startup_tm4c129.o(.text))
<BR><BR>[Calls]<UL><LI><a href="#[57]">&gt;&gt;</a>&nbsp;&nbsp;&nbsp;GPIOP2_Handler
</UL>
<BR>[Called By]<UL><LI><a href="#[57]">&gt;&gt;</a>&nbsp;&nbsp;&nbsp;GPIOP2_Handler
</UL>
<BR>[Address Reference Count : 1]<UL><LI> startup_tm4c129.o(RESET)
</UL>
<P><STRONG><a name="[58]"></a>GPIOP3_Handler</STRONG> (Thumb, 2 bytes, Stack size 0 bytes, startup_tm4c129.o(.text))
<BR><BR>[Calls]<UL><LI><a href="#[58]">&gt;&gt;</a>&nbsp;&nbsp;&nbsp;GPIOP3_Handler
</UL>
<BR>[Called By]<UL><LI><a href="#[58]">&gt;&gt;</a>&nbsp;&nbsp;&nbsp;GPIOP3_Handler
</UL>
<BR>[Address Reference Count : 1]<UL><LI> startup_tm4c129.o(RESET)
</UL>
<P><STRONG><a name="[59]"></a>GPIOP4_Handler</STRONG> (Thumb, 2 bytes, Stack size 0 bytes, startup_tm4c129.o(.text))
<BR><BR>[Calls]<UL><LI><a href="#[59]">&gt;&gt;</a>&nbsp;&nbsp;&nbsp;GPIOP4_Handler
</UL>
<BR>[Called By]<UL><LI><a href="#[59]">&gt;&gt;</a>&nbsp;&nbsp;&nbsp;GPIOP4_Handler
</UL>
<BR>[Address Reference Count : 1]<UL><LI> startup_tm4c129.o(RESET)
</UL>
<P><STRONG><a name="[5a]"></a>GPIOP5_Handler</STRONG> (Thumb, 2 bytes, Stack size 0 bytes, startup_tm4c129.o(.text))
<BR><BR>[Calls]<UL><LI><a href="#[5a]">&gt;&gt;</a>&nbsp;&nbsp;&nbsp;GPIOP5_Handler
</UL>
<BR>[Called By]<UL><LI><a href="#[5a]">&gt;&gt;</a>&nbsp;&nbsp;&nbsp;GPIOP5_Handler
</UL>
<BR>[Address Reference Count : 1]<UL><LI> startup_tm4c129.o(RESET)
</UL>
<P><STRONG><a name="[5b]"></a>GPIOP6_Handler</STRONG> (Thumb, 2 bytes, Stack size 0 bytes, startup_tm4c129.o(.text))
<BR><BR>[Calls]<UL><LI><a href="#[5b]">&gt;&gt;</a>&nbsp;&nbsp;&nbsp;GPIOP6_Handler
</UL>
<BR>[Called By]<UL><LI><a href="#[5b]">&gt;&gt;</a>&nbsp;&nbsp;&nbsp;GPIOP6_Handler
</UL>
<BR>[Address Reference Count : 1]<UL><LI> startup_tm4c129.o(RESET)
</UL>
<P><STRONG><a name="[5c]"></a>GPIOP7_Handler</STRONG> (Thumb, 2 bytes, Stack size 0 bytes, startup_tm4c129.o(.text))
<BR><BR>[Calls]<UL><LI><a href="#[5c]">&gt;&gt;</a>&nbsp;&nbsp;&nbsp;GPIOP7_Handler
</UL>
<BR>[Called By]<UL><LI><a href="#[5c]">&gt;&gt;</a>&nbsp;&nbsp;&nbsp;GPIOP7_Handler
</UL>
<BR>[Address Reference Count : 1]<UL><LI> startup_tm4c129.o(RESET)
</UL>
<P><STRONG><a name="[5d]"></a>GPIOQ0_Handler</STRONG> (Thumb, 2 bytes, Stack size 0 bytes, startup_tm4c129.o(.text))
<BR><BR>[Calls]<UL><LI><a href="#[5d]">&gt;&gt;</a>&nbsp;&nbsp;&nbsp;GPIOQ0_Handler
</UL>
<BR>[Called By]<UL><LI><a href="#[5d]">&gt;&gt;</a>&nbsp;&nbsp;&nbsp;GPIOQ0_Handler
</UL>
<BR>[Address Reference Count : 1]<UL><LI> startup_tm4c129.o(RESET)
</UL>
<P><STRONG><a name="[5e]"></a>GPIOQ1_Handler</STRONG> (Thumb, 2 bytes, Stack size 0 bytes, startup_tm4c129.o(.text))
<BR><BR>[Calls]<UL><LI><a href="#[5e]">&gt;&gt;</a>&nbsp;&nbsp;&nbsp;GPIOQ1_Handler
</UL>
<BR>[Called By]<UL><LI><a href="#[5e]">&gt;&gt;</a>&nbsp;&nbsp;&nbsp;GPIOQ1_Handler
</UL>
<BR>[Address Reference Count : 1]<UL><LI> startup_tm4c129.o(RESET)
</UL>
<P><STRONG><a name="[5f]"></a>GPIOQ2_Handler</STRONG> (Thumb, 2 bytes, Stack size 0 bytes, startup_tm4c129.o(.text))
<BR><BR>[Calls]<UL><LI><a href="#[5f]">&gt;&gt;</a>&nbsp;&nbsp;&nbsp;GPIOQ2_Handler
</UL>
<BR>[Called By]<UL><LI><a href="#[5f]">&gt;&gt;</a>&nbsp;&nbsp;&nbsp;GPIOQ2_Handler
</UL>
<BR>[Address Reference Count : 1]<UL><LI> startup_tm4c129.o(RESET)
</UL>
<P><STRONG><a name="[60]"></a>GPIOQ3_Handler</STRONG> (Thumb, 2 bytes, Stack size 0 bytes, startup_tm4c129.o(.text))
<BR><BR>[Calls]<UL><LI><a href="#[60]">&gt;&gt;</a>&nbsp;&nbsp;&nbsp;GPIOQ3_Handler
</UL>
<BR>[Called By]<UL><LI><a href="#[60]">&gt;&gt;</a>&nbsp;&nbsp;&nbsp;GPIOQ3_Handler
</UL>
<BR>[Address Reference Count : 1]<UL><LI> startup_tm4c129.o(RESET)
</UL>
<P><STRONG><a name="[61]"></a>GPIOQ4_Handler</STRONG> (Thumb, 2 bytes, Stack size 0 bytes, startup_tm4c129.o(.text))
<BR><BR>[Calls]<UL><LI><a href="#[61]">&gt;&gt;</a>&nbsp;&nbsp;&nbsp;GPIOQ4_Handler
</UL>
<BR>[Called By]<UL><LI><a href="#[61]">&gt;&gt;</a>&nbsp;&nbsp;&nbsp;GPIOQ4_Handler
</UL>
<BR>[Address Reference Count : 1]<UL><LI> startup_tm4c129.o(RESET)
</UL>
<P><STRONG><a name="[62]"></a>GPIOQ5_Handler</STRONG> (Thumb, 2 bytes, Stack size 0 bytes, startup_tm4c129.o(.text))
<BR><BR>[Calls]<UL><LI><a href="#[62]">&gt;&gt;</a>&nbsp;&nbsp;&nbsp;GPIOQ5_Handler
</UL>
<BR>[Called By]<UL><LI><a href="#[62]">&gt;&gt;</a>&nbsp;&nbsp;&nbsp;GPIOQ5_Handler
</UL>
<BR>[Address Reference Count : 1]<UL><LI> startup_tm4c129.o(RESET)
</UL>
<P><STRONG><a name="[63]"></a>GPIOQ6_Handler</STRONG> (Thumb, 2 bytes, Stack size 0 bytes, startup_tm4c129.o(.text))
<BR><BR>[Calls]<UL><LI><a href="#[63]">&gt;&gt;</a>&nbsp;&nbsp;&nbsp;GPIOQ6_Handler
</UL>
<BR>[Called By]<UL><LI><a href="#[63]">&gt;&gt;</a>&nbsp;&nbsp;&nbsp;GPIOQ6_Handler
</UL>
<BR>[Address Reference Count : 1]<UL><LI> startup_tm4c129.o(RESET)
</UL>
<P><STRONG><a name="[64]"></a>GPIOQ7_Handler</STRONG> (Thumb, 2 bytes, Stack size 0 bytes, startup_tm4c129.o(.text))
<BR><BR>[Calls]<UL><LI><a href="#[64]">&gt;&gt;</a>&nbsp;&nbsp;&nbsp;GPIOQ7_Handler
</UL>
<BR>[Called By]<UL><LI><a href="#[64]">&gt;&gt;</a>&nbsp;&nbsp;&nbsp;GPIOQ7_Handler
</UL>
<BR>[Address Reference Count : 1]<UL><LI> startup_tm4c129.o(RESET)
</UL>
<P><STRONG><a name="[65]"></a>GPIOR_Handler</STRONG> (Thumb, 2 bytes, Stack size 0 bytes, startup_tm4c129.o(.text))
<BR><BR>[Calls]<UL><LI><a href="#[65]">&gt;&gt;</a>&nbsp;&nbsp;&nbsp;GPIOR_Handler
</UL>
<BR>[Called By]<UL><LI><a href="#[65]">&gt;&gt;</a>&nbsp;&nbsp;&nbsp;GPIOR_Handler
</UL>
<BR>[Address Reference Count : 1]<UL><LI> startup_tm4c129.o(RESET)
</UL>
<P><STRONG><a name="[66]"></a>GPIOS_Handler</STRONG> (Thumb, 2 bytes, Stack size 0 bytes, startup_tm4c129.o(.text))
<BR><BR>[Calls]<UL><LI><a href="#[66]">&gt;&gt;</a>&nbsp;&nbsp;&nbsp;GPIOS_Handler
</UL>
<BR>[Called By]<UL><LI><a href="#[66]">&gt;&gt;</a>&nbsp;&nbsp;&nbsp;GPIOS_Handler
</UL>
<BR>[Address Reference Count : 1]<UL><LI> startup_tm4c129.o(RESET)
</UL>
<P><STRONG><a name="[67]"></a>SHAMD5_Handler</STRONG> (Thumb, 2 bytes, Stack size 0 bytes, startup_tm4c129.o(.text))
<BR><BR>[Calls]<UL><LI><a href="#[67]">&gt;&gt;</a>&nbsp;&nbsp;&nbsp;SHAMD5_Handler
</UL>
<BR>[Called By]<UL><LI><a href="#[67]">&gt;&gt;</a>&nbsp;&nbsp;&nbsp;SHAMD5_Handler
</UL>
<BR>[Address Reference Count : 1]<UL><LI> startup_tm4c129.o(RESET)
</UL>
<P><STRONG><a name="[68]"></a>AES_Handler</STRONG> (Thumb, 2 bytes, Stack size 0 bytes, startup_tm4c129.o(.text))
<BR><BR>[Calls]<UL><LI><a href="#[68]">&gt;&gt;</a>&nbsp;&nbsp;&nbsp;AES_Handler
</UL>
<BR>[Called By]<UL><LI><a href="#[68]">&gt;&gt;</a>&nbsp;&nbsp;&nbsp;AES_Handler
</UL>
<BR>[Address Reference Count : 1]<UL><LI> startup_tm4c129.o(RESET)
</UL>
<P><STRONG><a name="[69]"></a>DES3DES_Handler</STRONG> (Thumb, 2 bytes, Stack size 0 bytes, startup_tm4c129.o(.text))
<BR><BR>[Calls]<UL><LI><a href="#[69]">&gt;&gt;</a>&nbsp;&nbsp;&nbsp;DES3DES_Handler
</UL>
<BR>[Called By]<UL><LI><a href="#[69]">&gt;&gt;</a>&nbsp;&nbsp;&nbsp;DES3DES_Handler
</UL>
<BR>[Address Reference Count : 1]<UL><LI> startup_tm4c129.o(RESET)
</UL>
[...]
</UL>
<BR>[Calls]<UL><LI><a href="#[c3]">&gt;&gt;</a>&nbsp;&nbsp;&nbsp;LCD5110_DIN
<LI><a href="#[c2]">&gt;&gt;</a>&nbsp;&nbsp;&nbsp;LCD5110_DC
<LI><a href="#[c1]">&gt;&gt;</a>&nbsp;&nbsp;&nbsp;LCD5110_CLK
<LI><a href="#[bf]">&gt;&gt;</a>&nbsp;&nbsp;&nbsp;LCD5110_CE
</UL>
<BR>[Called By]<UL><LI><a href="#[ce]">&gt;&gt;</a>&nbsp;&nbsp;&nbsp;LCD5110_write_char
<LI><a href="#[ca]">&gt;&gt;</a>&nbsp;&nbsp;&nbsp;LCD5110_clear
<LI><a href="#[cd]">&gt;&gt;</a>&nbsp;&nbsp;&nbsp;LCD5110_set_XY
<LI><a href="#[cb]">&gt;&gt;</a>&nbsp;&nbsp;&nbsp;LCD5110_init
</UL>

<P><STRONG><a name="[c8]"></a>LCD5110_LIGHT</STRONG> (Thumb, 24 bytes, Stack size 8 bytes, lcd5110.o(i.LCD5110_LIGHT))
<BR><BR>[Stack]<UL><LI>Max Depth = 8<LI>Call Chain = LCD5110_LIGHT
</UL>
<BR>[Calls]<UL><LI><a href="#[c0]">&gt;&gt;</a>&nbsp;&nbsp;&nbsp;GPIOPinWrite
</UL>
<BR>[Called By]<UL><LI><a href="#[cc]">&gt;&gt;</a>&nbsp;&nbsp;&nbsp;LCD5110_light_on
</UL>

<P><STRONG><a name="[c9]"></a>LCD5110_RST</STRONG> (Thumb, 16 bytes, Stack size 8 bytes, lcd5110.o(i.LCD5110_RST))
<BR><BR>[Stack]<UL><LI>Max Depth = 8<LI>Call Chain = LCD5110_RST
</UL>
<BR>[Calls]<UL><LI><a href="#[c0]">&gt;&gt;</a>&nbsp;&nbsp;&nbsp;GPIOPinWrite
</UL>
<BR>[Called By]<UL><LI><a href="#[cb]">&gt;&gt;</a>&nbsp;&nbsp;&nbsp;LCD5110_init
</UL>

<P><STRONG><a name="[ca]"></a>LCD5110_clear</STRONG> (Thumb, 36 bytes, Stack size 16 bytes, lcd5110.o(i.LCD5110_clear))
<BR><BR>[Stack]<UL><LI>Max Depth = 40<LI>Call Chain = LCD5110_clear &rArr; LCD5110_LCD_write_byte &rArr; LCD5110_DIN
</UL>
<BR>[Calls]<UL><LI><a href="#[c7]">&gt;&gt;</a>&nbsp;&nbsp;&nbsp;LCD5110_LCD_write_byte
</UL>
<BR>[Called By]<UL><LI><a href="#[cb]">&gt;&gt;</a>&nbsp;&nbsp;&nbsp;LCD5110_init
</UL>

<P><STRONG><a name="[cb]"></a>LCD5110_init</STRONG> (Thumb, 106 bytes, Stack size 8 bytes, lcd5110.o(i.LCD5110_init))
<BR><BR>[Stack]<UL><LI>Max Depth = 52<LI>Call Chain = LCD5110_init &rArr; LCD5110_GPIO_Config &rArr; GPIOPinTypeGPIOOutput &rArr; GPIOPadConfigSet
</UL>
<BR>[Calls]<UL><LI><a href="#[cc]">&gt;&gt;</a>&nbsp;&nbsp;&nbsp;LCD5110_light_on
<LI><a href="#[ca]">&gt;&gt;</a>&nbsp;&nbsp;&nbsp;LCD5110_clear
<LI><a href="#[c9]">&gt;&gt;</a>&nbsp;&nbsp;&nbsp;LCD5110_RST
<LI><a href="#[c7]">&gt;&gt;</a>&nbsp;&nbsp;&nbsp;LCD5110_LCD_write_byte
<LI><a href="#[c5]">&gt;&gt;</a>&nbsp;&nbsp;&nbsp;LCD5110_LCD_delay_ms
<LI><a href="#[c4]">&gt;&gt;</a>&nbsp;&nbsp;&nbsp;LCD5110_GPIO_Config
<LI><a href="#[c3]">&gt;&gt;</a>&nbsp;&nbsp;&nbsp;LCD5110_DIN
<LI><a href="#[c2]">&gt;&gt;</a>&nbsp;&nbsp;&nbsp;LCD5110_DC
<LI><a href="#[c1]">&gt;&gt;</a>&nbsp;&nbsp;&nbsp;LCD5110_CLK
<LI><a href="#[bf]">&gt;&gt;</a>&nbsp;&nbsp;&nbsp;LCD5110_CE
</UL>
<BR>[Called By]<UL><LI><a href="#[89]">&gt;&gt;</a>&nbsp;&nbsp;&nbsp;main
</UL>

<P><STRONG><a name="[cc]"></a>LCD5110_light_on</STRONG> (Thumb, 10 bytes, Stack size 8 bytes, lcd5110.o(i.LCD5110_light_on))
<BR><BR>[Stack]<UL><LI>Max Depth = 16<LI>Call Chain = LCD5110_light_on &rArr; LCD5110_LIGHT
</UL>
<BR>[Calls]<UL><LI><a href="#[c8]">&gt;&gt;</a>&nbsp;&nbsp;&nbsp;LCD5110_LIGHT
</UL>
<BR>[Called By]<UL><LI><a href="#[cb]">&gt;&gt;</a>&nbsp;&nbsp;&nbsp;LCD5110_init
</UL>

<P><STRONG><a name="[cd]"></a>LCD5110_set_XY</STRONG> (Thumb, 36 bytes, Stack size 16 bytes, lcd5110.o(i.LCD5110_set_XY))
<BR><BR>[Stack]<UL><LI>Max Depth = 40<LI>Call Chain = LCD5110_set_XY &rArr; LCD5110_LCD_write_byte &rArr; LCD5110_DIN
</UL>
<BR>[Calls]<UL><LI><a href="#[c7]">&gt;&gt;</a>&nbsp;&nbsp;&nbsp;LCD5110_LCD_write_byte
</UL>
<BR>[Called By]<UL><LI><a href="#[89]">&gt;&gt;</a>&nbsp;&nbsp;&nbsp;main
</UL>

<P><STRONG><a name="[ce]"></a>LCD5110_write_char</STRONG> (Thumb, 46 bytes, Stack size 16 bytes, lcd5110.o(i.LCD5110_write_char))
<BR><BR>[Stack]<UL><LI>Max Depth = 40<LI>Call Chain = LCD5110_write_char &rArr; LCD5110_LCD_write_byte &rArr; LCD5110_DIN
</UL>
<BR>[Calls]<UL><LI><a href="#[c7]">&gt;&gt;</a>&nbsp;&nbsp;&nbsp;LCD5110_LCD_write_byte
</UL>
<BR>[Called By]<UL><LI><a href="#[cf]">&gt;&gt;</a>&nbsp;&nbsp;&nbsp;LCD5110_write_string
</UL>

<P><STRONG><a name="[cf]"></a>LCD5110_write_string</STRONG> (Thumb, 24 bytes, Stack size 16 bytes, lcd5110.o(i.LCD5110_write_string))
<BR><BR>[Stack]<UL><LI>Max Depth = 56<LI>Call Chain = LCD5110_write_string &rArr; LCD5110_write_char &rArr; LCD5110_LCD_write_byte &rArr; LCD5110_DIN
</UL>
<BR>[Calls]<UL><LI><a href="#[ce]">&gt;&gt;</a>&nbsp;&nbsp;&nbsp;LCD5110_write_char
</UL>
<BR>[Called By]<UL><LI><a href="#[89]">&gt;&gt;</a>&nbsp;&nbsp;&nbsp;main
</UL>

<P><STRONG><a name="[d0]"></a>Led_Init</STRONG> (Thumb, 42 bytes, Stack size 16 bytes, led.o(i.Led_Init))
<BR><BR>[Stack]<UL><LI>Max Depth = 52<LI>Call Chain = Led_Init &rArr; GPIOPinTypeGPIOOutput &rArr; GPIOPadConfigSet
</UL>
<BR>[Calls]<UL><LI><a href="#[b6]">&gt;&gt;</a>&nbsp;&nbsp;&nbsp;GPIOPinTypeGPIOOutput
<LI><a href="#[d1]">&gt;&gt;</a>&nbsp;&nbsp;&nbsp;Led_WriteState
<LI><a href="#[a0]">&gt;&gt;</a>&nbsp;&nbsp;&nbsp;SysCtlPeripheralReady
<LI><a href="#[9f]">&gt;&gt;</a>&nbsp;&nbsp;&nbsp;SysCtlPeripheralEnable
</UL>
<BR>[Called By]<UL><LI><a href="#[89]">&gt;&gt;</a>&nbsp;&nbsp;&nbsp;main
</UL>

<P><STRONG><a name="[d1]"></a>Led_WriteState</STRONG> (Thumb, 36 bytes, Stack size 24 bytes, led.o(i.Led_WriteState))
<BR><BR>[Stack]<UL><LI>Max Depth = 24<LI>Call Chain = Led_WriteState
</UL>
<BR>[Calls]<UL><LI><a href="#[c0]">&gt;&gt;</a>&nbsp;&nbsp;&nbsp;GPIOPinWrite
</UL>
<BR>[Called By]<UL><LI><a href="#[d0]">&gt;&gt;</a>&nbsp;&nbsp;&nbsp;Led_Init
</UL>

<P><STRONG><a name="[d2]"></a>SPI_init</STRONG> (Thumb, 98 bytes, Stack size 16 bytes, spi_driver.o(i.SPI_init))
<BR><BR>[Stack]<UL><LI>Max Depth = 52<LI>Call Chain = SPI_init &rArr; GPIOPinTypeSSI &rArr; GPIOPadConfigSet
</UL>
<BR>[Calls]<UL><LI><a href="#[d4]">&gt;&gt;</a>&nbsp;&nbsp;&nbsp;SSIEnable
<LI><a href="#[d3]">&gt;&gt;</a>&nbsp;&nbsp;&nbsp;SSIConfigSetExpClk
<LI><a href="#[b7]">&gt;&gt;</a>&nbsp;&nbsp;&nbsp;GPIOPinTypeSSI
<LI><a href="#[a0]">&gt;&gt;</a>&nbsp;&nbsp;&nbsp;SysCtlPeripheralReady
<LI><a href="#[bb]">&gt;&gt;</a>&nbsp;&nbsp;&nbsp;GPIOPinConfigure
<LI><a href="#[9f]">&gt;&gt;</a>&nbsp;&nbsp;&nbsp;SysCtlPeripheralEnable
</UL>
<BR>[Called By]<UL><LI><a href="#[89]">&gt;&gt;</a>&nbsp;&nbsp;&nbsp;main
</UL>

<P><STRONG><a name="[d3]"></a>SSIConfigSetExpClk</STRONG> (Thumb, 58 bytes, Stack size 4 bytes, ssi.o(i.SSIConfigSetExpClk))
<BR><BR>[Stack]<UL><LI>Max Depth = 4<LI>Call Chain = SSIConfigSetExpClk
</UL>
<BR>[Called By]<UL><LI><a href="#[d2]">&gt;&gt;</a>&nbsp;&nbsp;&nbsp;SPI_init
</UL>

<P><STRONG><a name="[d4]"></a>SSIEnable</STRONG> (Thumb, 10 bytes, Stack size 0 bytes, ssi.o(i.SSIEnable))
<BR><BR>[Called By]<UL><LI><a href="#[d2]">&gt;&gt;</a>&nbsp;&nbsp;&nbsp;SPI_init
</UL>

<P><STRONG><a name="[eb]"></a>SysCtlClockFreqSet</STRONG> (Thumb, 700 bytes, Stack size 24 bytes, sysctl.o(i.SysCtlClockFreqSet))
<BR><BR>[Stack]<UL><LI>Max Depth = 24<LI>Call Chain = SysCtlClockFreqSet
</UL>
<BR>[Called By]<UL><LI><a href="#[89]">&gt;&gt;</a>&nbsp;&nbsp;&nbsp;main
</UL>

<P><STRONG><a name="[9f]"></a>SysCtlPeripheralEnable</STRONG> (Thumb, 36 bytes, Stack size 0 bytes, sysctl.o(i.SysCtlPeripheralEnable))
<BR><BR>[Called By]<UL><LI><a href="#[c4]">&gt;&gt;</a>&nbsp;&nbsp;&nbsp;LCD5110_GPIO_Config
<LI><a href="#[e0]">&gt;&gt;</a>&nbsp;&nbsp;&nbsp;UART_Init
<LI><a href="#[d2]">&gt;&gt;</a>&nbsp;&nbsp;&nbsp;SPI_init
<LI><a href="#[d0]">&gt;&gt;</a>&nbsp;&nbsp;&nbsp;Led_Init
<LI><a href="#[aa]">&gt;&gt;</a>&nbsp;&nbsp;&nbsp;Button_Init
<LI><a href="#[9e]">&gt;&gt;</a>&nbsp;&nbsp;&nbsp;ADC_init
<LI><a href="#[ba]">&gt;&gt;</a>&nbsp;&nbsp;&nbsp;InitConsole
<LI><a href="#[bc]">&gt;&gt;</a>&nbsp;&nbsp;&nbsp;UARTStdioConfig
</UL>

<P><STRONG><a name="[de]"></a>SysCtlPeripheralPresent</STRONG> (Thumb, 40 bytes, Stack size 0 bytes, sysctl.o(i.SysCtlPeripheralPresent))
<BR><BR>[Called By]<UL><LI><a href="#[bc]">&gt;&gt;</a>&nbsp;&nbsp;&nbsp;UARTStdioConfig
</UL>

<P><STRONG><a name="[a0]"></a>SysCtlPeripheralReady</STRONG> (Thumb, 40 bytes, Stack size 0 bytes, sysctl.o(i.SysCtlPeripheralReady))
<BR><BR>[Called By]<UL><LI><a href="#[c4]">&gt;&gt;</a>&nbsp;&nbsp;&nbsp;LCD5110_GPIO_Config
<LI><a href="#[e0]">&gt;&gt;</a>&nbsp;&nbsp;&nbsp;UART_Init
<LI><a href="#[d2]">&gt;&gt;</a>&nbsp;&nbsp;&nbsp;SPI_init
<LI><a href="#[d0]">&gt;&gt;</a>&nbsp;&nbsp;&nbsp;Led_Init
<LI><a href="#[aa]">&gt;&gt;</a>&nbsp;&nbsp;&nbsp;Button_Init
<LI><a href="#[9e]">&gt;&gt;</a>&nbsp;&nbsp;&nbsp;ADC_init
</UL>

<P><STRONG><a name="[ea]"></a>SysTickEnable</STRONG> (Thumb, 14 bytes, Stack size 0 bytes, systick.o(i.SysTickEnable))
<BR><BR>[Called By]<UL><LI><a href="#[e7]">&gt;&gt;</a>&nbsp;&nbsp;&nbsp;delay_Init
</UL>

<P><STRONG><a name="[e9]"></a>SysTickIntEnable</STRONG> (Thumb, 14 bytes, Stack size 0 bytes, systick.o(i.SysTickIntEnable))
<BR><BR>[Called By]<UL><LI><a href="#[e7]">&gt;&gt;</a>&nbsp;&nbsp;&nbsp;delay_Init
</UL>

<P><STRONG><a name="[7c]"></a>SysTickIntHandler</STRONG> (Thumb, 18 bytes, Stack size 0 bytes, delay.o(i.SysTickIntHandler))
<BR>[Address Reference Count : 1]<UL><LI> delay.o(i.delay_Init)
</UL>
<P><STRONG><a name="[d5]"></a>SysTickIntRegister</STRONG> (Thumb, 24 bytes, Stack size 8 bytes, systick.o(i.SysTickIntRegister))
<BR><BR>[Stack]<UL><LI>Max Depth = 16<LI>Call Chain = SysTickIntRegister &rArr; IntRegister
</UL>
<BR>[Calls]<UL><LI><a href="#[b3]">&gt;&gt;</a>&nbsp;&nbsp;&nbsp;IntRegister
</UL>
<BR>[Called By]<UL><LI><a href="#[e7]">&gt;&gt;</a>&nbsp;&nbsp;&nbsp;delay_Init
</UL>

<P><STRONG><a name="[e8]"></a>SysTickPeriodSet</STRONG> (Thumb, 10 bytes, Stack size 0 bytes, systick.o(i.SysTickPeriodSet))
<BR><BR>[Called By]<UL><LI><a href="#[e7]">&gt;&gt;</a>&nbsp;&nbsp;&nbsp;delay_Init
</UL>

<P><STRONG><a name="[79]"></a>SystemInit</STRONG> (Thumb, 20 bytes, Stack size 0 bytes, system_tm4c129.o(i.SystemInit))
<BR>[Address Reference Count : 1]<UL><LI> startup_tm4c129.o(.text)
</UL>
<P><STRONG><a name="[12]"></a>UART1_Handler</STRONG> (Thumb, 96 bytes, Stack size 8 bytes, uart_driver.o(i.UART1_Handler))
<BR><BR>[Stack]<UL><LI>Max Depth = 20<LI>Call Chain = UART1_Handler &rArr; strcpy
</UL>
<BR>[Calls]<UL><LI><a href="#[d6]">&gt;&gt;</a>&nbsp;&nbsp;&nbsp;UARTIntStatus
<LI><a href="#[d9]">&gt;&gt;</a>&nbsp;&nbsp;&nbsp;UARTIntClear
<LI><a href="#[d7]">&gt;&gt;</a>&nbsp;&nbsp;&nbsp;UARTCharGet
<LI><a href="#[d8]">&gt;&gt;</a>&nbsp;&nbsp;&nbsp;strcpy
</UL>
<BR>[Address Reference Count : 2]<UL><LI> uart_driver.o(i.UART_Init)
<LI> startup_tm4c129.o(RESET)
</UL>
<P><STRONG><a name="[d7]"></a>UARTCharGet</STRONG> (Thumb, 12 bytes, Stack size 0 bytes, uart.o(i.UARTCharGet))
<BR><BR>[Calls]<UL><LI><a href="#[d7]">&gt;&gt;</a>&nbsp;&nbsp;&nbsp;UARTCharGet
</UL>
<BR>[Called By]<UL><LI><a href="#[12]">&gt;&gt;</a>&nbsp;&nbsp;&nbsp;UART1_Handler
<LI><a href="#[d7]">&gt;&gt;</a>&nbsp;&nbsp;&nbsp;UARTCharGet
</UL>

<P><STRONG><a name="[da]"></a>UARTCharPut</STRONG> (Thumb, 12 bytes, Stack size 0 bytes, uart.o(i.UARTCharPut))
<BR><BR>[Calls]<UL><LI><a href="#[da]">&gt;&gt;</a>&nbsp;&nbsp;&nbsp;UARTCharPut
</UL>
<BR>[Called By]<UL><LI><a href="#[e3]">&gt;&gt;</a>&nbsp;&nbsp;&nbsp;UART_Send
<LI><a href="#[da]">&gt;&gt;</a>&nbsp;&nbsp;&nbsp;UARTCharPut
<LI><a href="#[e6]">&gt;&gt;</a>&nbsp;&nbsp;&nbsp;UARTwrite
</UL>

<P><STRONG><a name="[db]"></a>UARTConfigSetExpClk</STRONG> (Thumb, 110 bytes, Stack size 0 bytes, uart.o(i.UARTConfigSetExpClk))
<BR><BR>[Calls]<UL><LI><a href="#[db]">&gt;&gt;</a>&nbsp;&nbsp;&nbsp;UARTConfigSetExpClk
</UL>
<BR>[Called By]<UL><LI><a href="#[e0]">&gt;&gt;</a>&nbsp;&nbsp;&nbsp;UART_Init
<LI><a href="#[db]">&gt;&gt;</a>&nbsp;&nbsp;&nbsp;UARTConfigSetExpClk
<LI><a href="#[bc]">&gt;&gt;</a>&nbsp;&nbsp;&nbsp;UARTStdioConfig
</UL>

<P><STRONG><a name="[df]"></a>UARTEnable</STRONG> (Thumb, 20 bytes, Stack size 0 bytes, uart.o(i.UARTEnable))
<BR><BR>[Called By]<UL><LI><a href="#[bc]">&gt;&gt;</a>&nbsp;&nbsp;&nbsp;UARTStdioConfig
</UL>

<P><STRONG><a name="[d9]"></a>UARTIntClear</STRONG> (Thumb, 4 bytes, Stack size 0 bytes, uart.o(i.UARTIntClear))
<BR><BR>[Called By]<UL><LI><a href="#[12]">&gt;&gt;</a>&nbsp;&nbsp;&nbsp;UART1_Handler
<LI><a href="#[e0]">&gt;&gt;</a>&nbsp;&nbsp;&nbsp;UART_Init
</UL>

<P><STRONG><a name="[e1]"></a>UARTIntDisable</STRONG> (Thumb, 10 bytes, Stack size 0 bytes, uart.o(i.UARTIntDisable))
<BR><BR>[Called By]<UL><LI><a href="#[e0]">&gt;&gt;</a>&nbsp;&nbsp;&nbsp;UART_Init
</UL>

<P><STRONG><a name="[e2]"></a>UARTIntEnable</STRONG> (Thumb, 8 bytes, Stack size 0 bytes, uart.o(i.UARTIntEnable))
<BR><BR>[Called By]<UL><LI><a href="#[e0]">&gt;&gt;</a>&nbsp;&nbsp;&nbsp;UART_Init
</UL>

<P><STRONG><a name="[dc]"></a>UARTIntRegister</STRONG> (Thumb, 70 bytes, Stack size 8 bytes, uart.o(i.UARTIntRegister))
<BR><BR>[Stack]<UL><LI>Max Depth = 16<LI>Call Chain = UARTIntRegister &rArr; IntRegister
</UL>
<BR>[Calls]<UL><LI><a href="#[b3]">&gt;&gt;</a>&nbsp;&nbsp;&nbsp;IntRegister
<LI><a href="#[b4]">&gt;&gt;</a>&nbsp;&nbsp;&nbsp;IntEnable
</UL>
<BR>[Called By]<UL><LI><a href="#[e0]">&gt;&gt;</a>&nbsp;&nbsp;&nbsp;UART_Init
</UL>

<P><STRONG><a name="[d6]"></a>UARTIntStatus</STRONG> (Thumb, 10 bytes, Stack size 0 bytes, uart.o(i.UARTIntStatus))
<BR><BR>[Called By]<UL><LI><a href="#[12]">&gt;&gt;</a>&nbsp;&nbsp;&nbsp;UART1_Handler
</UL>

<P><STRONG><a name="[7d]"></a>UARTReceived_Callback</STRONG> (Thumb, 14 bytes, Stack size 16 bytes, main.o(i.UARTReceived_Callback))
<BR><BR>[Stack]<UL><LI>Max Depth = 32<LI>Call Chain = UARTReceived_Callback &rArr; UART_SendStr &rArr; UART_Send
</UL>
<BR>[Calls]<UL><LI><a href="#[dd]">&gt;&gt;</a>&nbsp;&nbsp;&nbsp;UART_SendStr
</UL>
<BR>[Address Reference Count : 1]<UL><LI> main.o(i.main)
</UL>
<P><STRONG><a name="[bc]"></a>UARTStdioConfig</STRONG> (Thumb, 68 bytes, Stack size 16 bytes, uartstdio.o(i.UARTStdioConfig))
<BR><BR>[Stack]<UL><LI>Max Depth = 16<LI>Call Chain = UARTStdioConfig
</UL>
<BR>[Calls]<UL><LI><a href="#[df]">&gt;&gt;</a>&nbsp;&nbsp;&nbsp;UARTEnable
<LI><a href="#[db]">&gt;&gt;</a>&nbsp;&nbsp;&nbsp;UARTConfigSetExpClk
<LI><a href="#[de]">&gt;&gt;</a>&nbsp;&nbsp;&nbsp;SysCtlPeripheralPresent
<LI><a href="#[9f]">&gt;&gt;</a>&nbsp;&nbsp;&nbsp;SysCtlPeripheralEnable
</UL>
<BR>[Called By]<UL><LI><a href="#[ba]">&gt;&gt;</a>&nbsp;&nbsp;&nbsp;InitConsole
</UL>

<P><STRONG><a name="[e0]"></a>UART_Init</STRONG> (Thumb, 120 bytes, Stack size 8 bytes, uart_driver.o(i.UART_Init))
<BR><BR>[Stack]<UL><LI>Max Depth = 44<LI>Call Chain = UART_Init &rArr; GPIOPinTypeUART &rArr; GPIOPadConfigSet
</UL>
<BR>[Calls]<UL><LI><a href="#[dc]">&gt;&gt;</a>&nbsp;&nbsp;&nbsp;UARTIntRegister
<LI><a href="#[e2]">&gt;&gt;</a>&nbsp;&nbsp;&nbsp;UARTIntEnable
<LI><a href="#[e1]">&gt;&gt;</a>&nbsp;&nbsp;&nbsp;UARTIntDisable
<LI><a href="#[d9]">&gt;&gt;</a>&nbsp;&nbsp;&nbsp;UARTIntClear
<LI><a href="#[a0]">&gt;&gt;</a>&nbsp;&nbsp;&nbsp;SysCtlPeripheralReady
<LI><a href="#[b8]">&gt;&gt;</a>&nbsp;&nbsp;&nbsp;GPIOPinTypeUART
<LI><a href="#[bb]">&gt;&gt;</a>&nbsp;&nbsp;&nbsp;GPIOPinConfigure
<LI><a href="#[db]">&gt;&gt;</a>&nbsp;&nbsp;&nbsp;UARTConfigSetExpClk
<LI><a href="#[9f]">&gt;&gt;</a>&nbsp;&nbsp;&nbsp;SysCtlPeripheralEnable
</UL>
<BR>[Called By]<UL><LI><a href="#[89]">&gt;&gt;</a>&nbsp;&nbsp;&nbsp;main
</UL>

<P><STRONG><a name="[e3]"></a>UART_Send</STRONG> (Thumb, 14 bytes, Stack size 8 bytes, uart_driver.o(i.UART_Send))
<BR><BR>[Stack]<UL><LI>Max Depth = 8<LI>Call Chain = UART_Send
</UL>
<BR>[Calls]<UL><LI><a href="#[da]">&gt;&gt;</a>&nbsp;&nbsp;&nbsp;UARTCharPut
</UL>
<BR>[Called By]<UL><LI><a href="#[dd]">&gt;&gt;</a>&nbsp;&nbsp;&nbsp;UART_SendStr
</UL>

<P><STRONG><a name="[dd]"></a>UART_SendStr</STRONG> (Thumb, 22 bytes, Stack size 8 bytes, uart_driver.o(i.UART_SendStr))
<BR><BR>[Stack]<UL><LI>Max Depth = 16<LI>Call Chain = UART_SendStr &rArr; UART_Send
</UL>
<BR>[Calls]<UL><LI><a href="#[e3]">&gt;&gt;</a>&nbsp;&nbsp;&nbsp;UART_Send
</UL>
<BR>[Called By]<UL><LI><a href="#[89]">&gt;&gt;</a>&nbsp;&nbsp;&nbsp;main
<LI><a href="#[7d]">&gt;&gt;</a>&nbsp;&nbsp;&nbsp;UARTReceived_Callback
</UL>

<P><STRONG><a name="[e4]"></a>UARTprintf</STRONG> (Thumb, 26 bytes, Stack size 24 bytes, uartstdio.o(i.UARTprintf))
<BR><BR>[Stack]<UL><LI>Max Depth = 104<LI>Call Chain = UARTprintf &rArr; UARTvprintf &rArr; UARTwrite
</UL>
<BR>[Calls]<UL><LI><a href="#[e5]">&gt;&gt;</a>&nbsp;&nbsp;&nbsp;UARTvprintf
</UL>
<BR>[Called By]<UL><LI><a href="#[89]">&gt;&gt;</a>&nbsp;&nbsp;&nbsp;main
</UL>

<P><STRONG><a name="[e5]"></a>UARTvprintf</STRONG> (Thumb, 574 bytes, Stack size 64 bytes, uartstdio.o(i.UARTvprintf))
<BR><BR>[Stack]<UL><LI>Max Depth = 80<LI>Call Chain = UARTvprintf &rArr; UARTwrite
</UL>
<BR>[Calls]<UL><LI><a href="#[e6]">&gt;&gt;</a>&nbsp;&nbsp;&nbsp;UARTwrite
</UL>
<BR>[Called By]<UL><LI><a href="#[e4]">&gt;&gt;</a>&nbsp;&nbsp;&nbsp;UARTprintf
</UL>

<P><STRONG><a name="[e6]"></a>UARTwrite</STRONG> (Thumb, 46 bytes, Stack size 16 bytes, uartstdio.o(i.UARTwrite))
<BR><BR>[Stack]<UL><LI>Max Depth = 16<LI>Call Chain = UARTwrite
</UL>
<BR>[Calls]<UL><LI><a href="#[da]">&gt;&gt;</a>&nbsp;&nbsp;&nbsp;UARTCharPut
</UL>
<BR>[Called By]<UL><LI><a href="#[e5]">&gt;&gt;</a>&nbsp;&nbsp;&nbsp;UARTvprintf
</UL>

<P><STRONG><a name="[e7]"></a>delay_Init</STRONG> (Thumb, 38 bytes, Stack size 16 bytes, delay.o(i.delay_Init))
<BR><BR>[Stack]<UL><LI>Max Depth = 32<LI>Call Chain = delay_Init &rArr; SysTickIntRegister &rArr; IntRegister
</UL>
<BR>[Calls]<UL><LI><a href="#[e8]">&gt;&gt;</a>&nbsp;&nbsp;&nbsp;SysTickPeriodSet
<LI><a href="#[d5]">&gt;&gt;</a>&nbsp;&nbsp;&nbsp;SysTickIntRegister
<LI><a href="#[e9]">&gt;&gt;</a>&nbsp;&nbsp;&nbsp;SysTickIntEnable
<LI><a href="#[ea]">&gt;&gt;</a>&nbsp;&nbsp;&nbsp;SysTickEnable
<LI><a href="#[bd]">&gt;&gt;</a>&nbsp;&nbsp;&nbsp;IntMasterEnable
</UL>
<BR>[Called By]<UL><LI><a href="#[89]">&gt;&gt;</a>&nbsp;&nbsp;&nbsp;main
</UL>

<P><STRONG><a name="[c6]"></a>delay_ms</STRONG> (Thumb, 16 bytes, Stack size 0 bytes, delay.o(i.delay_ms))
<BR><BR>[Called By]<UL><LI><a href="#[c5]">&gt;&gt;</a>&nbsp;&nbsp;&nbsp;LCD5110_LCD_delay_ms
<LI><a href="#[89]">&gt;&gt;</a>&nbsp;&nbsp;&nbsp;main
</UL>

<P><STRONG><a name="[89]"></a>main</STRONG> (Thumb, 206 bytes, Stack size 48 bytes, main.o(i.main))
<BR><BR>[Stack]<UL><LI>Max Depth = 152<LI>Call Chain = main &rArr; UARTprintf &rArr; UARTvprintf &rArr; UARTwrite
</UL>
<BR>[Calls]<UL><LI><a href="#[c6]">&gt;&gt;</a>&nbsp;&nbsp;&nbsp;delay_ms
<LI><a href="#[e7]">&gt;&gt;</a>&nbsp;&nbsp;&nbsp;delay_Init
<LI><a href="#[dd]">&gt;&gt;</a>&nbsp;&nbsp;&nbsp;UART_SendStr
<LI><a href="#[e0]">&gt;&gt;</a>&nbsp;&nbsp;&nbsp;UART_Init
<LI><a href="#[eb]">&gt;&gt;</a>&nbsp;&nbsp;&nbsp;SysCtlClockFreqSet
<LI><a href="#[d2]">&gt;&gt;</a>&nbsp;&nbsp;&nbsp;SPI_init
<LI><a href="#[d0]">&gt;&gt;</a>&nbsp;&nbsp;&nbsp;Led_Init
<LI><a href="#[cf]">&gt;&gt;</a>&nbsp;&nbsp;&nbsp;LCD5110_write_string
<LI><a href="#[cd]">&gt;&gt;</a>&nbsp;&nbsp;&nbsp;LCD5110_set_XY
<LI><a href="#[cb]">&gt;&gt;</a>&nbsp;&nbsp;&nbsp;LCD5110_init
<LI><a href="#[aa]">&gt;&gt;</a>&nbsp;&nbsp;&nbsp;Button_Init
<LI><a href="#[a5]">&gt;&gt;</a>&nbsp;&nbsp;&nbsp;ADC_readMag
<LI><a href="#[9e]">&gt;&gt;</a>&nbsp;&nbsp;&nbsp;ADC_init
<LI><a href="#[ba]">&gt;&gt;</a>&nbsp;&nbsp;&nbsp;InitConsole
<LI><a href="#[e4]">&gt;&gt;</a>&nbsp;&nbsp;&nbsp;UARTprintf
</UL>
<BR>[Called By]<UL><LI><a href="#[88]">&gt;&gt;</a>&nbsp;&nbsp;&nbsp;__rt_entry_main
</UL>

<P><STRONG><a name="[83]"></a>_fp_init</STRONG> (Thumb, 10 bytes, Stack size 0 bytes, fpinit.o(x$fpl$fpinit))
<BR><BR>[Called By]<UL><LI><a href="#[82]">&gt;&gt;</a>&nbsp;&nbsp;&nbsp;__rt_lib_init_fp_1
</UL>

<P><STRONG><a name="[11b]"></a>__fplib_config_fpu_vfp</STRONG> (Thumb, 0 bytes, Stack size unknown bytes, fpinit.o(x$fpl$fpinit), UNUSED)

<P><STRONG><a name="[11c]"></a>__fplib_config_pureend_doubles</STRONG> (Thumb, 0 bytes, Stack size unknown bytes, fpinit.o(x$fpl$fpinit), UNUSED)
<P>
<H3>
Local Symbols
</H3>
<P><STRONG><a name="[b2]"></a>_GPIOIntNumberGet</STRONG> (Thumb, 62 bytes, Stack size 0 bytes, gpio.o(i._GPIOIntNumberGet))
<BR><BR>[Called By]<UL><LI><a href="#[af]">&gt;&gt;</a>&nbsp;&nbsp;&nbsp;GPIOIntRegister
</UL>
<P>
<H3>
Undefined Global Symbols
</H3><HR></body></html>
