Component: ARM Compiler 5.06 update 5 (build 528) Tool: armlink [4d35e2]

==============================================================================

Section Cross References

    main.o(i.UARTReceived_Callback) refers to uart_driver.o(i.UART_SendStr) for UART_SendStr
    main.o(i.main) refers to sysctl.o(i.SysCtlClockFreqSet) for SysCtlClockFreqSet
    main.o(i.main) refers to uart_driver.o(i.UART_Init) for UART_Init
    main.o(i.main) refers to button_control.o(i.Button_Init) for Button_Init
    main.o(i.main) refers to main.o(i.UARTReceived_Callback) for UARTReceived_Callback
    button_control.o(i.Button_Init) refers to sysctl.o(i.SysCtlPeripheralEnable) for SysCtlPeripheralEnable
    button_control.o(i.Button_Init) refers to sysctl.o(i.SysCtlPeripheralReady) for SysCtlPeripheralReady
    button_control.o(i.Button_Init) refers to gpio.o(i.GPIOPinTypeGPIOInput) for GPIOPinTypeGPIOInput
    button_control.o(i.Button_Init) refers to gpio.o(i.GPIOPadConfigSet) for GPIOPadConfigSet
    button_control.o(i.Button_Init) refers to gpio.o(i.GPIOIntDisable) for GPIOIntDisable
    button_control.o(i.Button_Init) refers to gpio.o(i.GPIOIntClear) for GPIOIntClear
    button_control.o(i.Button_Init) refers to gpio.o(i.GPIOIntRegister) for GPIOIntRegister
    button_control.o(i.Button_Init) refers to gpio.o(i.GPIOIntTypeSet) for GPIOIntTypeSet
    button_control.o(i.Button_Init) refers to gpio.o(i.GPIOIntEnable) for GPIOIntEnable
    button_control.o(i.Button_Init) refers to button_control.o(.bss) for _button_callback
    button_control.o(i.Button_Init) refers to button_control.o(i.GPIOPortLIntHandler) for GPIOPortLIntHandler
    button_control.o(i.Button_SetBtn0Callback) refers to button_control.o(.bss) for _button_callback
    button_control.o(i.Button_SetBtn1Callback) refers to button_control.o(.bss) for _button_callback
    button_control.o(i.Button_SetBtn2Callback) refers to button_control.o(.bss) for _button_callback
    button_control.o(i.Button_SetBtnsCallback) refers to button_control.o(.bss) for _button_callback
    button_control.o(i.GPIOPortLIntHandler) refers to gpio.o(i.GPIOIntStatus) for GPIOIntStatus
    button_control.o(i.GPIOPortLIntHandler) refers to gpio.o(i.GPIOIntClear) for GPIOIntClear
    button_control.o(i.GPIOPortLIntHandler) refers to button_control.o(.bss) for _button_callback
    uart_driver.o(i.UART1_Handler) refers to uart.o(i.UARTIntStatus) for UARTIntStatus
    uart_driver.o(i.UART1_Handler) refers to uart.o(i.UARTCharGet) for UARTCharGet
    uart_driver.o(i.UART1_Handler) refers to strcpy.o(.text) for strcpy
    uart_driver.o(i.UART1_Handler) refers to uart.o(i.UARTIntClear) for UARTIntClear
    uart_driver.o(i.UART1_Handler) refers to uart_driver.o(.data) for _index
    uart_driver.o(i.UART_Init) refers to sysctl.o(i.SysCtlPeripheralEnable) for SysCtlPeripheralEnable
    uart_driver.o(i.UART_Init) refers to sysctl.o(i.SysCtlPeripheralReady) for SysCtlPeripheralReady
    uart_driver.o(i.UART_Init) refers to sysctl.o(i.SysCtlClockGet) for SysCtlClockGet
    uart_driver.o(i.UART_Init) refers to uart.o(i.UARTConfigSetExpClk) for UARTConfigSetExpClk
    uart_driver.o(i.UART_Init) refers to uart.o(i.UARTIntDisable) for UARTIntDisable
    uart_driver.o(i.UART_Init) refers to uart.o(i.UARTIntClear) for UARTIntClear
    uart_driver.o(i.UART_Init) refers to uart.o(i.UARTIntRegister) for UARTIntRegister
    uart_driver.o(i.UART_Init) refers to uart.o(i.UARTIntEnable) for UARTIntEnable
    uart_driver.o(i.UART_Init) refers to uart_driver.o(.data) for _UART_Received_CallBack
    uart_driver.o(i.UART_Init) refers to uart_driver.o(i.UART1_Handler) for UART1_Handler
    uart_driver.o(i.UART_Send) refers to uart.o(i.UARTCharGetNonBlocking) for UARTCharGetNonBlocking
    uart_driver.o(i.UART_Send) refers to uart.o(i.UARTCharPut) for UARTCharPut
    uart_driver.o(i.UART_SendStr) refers to uart_driver.o(i.UART_Send) for UART_Send
    adc_driver.o(i.ADC_init) refers to sysctl.o(i.SysCtlPeripheralEnable) for SysCtlPeripheralEnable
    adc_driver.o(i.ADC_init) refers to sysctl.o(i.SysCtlPeripheralReady) for SysCtlPeripheralReady
    adc_driver.o(i.ADC_init) refers to gpio.o(i.GPIOPinTypeADC) for GPIOPinTypeADC
    adc_driver.o(i.ADC_init) refers to adc.o(i.ADCSequenceConfigure) for ADCSequenceConfigure
    adc_driver.o(i.ADC_init) refers to adc.o(i.ADCSequenceStepConfigure) for ADCSequenceStepConfigure
    adc_driver.o(i.ADC_init) refers to adc.o(i.ADCSequenceEnable) for ADCSequenceEnable
    adc_driver.o(i.ADC_readMag) refers to adc.o(i.ADCProcessorTrigger) for ADCProcessorTrigger
    adc_driver.o(i.ADC_readMag) refers to adc.o(i.ADCIntStatus) for ADCIntStatus
    adc_driver.o(i.ADC_readMag) refers to adc.o(i.ADCIntClear) for ADCIntClear
    adc_driver.o(i.ADC_readMag) refers to adc.o(i.ADCSequenceDataGet) for ADCSequenceDataGet
    adc_driver.o(i.ADC_readPhs) refers to adc.o(i.ADCProcessorTrigger) for ADCProcessorTrigger
    adc_driver.o(i.ADC_readPhs) refers to adc.o(i.ADCIntStatus) for ADCIntStatus
[...]
    gpio.o(i.GPIOPinTypeCAN) refers to gpio.o(i.GPIODirModeSet) for GPIODirModeSet
    gpio.o(i.GPIOPinTypeCAN) refers to gpio.o(i.GPIOPadConfigSet) for GPIOPadConfigSet
    gpio.o(i.GPIOPinTypeComparator) refers to gpio.o(i.GPIODirModeSet) for GPIODirModeSet
    gpio.o(i.GPIOPinTypeComparator) refers to gpio.o(i.GPIOPadConfigSet) for GPIOPadConfigSet
    gpio.o(i.GPIOPinTypeComparatorOutput) refers to gpio.o(i.GPIODirModeSet) for GPIODirModeSet
    gpio.o(i.GPIOPinTypeComparatorOutput) refers to gpio.o(i.GPIOPadConfigSet) for GPIOPadConfigSet
    gpio.o(i.GPIOPinTypeDIVSCLK) refers to gpio.o(i.GPIODirModeSet) for GPIODirModeSet
    gpio.o(i.GPIOPinTypeDIVSCLK) refers to gpio.o(i.GPIOPadConfigSet) for GPIOPadConfigSet
    gpio.o(i.GPIOPinTypeEPI) refers to gpio.o(i.GPIODirModeSet) for GPIODirModeSet
    gpio.o(i.GPIOPinTypeEPI) refers to gpio.o(i.GPIOPadConfigSet) for GPIOPadConfigSet
    gpio.o(i.GPIOPinTypeEthernetLED) refers to gpio.o(i.GPIODirModeSet) for GPIODirModeSet
    gpio.o(i.GPIOPinTypeEthernetLED) refers to gpio.o(i.GPIOPadConfigSet) for GPIOPadConfigSet
    gpio.o(i.GPIOPinTypeEthernetMII) refers to gpio.o(i.GPIODirModeSet) for GPIODirModeSet
    gpio.o(i.GPIOPinTypeEthernetMII) refers to gpio.o(i.GPIOPadConfigSet) for GPIOPadConfigSet
    gpio.o(i.GPIOPinTypeGPIOInput) refers to gpio.o(i.GPIODirModeSet) for GPIODirModeSet
    gpio.o(i.GPIOPinTypeGPIOInput) refers to gpio.o(i.GPIOPadConfigSet) for GPIOPadConfigSet
    gpio.o(i.GPIOPinTypeGPIOOutput) refers to gpio.o(i.GPIOPadConfigSet) for GPIOPadConfigSet
    gpio.o(i.GPIOPinTypeGPIOOutput) refers to gpio.o(i.GPIODirModeSet) for GPIODirModeSet
    gpio.o(i.GPIOPinTypeGPIOOutputOD) refers to gpio.o(i.GPIOPadConfigSet) for GPIOPadConfigSet
    gpio.o(i.GPIOPinTypeGPIOOutputOD) refers to gpio.o(i.GPIODirModeSet) for GPIODirModeSet
    gpio.o(i.GPIOPinTypeHibernateRTCCLK) refers to gpio.o(i.GPIODirModeSet) for GPIODirModeSet
    gpio.o(i.GPIOPinTypeHibernateRTCCLK) refers to gpio.o(i.GPIOPadConfigSet) for GPIOPadConfigSet
    gpio.o(i.GPIOPinTypeI2C) refers to gpio.o(i.GPIODirModeSet) for GPIODirModeSet
    gpio.o(i.GPIOPinTypeI2C) refers to gpio.o(i.GPIOPadConfigSet) for GPIOPadConfigSet
    gpio.o(i.GPIOPinTypeI2CSCL) refers to gpio.o(i.GPIODirModeSet) for GPIODirModeSet
    gpio.o(i.GPIOPinTypeI2CSCL) refers to gpio.o(i.GPIOPadConfigSet) for GPIOPadConfigSet
    gpio.o(i.GPIOPinTypeLCD) refers to gpio.o(i.GPIODirModeSet) for GPIODirModeSet
    gpio.o(i.GPIOPinTypeLCD) refers to gpio.o(i.GPIOPadConfigSet) for GPIOPadConfigSet
    gpio.o(i.GPIOPinTypeOneWire) refers to gpio.o(i.GPIODirModeSet) for GPIODirModeSet
    gpio.o(i.GPIOPinTypeOneWire) refers to gpio.o(i.GPIOPadConfigSet) for GPIOPadConfigSet
    gpio.o(i.GPIOPinTypePWM) refers to gpio.o(i.GPIODirModeSet) for GPIODirModeSet
    gpio.o(i.GPIOPinTypePWM) refers to gpio.o(i.GPIOPadConfigSet) for GPIOPadConfigSet
    gpio.o(i.GPIOPinTypeQEI) refers to gpio.o(i.GPIODirModeSet) for GPIODirModeSet
    gpio.o(i.GPIOPinTypeQEI) refers to gpio.o(i.GPIOPadConfigSet) for GPIOPadConfigSet
    gpio.o(i.GPIOPinTypeSSI) refers to gpio.o(i.GPIODirModeSet) for GPIODirModeSet
    gpio.o(i.GPIOPinTypeSSI) refers to gpio.o(i.GPIOPadConfigSet) for GPIOPadConfigSet
    gpio.o(i.GPIOPinTypeTimer) refers to gpio.o(i.GPIODirModeSet) for GPIODirModeSet
    gpio.o(i.GPIOPinTypeTimer) refers to gpio.o(i.GPIOPadConfigSet) for GPIOPadConfigSet
    gpio.o(i.GPIOPinTypeTrace) refers to gpio.o(i.GPIODirModeSet) for GPIODirModeSet
    gpio.o(i.GPIOPinTypeTrace) refers to gpio.o(i.GPIOPadConfigSet) for GPIOPadConfigSet
    gpio.o(i.GPIOPinTypeUART) refers to gpio.o(i.GPIODirModeSet) for GPIODirModeSet
    gpio.o(i.GPIOPinTypeUART) refers to gpio.o(i.GPIOPadConfigSet) for GPIOPadConfigSet
    gpio.o(i.GPIOPinTypeUSBAnalog) refers to gpio.o(i.GPIODirModeSet) for GPIODirModeSet
    gpio.o(i.GPIOPinTypeUSBAnalog) refers to gpio.o(i.GPIOPadConfigSet) for GPIOPadConfigSet
    gpio.o(i.GPIOPinTypeUSBDigital) refers to gpio.o(i.GPIODirModeSet) for GPIODirModeSet
    gpio.o(i.GPIOPinTypeUSBDigital) refers to gpio.o(i.GPIOPadConfigSet) for GPIOPadConfigSet
    gpio.o(i.GPIOPinTypeWakeHigh) refers to gpio.o(i.GPIODirModeSet) for GPIODirModeSet
    gpio.o(i.GPIOPinTypeWakeHigh) refers to gpio.o(i.GPIOPadConfigSet) for GPIOPadConfigSet
    gpio.o(i.GPIOPinTypeWakeLow) refers to gpio.o(i.GPIODirModeSet) for GPIODirModeSet
    gpio.o(i.GPIOPinTypeWakeLow) refers to gpio.o(i.GPIOPadConfigSet) for GPIOPadConfigSet
    gpio.o(i._GPIOIntNumberGet) refers to gpio.o(.constdata) for .constdata
    sysctl.o(i.SysCtlClockFreqSet) refers to sysctl.o(.constdata) for .constdata
    sysctl.o(i.SysCtlClockGet) refers to sysctl.o(.constdata) for .constdata
    sysctl.o(i.SysCtlClockSet) refers to sysctl.o(.emb_text) for SysCtlDelay
    sysctl.o(i.SysCtlDeepSleep) refers to cpu.o(.emb_text) for CPUwfi
    sysctl.o(i.SysCtlIntRegister) refers to interrupt.o(i.IntRegister) for IntRegister
    sysctl.o(i.SysCtlIntRegister) refers to interrupt.o(i.IntEnable) for IntEnable
    sysctl.o(i.SysCtlIntUnregister) refers to interrupt.o(i.IntDisable) for IntDisable
    sysctl.o(i.SysCtlIntUnregister) refers to interrupt.o(i.IntUnregister) for IntUnregister
    sysctl.o(i.SysCtlSleep) refers to cpu.o(.emb_text) for CPUwfi
    sysctl.o(i.SysCtlVCOGet) refers to sysctl.o(.constdata) for .constdata
    uart.o(i.UARTIntRegister) refers to interrupt.o(i.IntRegister) for IntRegister
    uart.o(i.UARTIntRegister) refers to interrupt.o(i.IntEnable) for IntEnable
    uart.o(i.UARTIntRegister) refers to uart.o(.constdata) for .constdata
    uart.o(i.UARTIntUnregister) refers to interrupt.o(i.IntDisable) for IntDisable
    uart.o(i.UARTIntUnregister) refers to interrupt.o(i.IntUnregister) for IntUnregister
    uart.o(i.UARTIntUnregister) refers to uart.o(.constdata) for .constdata
    interrupt.o(i.IntDisable) refers to interrupt.o(.constdata) for .constdata
    interrupt.o(i.IntEnable) refers to interrupt.o(.constdata) for .constdata
    interrupt.o(i.IntIsEnabled) refers to interrupt.o(.constdata) for .constdata
    interrupt.o(i.IntMasterDisable) refers to cpu.o(.emb_text) for CPUcpsid
    interrupt.o(i.IntMasterEnable) refers to cpu.o(.emb_text) for CPUcpsie
    interrupt.o(i.IntPendClear) refers to interrupt.o(.constdata) for .constdata
    interrupt.o(i.IntPendSet) refers to interrupt.o(.constdata) for .constdata
    interrupt.o(i.IntPriorityGet) refers to interrupt.o(.constdata) for .constdata
    interrupt.o(i.IntPriorityGroupingGet) refers to interrupt.o(.constdata) for .constdata
    interrupt.o(i.IntPriorityGroupingSet) refers to interrupt.o(.constdata) for .constdata
    interrupt.o(i.IntPriorityMaskGet) refers to cpu.o(.emb_text) for CPUbasepriGet
    interrupt.o(i.IntPriorityMaskSet) refers to cpu.o(.emb_text) for CPUbasepriSet
    interrupt.o(i.IntPrioritySet) refers to interrupt.o(.constdata) for .constdata
    interrupt.o(i.IntRegister) refers to interrupt.o(vtable) for vtable
    interrupt.o(i.IntUnregister) refers to interrupt.o(i._IntDefaultHandler) for _IntDefaultHandler
    interrupt.o(i.IntUnregister) refers to interrupt.o(vtable) for vtable
    __main.o(!!!main) refers to __rtentry.o(.ARM.Collect$$rtentry$$00000000) for __rt_entry
    __rtentry.o(.ARM.Collect$$rtentry$$00000000) refers (Special) to __rtentry2.o(.ARM.Collect$$rtentry$$0000000A) for __rt_entry_li
    __rtentry.o(.ARM.Collect$$rtentry$$00000000) refers (Special) to __rtentry2.o(.ARM.Collect$$rtentry$$0000000D) for __rt_entry_main
    __rtentry.o(.ARM.Collect$$rtentry$$00000000) refers (Special) to __rtentry2.o(.ARM.Collect$$rtentry$$0000000C) for __rt_entry_postli_1
    __rtentry.o(.ARM.Collect$$rtentry$$00000000) refers (Special) to __rtentry2.o(.ARM.Collect$$rtentry$$00000009) for __rt_entry_postsh_1
    __rtentry.o(.ARM.Collect$$rtentry$$00000000) refers (Special) to __rtentry2.o(.ARM.Collect$$rtentry$$00000002) for __rt_entry_presh_1
    __rtentry.o(.ARM.Collect$$rtentry$$00000000) refers (Special) to __rtentry4.o(.ARM.Collect$$rtentry$$00000004) for __rt_entry_sh
    __rtentry2.o(.ARM.Collect$$rtentry$$00000008) refers to boardinit2.o(.text) for _platform_post_stackheap_init
    __rtentry2.o(.ARM.Collect$$rtentry$$0000000A) refers to libinit.o(.ARM.Collect$$libinit$$00000000) for __rt_lib_init
    __rtentry2.o(.ARM.Collect$$rtentry$$0000000B) refers to boardinit3.o(.text) for _platform_post_lib_init
    __rtentry2.o(.ARM.Collect$$rtentry$$0000000D) refers to main.o(i.main) for main
    __rtentry2.o(.ARM.Collect$$rtentry$$0000000D) refers to exit.o(.text) for exit
    __rtentry2.o(.ARM.exidx) refers to __rtentry2.o(.ARM.Collect$$rtentry$$00000001) for .ARM.Collect$$rtentry$$00000001
    __rtentry2.o(.ARM.exidx) refers to __rtentry2.o(.ARM.Collect$$rtentry$$00000008) for .ARM.Collect$$rtentry$$00000008
    __rtentry2.o(.ARM.exidx) refers to __rtentry2.o(.ARM.Collect$$rtentry$$0000000A) for .ARM.Collect$$rtentry$$0000000A
    __rtentry2.o(.ARM.exidx) refers to __rtentry2.o(.ARM.Collect$$rtentry$$0000000B) for .ARM.Collect$$rtentry$$0000000B
    __rtentry2.o(.ARM.exidx) refers to __rtentry2.o(.ARM.Collect$$rtentry$$0000000D) for .ARM.Collect$$rtentry$$0000000D
    __rtentry4.o(.ARM.Collect$$rtentry$$00000004) refers to sys_stackheap_outer.o(.text) for __user_setup_stackheap
    __rtentry4.o(.ARM.exidx) refers to __rtentry4.o(.ARM.Collect$$rtentry$$00000004) for .ARM.Collect$$rtentry$$00000004
    sys_stackheap_outer.o(.text) refers to libspace.o(.text) for __user_perproc_libspace
    sys_stackheap_outer.o(.text) refers to startup_tm4c129.o(.text) for __user_initial_stackheap
    exit.o(.text) refers to rtexit.o(.ARM.Collect$$rtexit$$00000000) for __rt_exit
    libinit.o(.ARM.Collect$$libinit$$00000000) refers (Special) to libinit2.o(.ARM.Collect$$libinit$$0000002E) for __rt_lib_init_alloca_1
    libinit.o(.ARM.Collect$$libinit$$00000000) refers (Special) to libinit2.o(.ARM.Collect$$libinit$$0000002C) for __rt_lib_init_argv_1
    libinit.o(.ARM.Collect$$libinit$$00000000) refers (Special) to libinit2.o(.ARM.Collect$$libinit$$0000001B) for __rt_lib_init_atexit_1
    libinit.o(.ARM.Collect$$libinit$$00000000) refers (Special) to libinit2.o(.ARM.Collect$$libinit$$00000021) for __rt_lib_init_clock_1
    libinit.o(.ARM.Collect$$libinit$$00000000) refers (Special) to libinit2.o(.ARM.Collect$$libinit$$00000032) for __rt_lib_init_cpp_1
    libinit.o(.ARM.Collect$$libinit$$00000000) refers (Special) to libinit2.o(.ARM.Collect$$libinit$$00000030) for __rt_lib_init_exceptions_1
    libinit.o(.ARM.Collect$$libinit$$00000000) refers (Special) to libinit2.o(.ARM.Collect$$libinit$$00000001) for __rt_lib_init_fp_1
    libinit.o(.ARM.Collect$$libinit$$00000000) refers (Special) to libinit2.o(.ARM.Collect$$libinit$$0000001F) for __rt_lib_init_fp_trap_1
    libinit.o(.ARM.Collect$$libinit$$00000000) refers (Special) to libinit2.o(.ARM.Collect$$libinit$$00000023) for __rt_lib_init_getenv_1
    libinit.o(.ARM.Collect$$libinit$$00000000) refers (Special) to libinit2.o(.ARM.Collect$$libinit$$0000000A) for __rt_lib_init_heap_1
    libinit.o(.ARM.Collect$$libinit$$00000000) refers (Special) to libinit2.o(.ARM.Collect$$libinit$$00000011) for __rt_lib_init_lc_collate_1
    libinit.o(.ARM.Collect$$libinit$$00000000) refers (Special) to libinit2.o(.ARM.Collect$$libinit$$00000013) for __rt_lib_init_lc_ctype_1
    libinit.o(.ARM.Collect$$libinit$$00000000) refers (Special) to libinit2.o(.ARM.Collect$$libinit$$00000015) for __rt_lib_init_lc_monetary_1
    libinit.o(.ARM.Collect$$libinit$$00000000) refers (Special) to libinit2.o(.ARM.Collect$$libinit$$00000017) for __rt_lib_init_lc_numeric_1
    libinit.o(.ARM.Collect$$libinit$$00000000) refers (Special) to libinit2.o(.ARM.Collect$$libinit$$00000019) for __rt_lib_init_lc_time_1
    libinit.o(.ARM.Collect$$libinit$$00000000) refers (Special) to libinit2.o(.ARM.Collect$$libinit$$00000004) for __rt_lib_init_preinit_1
    libinit.o(.ARM.Collect$$libinit$$00000000) refers (Special) to libinit2.o(.ARM.Collect$$libinit$$0000000E) for __rt_lib_init_rand_1
    libinit.o(.ARM.Collect$$libinit$$00000000) refers (Special) to libinit2.o(.ARM.Collect$$libinit$$00000033) for __rt_lib_init_return
    libinit.o(.ARM.Collect$$libinit$$00000000) refers (Special) to libinit2.o(.ARM.Collect$$libinit$$0000001D) for __rt_lib_init_signal_1
    libinit.o(.ARM.Collect$$libinit$$00000000) refers (Special) to libinit2.o(.ARM.Collect$$libinit$$00000025) for __rt_lib_init_stdio_1
    libinit.o(.ARM.Collect$$libinit$$00000000) refers (Special) to libinit2.o(.ARM.Collect$$libinit$$0000000C) for __rt_lib_init_user_alloc_1
    libspace.o(.text) refers to libspace.o(.bss) for __libspace_start
    rtexit.o(.ARM.Collect$$rtexit$$00000000) refers (Special) to rtexit2.o(.ARM.Collect$$rtexit$$00000004) for __rt_exit_exit
    rtexit.o(.ARM.Collect$$rtexit$$00000000) refers (Special) to rtexit2.o(.ARM.Collect$$rtexit$$00000003) for __rt_exit_ls
    rtexit.o(.ARM.Collect$$rtexit$$00000000) refers (Special) to rtexit2.o(.ARM.Collect$$rtexit$$00000002) for __rt_exit_prels_1
    rtexit.o(.ARM.exidx) refers (Special) to rtexit2.o(.ARM.Collect$$rtexit$$00000004) for __rt_exit_exit
    rtexit.o(.ARM.exidx) refers (Special) to rtexit2.o(.ARM.Collect$$rtexit$$00000003) for __rt_exit_ls
    rtexit.o(.ARM.exidx) refers (Special) to rtexit2.o(.ARM.Collect$$rtexit$$00000002) for __rt_exit_prels_1
    rtexit.o(.ARM.exidx) refers to rtexit.o(.ARM.Collect$$rtexit$$00000000) for .ARM.Collect$$rtexit$$00000000
    libinit2.o(.ARM.Collect$$libinit$$00000001) refers to fpinit.o(x$fpl$fpinit) for _fp_init
    libinit2.o(.ARM.Collect$$libinit$$00000010) refers to libinit2.o(.ARM.Collect$$libinit$$0000000F) for .ARM.Collect$$libinit$$0000000F
    libinit2.o(.ARM.Collect$$libinit$$00000012) refers to libinit2.o(.ARM.Collect$$libinit$$0000000F) for .ARM.Collect$$libinit$$0000000F
    libinit2.o(.ARM.Collect$$libinit$$00000014) refers to libinit2.o(.ARM.Collect$$libinit$$0000000F) for .ARM.Collect$$libinit$$0000000F
    libinit2.o(.ARM.Collect$$libinit$$00000016) refers to libinit2.o(.ARM.Collect$$libinit$$0000000F) for .ARM.Collect$$libinit$$0000000F
    libinit2.o(.ARM.Collect$$libinit$$00000018) refers to libinit2.o(.ARM.Collect$$libinit$$0000000F) for .ARM.Collect$$libinit$$0000000F
    libinit2.o(.ARM.Collect$$libinit$$00000026) refers to argv_veneer.o(.emb_text) for __ARM_argv_veneer
    libinit2.o(.ARM.Collect$$libinit$$00000027) refers to argv_veneer.o(.emb_text) for __ARM_argv_veneer
    rtexit2.o(.ARM.Collect$$rtexit$$00000003) refers to libshutdown.o(.ARM.Collect$$libshutdown$$00000000) for __rt_lib_shutdown
    rtexit2.o(.ARM.Collect$$rtexit$$00000004) refers to sys_exit.o(.text) for _sys_exit
    rtexit2.o(.ARM.exidx) refers to rtexit2.o(.ARM.Collect$$rtexit$$00000001) for .ARM.Collect$$rtexit$$00000001
    rtexit2.o(.ARM.exidx) refers to rtexit2.o(.ARM.Collect$$rtexit$$00000003) for .ARM.Collect$$rtexit$$00000003
    rtexit2.o(.ARM.exidx) refers to rtexit2.o(.ARM.Collect$$rtexit$$00000004) for .ARM.Collect$$rtexit$$00000004
    argv_veneer.o(.emb_text) refers to no_argv.o(.text) for __ARM_get_argv
    sys_exit.o(.text) refers (Special) to use_no_semi.o(.text) for __I$use$semihosting
    sys_exit.o(.text) refers (Special) to indicate_semi.o(.text) for __semihosting_library_function
    _get_argv_nomalloc.o(.text) refers (Special) to hrguard.o(.text) for __heap_region$guard
    _get_argv_nomalloc.o(.text) refers to defsig_rtmem_outer.o(.text) for __rt_SIGRTMEM
    _get_argv_nomalloc.o(.text) refers to sys_command.o(.text) for _sys_command_string
    libshutdown.o(.ARM.Collect$$libshutdown$$00000000) refers (Special) to libshutdown2.o(.ARM.Collect$$libshutdown$$00000002) for __rt_lib_shutdown_cpp_1
    libshutdown.o(.ARM.Collect$$libshutdown$$00000000) refers (Special) to libshutdown2.o(.ARM.Collect$$libshutdown$$00000007) for __rt_lib_shutdown_fp_trap_1
    libshutdown.o(.ARM.Collect$$libshutdown$$00000000) refers (Special) to libshutdown2.o(.ARM.Collect$$libshutdown$$0000000F) for __rt_lib_shutdown_heap_1
    libshutdown.o(.ARM.Collect$$libshutdown$$00000000) refers (Special) to libshutdown2.o(.ARM.Collect$$libshutdown$$00000010) for __rt_lib_shutdown_return
    libshutdown.o(.ARM.Collect$$libshutdown$$00000000) refers (Special) to libshutdown2.o(.ARM.Collect$$libshutdown$$0000000A) for __rt_lib_shutdown_signal_1
    libshutdown.o(.ARM.Collect$$libshutdown$$00000000) refers (Special) to libshutdown2.o(.ARM.Collect$$libshutdown$$00000004) for __rt_lib_shutdown_stdio_1
    libshutdown.o(.ARM.Collect$$libshutdown$$00000000) refers (Special) to libshutdown2.o(.ARM.Collect$$libshutdown$$0000000C) for __rt_lib_shutdown_user_alloc_1
    sys_command.o(.text) refers (Special) to use_no_semi.o(.text) for __I$use$semihosting
    sys_command.o(.text) refers (Special) to indicate_semi.o(.text) for __semihosting_library_function
    defsig_rtmem_outer.o(.text) refers to defsig_rtmem_inner.o(.text) for __rt_SIGRTMEM_inner
    defsig_rtmem_outer.o(.text) refers to defsig_exit.o(.text) for __sig_exit
    defsig_rtmem_formal.o(.text) refers to rt_raise.o(.text) for __rt_raise
    rt_raise.o(.text) refers to __raise.o(.text) for __raise
    rt_raise.o(.text) refers to sys_exit.o(.text) for _sys_exit
    defsig_exit.o(.text) refers to sys_exit.o(.text) for _sys_exit
    defsig_rtmem_inner.o(.text) refers to defsig_general.o(.text) for __default_signal_display
    __raise.o(.text) refers to defsig.o(CL$$defsig) for __default_signal_handler
    defsig_general.o(.text) refers to sys_wrch.o(.text) for _ttywrch
    sys_wrch.o(.text) refers (Special) to use_no_semi.o(.text) for __I$use$semihosting
    sys_wrch.o(.text) refers (Special) to indicate_semi.o(.text) for __semihosting_library_function
    defsig.o(CL$$defsig) refers to defsig_rtmem_inner.o(.text) for __rt_SIGRTMEM_inner
    defsig_abrt_inner.o(.text) refers to defsig_general.o(.text) for __default_signal_display
    defsig_fpe_inner.o(.text) refers to defsig_general.o(.text) for __default_signal_display
    defsig_rtred_inner.o(.text) refers to defsig_general.o(.text) for __default_signal_display
    defsig_stak_inner.o(.text) refers to defsig_general.o(.text) for __default_signal_display
    defsig_pvfn_inner.o(.text) refers to defsig_general.o(.text) for __default_signal_display
    defsig_cppl_inner.o(.text) refers to defsig_general.o(.text) for __default_signal_display
    defsig_segv_inner.o(.text) refers to defsig_general.o(.text) for __default_signal_display
    defsig_other.o(.text) refers to defsig_general.o(.text) for __default_signal_display


==============================================================================

Removing Unused input sections from the image.

    Removing main.o(.bss), (12 bytes).
    Removing main.o(.data), (13 bytes).
    Removing button_control.o(i.Button_SetBtn0Callback), (12 bytes).
    Removing button_control.o(i.Button_SetBtn1Callback), (12 bytes).
    Removing button_control.o(i.Button_SetBtn2Callback), (12 bytes).
    Removing button_control.o(i.Button_SetBtnsCallback), (16 bytes).
    Removing adc_driver.o(i.ADC_init), (164 bytes).
    Removing adc_driver.o(i.ADC_readMag), (60 bytes).
    Removing adc_driver.o(i.ADC_readPhs), (60 bytes).
    Removing system_tm4c129.o(.rev16_text), (4 bytes).
    Removing system_tm4c129.o(.revsh_text), (4 bytes).
    Removing system_tm4c129.o(.rrx_text), (6 bytes).
    Removing system_tm4c129.o(i.SystemCoreClockUpdate), (16 bytes).
    Removing adc.o(i.ADCBusy), (8 bytes).
    Removing adc.o(i.ADCClockConfigGet), (32 bytes).
    Removing adc.o(i.ADCClockConfigSet), (28 bytes).
    Removing adc.o(i.ADCComparatorConfigure), (10 bytes).
    Removing adc.o(i.ADCComparatorIntClear), (4 bytes).
    Removing adc.o(i.ADCComparatorIntDisable), (18 bytes).
    Removing adc.o(i.ADCComparatorIntEnable), (16 bytes).
    Removing adc.o(i.ADCComparatorIntStatus), (4 bytes).
    Removing adc.o(i.ADCComparatorRegionSet), (14 bytes).
    Removing adc.o(i.ADCComparatorReset), (40 bytes).
    Removing adc.o(i.ADCHardwareOversampleConfigure), (18 bytes).
    Removing adc.o(i.ADCIntClear), (10 bytes).
    Removing adc.o(i.ADCIntClearEx), (4 bytes).
    Removing adc.o(i.ADCIntDisable), (16 bytes).
    Removing adc.o(i.ADCIntDisableEx), (10 bytes).
    Removing adc.o(i.ADCIntEnable), (16 bytes).
    Removing adc.o(i.ADCIntEnableEx), (8 bytes).
    Removing adc.o(i.ADCIntRegister), (104 bytes).
    Removing adc.o(i.ADCIntStatus), (52 bytes).
    Removing adc.o(i.ADCIntStatusEx), (22 bytes).
    Removing adc.o(i.ADCIntUnregister), (108 bytes).
    Removing adc.o(i.ADCPhaseDelayGet), (4 bytes).
    Removing adc.o(i.ADCPhaseDelaySet), (4 bytes).
    Removing adc.o(i.ADCProcessorTrigger), (26 bytes).
    Removing adc.o(i.ADCReferenceGet), (8 bytes).
    Removing adc.o(i.ADCReferenceSet), (12 bytes).
    Removing adc.o(i.ADCSequenceConfigure), (96 bytes).
    Removing adc.o(i.ADCSequenceDMADisable), (18 bytes).
    Removing adc.o(i.ADCSequenceDMAEnable), (16 bytes).
    Removing adc.o(i.ADCSequenceDataGet), (36 bytes).
    Removing adc.o(i.ADCSequenceDisable), (16 bytes).
    Removing adc.o(i.ADCSequenceEnable), (14 bytes).
    Removing adc.o(i.ADCSequenceOverflow), (12 bytes).
    Removing adc.o(i.ADCSequenceOverflowClear), (10 bytes).
    Removing adc.o(i.ADCSequenceStepConfigure), (154 bytes).
    Removing adc.o(i.ADCSequenceUnderflow), (12 bytes).
    Removing adc.o(i.ADCSequenceUnderflowClear), (10 bytes).
    Removing adc.o(i.ADCSoftwareOversampleConfigure), (44 bytes).
    Removing adc.o(i.ADCSoftwareOversampleDataGet), (88 bytes).
    Removing adc.o(i.ADCSoftwareOversampleStepConfigure), (168 bytes).
    Removing adc.o(.data), (6 bytes).
    Removing gpio.o(i.GPIOADCTriggerDisable), (14 bytes).
    Removing gpio.o(i.GPIOADCTriggerEnable), (12 bytes).
    Removing gpio.o(i.GPIODMATriggerDisable), (14 bytes).
    Removing gpio.o(i.GPIODMATriggerEnable), (12 bytes).
    Removing gpio.o(i.GPIODirModeGet), (34 bytes).
    Removing gpio.o(i.GPIOIntRegisterPin), (30 bytes).
    Removing gpio.o(i.GPIOIntTypeGet), (68 bytes).
    Removing gpio.o(i.GPIOIntUnregister), (22 bytes).
    Removing gpio.o(i.GPIOIntUnregisterPin), (26 bytes).
    Removing gpio.o(i.GPIOPadConfigGet), (204 bytes).
    Removing gpio.o(i.GPIOPinConfigure), (68 bytes).
    Removing gpio.o(i.GPIOPinRead), (6 bytes).
    Removing gpio.o(i.GPIOPinTypeADC), (28 bytes).
    Removing gpio.o(i.GPIOPinTypeCAN), (28 bytes).
    Removing gpio.o(i.GPIOPinTypeComparator), (28 bytes).
    Removing gpio.o(i.GPIOPinTypeComparatorOutput), (28 bytes).
    Removing gpio.o(i.GPIOPinTypeDIVSCLK), (28 bytes).
    Removing gpio.o(i.GPIOPinTypeEPI), (28 bytes).
    Removing gpio.o(i.GPIOPinTypeEthernetLED), (28 bytes).
    Removing gpio.o(i.GPIOPinTypeEthernetMII), (28 bytes).
    Removing gpio.o(i.GPIOPinTypeGPIOOutput), (28 bytes).
    Removing gpio.o(i.GPIOPinTypeGPIOOutputOD), (28 bytes).
    Removing gpio.o(i.GPIOPinTypeHibernateRTCCLK), (28 bytes).
    Removing gpio.o(i.GPIOPinTypeI2C), (28 bytes).
    Removing gpio.o(i.GPIOPinTypeI2CSCL), (28 bytes).
    Removing gpio.o(i.GPIOPinTypeLCD), (28 bytes).
    Removing gpio.o(i.GPIOPinTypeOneWire), (28 bytes).
    Removing gpio.o(i.GPIOPinTypePWM), (28 bytes).
    Removing gpio.o(i.GPIOPinTypeQEI), (28 bytes).
    Removing gpio.o(i.GPIOPinTypeSSI), (28 bytes).
    Removing gpio.o(i.GPIOPinTypeTimer), (28 bytes).
    Removing gpio.o(i.GPIOPinTypeTrace), (28 bytes).
    Removing gpio.o(i.GPIOPinTypeUART), (28 bytes).
    Removing gpio.o(i.GPIOPinTypeUSBAnalog), (28 bytes).
    Removing gpio.o(i.GPIOPinTypeUSBDigital), (28 bytes).
    Removing gpio.o(i.GPIOPinTypeWakeHigh), (30 bytes).
    Removing gpio.o(i.GPIOPinTypeWakeLow), (30 bytes).
    Removing gpio.o(i.GPIOPinWakeStatus), (6 bytes).
    Removing gpio.o(i.GPIOPinWrite), (6 bytes).
    Removing sysctl.o(.emb_text), (6 bytes).
    Removing sysctl.o(i.SysCtlAltClkConfig), (12 bytes).
    Removing sysctl.o(i.SysCtlClockOutConfig), (20 bytes).
    Removing sysctl.o(i.SysCtlClockSet), (288 bytes).
    Removing sysctl.o(i.SysCtlDeepSleep), (32 bytes).
    Removing sysctl.o(i.SysCtlDeepSleepClockConfigSet), (112 bytes).
    Removing sysctl.o(i.SysCtlDeepSleepClockSet), (12 bytes).
    Removing sysctl.o(i.SysCtlDeepSleepPowerSet), (12 bytes).
    Removing sysctl.o(i.SysCtlFlashSectorSizeGet), (56 bytes).
    Removing sysctl.o(i.SysCtlFlashSizeGet), (56 bytes).
    Removing sysctl.o(i.SysCtlGPIOAHBDisable), (28 bytes).
    Removing sysctl.o(i.SysCtlGPIOAHBEnable), (24 bytes).
    Removing sysctl.o(i.SysCtlIntClear), (12 bytes).
    Removing sysctl.o(i.SysCtlIntDisable), (16 bytes).
    Removing sysctl.o(i.SysCtlIntEnable), (16 bytes).
    Removing sysctl.o(i.SysCtlIntRegister), (20 bytes).
    Removing sysctl.o(i.SysCtlIntStatus), (16 bytes).
    Removing sysctl.o(i.SysCtlIntUnregister), (18 bytes).
    Removing sysctl.o(i.SysCtlLDODeepSleepGet), (12 bytes).
    Removing sysctl.o(i.SysCtlLDODeepSleepSet), (12 bytes).
    Removing sysctl.o(i.SysCtlLDOSleepGet), (12 bytes).
    Removing sysctl.o(i.SysCtlLDOSleepSet), (12 bytes).
    Removing sysctl.o(i.SysCtlMOSCConfigSet), (12 bytes).
    Removing sysctl.o(i.SysCtlNMIClear), (16 bytes).
    Removing sysctl.o(i.SysCtlNMIStatus), (12 bytes).
    Removing sysctl.o(i.SysCtlPIOSCCalibrate), (76 bytes).
    Removing sysctl.o(i.SysCtlPWMClockGet), (24 bytes).
    Removing sysctl.o(i.SysCtlPWMClockSet), (20 bytes).
    Removing sysctl.o(i.SysCtlPeripheralClockGating), (68 bytes).
    Removing sysctl.o(i.SysCtlPeripheralDeepSleepDisable), (40 bytes).
    Removing sysctl.o(i.SysCtlPeripheralDeepSleepEnable), (40 bytes).
    Removing sysctl.o(i.SysCtlPeripheralDisable), (40 bytes).
    Removing sysctl.o(i.SysCtlPeripheralPowerOff), (40 bytes).
    Removing sysctl.o(i.SysCtlPeripheralPowerOn), (40 bytes).
    Removing sysctl.o(i.SysCtlPeripheralPresent), (44 bytes).
    Removing sysctl.o(i.SysCtlPeripheralReset), (60 bytes).
    Removing sysctl.o(i.SysCtlPeripheralSleepDisable), (40 bytes).
    Removing sysctl.o(i.SysCtlPeripheralSleepEnable), (40 bytes).
    Removing sysctl.o(i.SysCtlReset), (16 bytes).
    Removing sysctl.o(i.SysCtlResetBehaviorGet), (12 bytes).
    Removing sysctl.o(i.SysCtlResetBehaviorSet), (12 bytes).
    Removing sysctl.o(i.SysCtlResetCauseClear), (16 bytes).
    Removing sysctl.o(i.SysCtlResetCauseGet), (12 bytes).
    Removing sysctl.o(i.SysCtlSRAMSizeGet), (16 bytes).
    Removing sysctl.o(i.SysCtlSleep), (4 bytes).
    Removing sysctl.o(i.SysCtlSleepPowerSet), (12 bytes).
    Removing sysctl.o(i.SysCtlUSBPLLDisable), (16 bytes).
    Removing sysctl.o(i.SysCtlUSBPLLEnable), (16 bytes).
    Removing sysctl.o(i.SysCtlVCOGet), (120 bytes).
    Removing sysctl.o(i.SysCtlVoltageEventClear), (16 bytes).
    Removing sysctl.o(i.SysCtlVoltageEventConfig), (12 bytes).
    Removing sysctl.o(i.SysCtlVoltageEventStatus), (12 bytes).
    Removing uart.o(i.UART9BitAddrSend), (38 bytes).
    Removing uart.o(i.UART9BitAddrSet), (10 bytes).
    Removing uart.o(i.UART9BitDisable), (14 bytes).
    Removing uart.o(i.UART9BitEnable), (14 bytes).
    Removing uart.o(i.UARTBreakCtl), (18 bytes).
    Removing uart.o(i.UARTBusy), (8 bytes).
    Removing uart.o(i.UARTCharPutNonBlocking), (16 bytes).
    Removing uart.o(i.UARTCharsAvail), (10 bytes).
    Removing uart.o(i.UARTClockSourceGet), (6 bytes).
    Removing uart.o(i.UARTClockSourceSet), (6 bytes).
    Removing uart.o(i.UARTConfigGetExpClk), (46 bytes).
    Removing uart.o(i.UARTDMADisable), (10 bytes).
    Removing uart.o(i.UARTDMAEnable), (8 bytes).
    Removing uart.o(i.UARTDisable), (30 bytes).
    Removing uart.o(i.UARTDisableSIR), (10 bytes).
    Removing uart.o(i.UARTEnable), (20 bytes).
    Removing uart.o(i.UARTEnableSIR), (18 bytes).
    Removing uart.o(i.UARTFIFODisable), (10 bytes).
    Removing uart.o(i.UARTFIFOEnable), (10 bytes).
    Removing uart.o(i.UARTFIFOLevelGet), (16 bytes).
    Removing uart.o(i.UARTFIFOLevelSet), (6 bytes).
    Removing uart.o(i.UARTFlowControlGet), (8 bytes).
    Removing uart.o(i.UARTFlowControlSet), (12 bytes).
    Removing uart.o(i.UARTIntUnregister), (88 bytes).
    Removing uart.o(i.UARTLoopbackEnable), (10 bytes).
    Removing uart.o(i.UARTModemControlClear), (14 bytes).
    Removing uart.o(i.UARTModemControlGet), (8 bytes).
    Removing uart.o(i.UARTModemControlSet), (12 bytes).
    Removing uart.o(i.UARTModemStatusGet), (10 bytes).
    Removing uart.o(i.UARTParityModeGet), (8 bytes).
    Removing uart.o(i.UARTParityModeSet), (12 bytes).
    Removing uart.o(i.UARTRxErrorClear), (6 bytes).
    Removing uart.o(i.UARTRxErrorGet), (8 bytes).
    Removing uart.o(i.UARTSmartCardDisable), (10 bytes).
    Removing uart.o(i.UARTSmartCardEnable), (22 bytes).
    Removing uart.o(i.UARTSpaceAvail), (10 bytes).
    Removing uart.o(i.UARTTxIntModeGet), (8 bytes).
    Removing uart.o(i.UARTTxIntModeSet), (12 bytes).
    Removing cpu.o(.emb_text), (38 bytes).
    Removing interrupt.o(i.IntDisable), (100 bytes).
    Removing interrupt.o(i.IntIsEnabled), (96 bytes).
    Removing interrupt.o(i.IntMasterDisable), (14 bytes).
    Removing interrupt.o(i.IntMasterEnable), (14 bytes).
    Removing interrupt.o(i.IntPendClear), (68 bytes).
    Removing interrupt.o(i.IntPendSet), (84 bytes).
    Removing interrupt.o(i.IntPriorityGet), (28 bytes).
    Removing interrupt.o(i.IntPriorityGroupingGet), (36 bytes).
    Removing interrupt.o(i.IntPriorityGroupingSet), (28 bytes).
    Removing interrupt.o(i.IntPriorityMaskGet), (4 bytes).
    Removing interrupt.o(i.IntPriorityMaskSet), (4 bytes).
    Removing interrupt.o(i.IntPrioritySet), (40 bytes).
    Removing interrupt.o(i.IntTrigger), (12 bytes).
    Removing interrupt.o(i.IntUnregister), (20 bytes).
    Removing interrupt.o(i._IntDefaultHandler), (2 bytes).

199 unused section(s) (total 5791 bytes) removed from the image.

==============================================================================

Image Symbol Table

    Local Symbols

    Symbol Name                              Value     Ov Type        Size  Object(Section)

    RESET                                    0x00000000   Section      512  startup_tm4c129.o(RESET)
    ../clib/angel/boardlib.s                 0x00000000   Number         0  boardshut.o ABSOLUTE
    ../clib/angel/boardlib.s                 0x00000000   Number         0  boardinit3.o ABSOLUTE
    ../clib/angel/boardlib.s                 0x00000000   Number         0  boardinit2.o ABSOLUTE
    ../clib/angel/boardlib.s                 0x00000000   Number         0  boardinit1.o ABSOLUTE
    ../clib/angel/dczerorl.s                 0x00000000   Number         0  __dczerorl.o ABSOLUTE
    ../clib/angel/handlers.s                 0x00000000   Number         0  __scatter_zi.o ABSOLUTE
    ../clib/angel/kernel.s                   0x00000000   Number         0  __rtentry2.o ABSOLUTE
    ../clib/angel/kernel.s                   0x00000000   Number         0  __rtentry4.o ABSOLUTE
    ../clib/angel/kernel.s                   0x00000000   Number         0  rtexit2.o ABSOLUTE
    ../clib/angel/kernel.s                   0x00000000   Number         0  rtexit.o ABSOLUTE
    ../clib/angel/kernel.s                   0x00000000   Number         0  __rtentry.o ABSOLUTE
    ../clib/angel/rt.s                       0x00000000   Number         0  rt_raise.o ABSOLUTE
    ../clib/angel/scatter.s                  0x00000000   Number         0  __scatter.o ABSOLUTE
    ../clib/angel/startup.s                  0x00000000   Number         0  __main.o ABSOLUTE
    ../clib/angel/sys.s                      0x00000000   Number         0  libspace.o ABSOLUTE
    ../clib/angel/sys.s                      0x00000000   Number         0  use_no_semi.o ABSOLUTE
    ../clib/angel/sys.s                      0x00000000   Number         0  sys_stackheap_outer.o ABSOLUTE
    ../clib/angel/sys.s                      0x00000000   Number         0  indicate_semi.o ABSOLUTE
    ../clib/angel/sysapp.c                   0x00000000   Number         0  sys_exit.o ABSOLUTE
    ../clib/angel/sysapp.c                   0x00000000   Number         0  sys_command.o ABSOLUTE
    ../clib/angel/sysapp.c                   0x00000000   Number         0  sys_wrch.o ABSOLUTE
    ../clib/armsys.c                         0x00000000   Number         0  argv_veneer.o ABSOLUTE
    ../clib/armsys.c                         0x00000000   Number         0  argv_veneer.o ABSOLUTE
    ../clib/armsys.c                         0x00000000   Number         0  _get_argv_nomalloc.o ABSOLUTE
    ../clib/armsys.c                         0x00000000   Number         0  no_argv.o ABSOLUTE
    ../clib/heapalloc.c                      0x00000000   Number         0  hrguard.o ABSOLUTE
    ../clib/heapaux.c                        0x00000000   Number         0  heapauxi.o ABSOLUTE
    ../clib/libinit.s                        0x00000000   Number         0  libinit2.o ABSOLUTE
    ../clib/libinit.s                        0x00000000   Number         0  libinit.o ABSOLUTE
    ../clib/libinit.s                        0x00000000   Number         0  libshutdown.o ABSOLUTE
    ../clib/libinit.s                        0x00000000   Number         0  libshutdown2.o ABSOLUTE
    ../clib/signal.c                         0x00000000   Number         0  defsig_exit.o ABSOLUTE
    ../clib/signal.c                         0x00000000   Number         0  defsig_rtmem_formal.o ABSOLUTE
    ../clib/signal.c                         0x00000000   Number         0  defsig_rtmem_outer.o ABSOLUTE
    ../clib/signal.c                         0x00000000   Number         0  __raise.o ABSOLUTE
    ../clib/signal.c                         0x00000000   Number         0  defsig_rtred_inner.o ABSOLUTE
    ../clib/signal.c                         0x00000000   Number         0  defsig_other.o ABSOLUTE
    ../clib/signal.c                         0x00000000   Number         0  defsig_segv_inner.o ABSOLUTE
    ../clib/signal.c                         0x00000000   Number         0  defsig_cppl_inner.o ABSOLUTE
    ../clib/signal.c                         0x00000000   Number         0  defsig_pvfn_inner.o ABSOLUTE
    ../clib/signal.c                         0x00000000   Number         0  defsig_stak_inner.o ABSOLUTE
    ../clib/signal.c                         0x00000000   Number         0  defsig_fpe_inner.o ABSOLUTE
    ../clib/signal.c                         0x00000000   Number         0  defsig_abrt_inner.o ABSOLUTE
    ../clib/signal.c                         0x00000000   Number         0  defsig_general.o ABSOLUTE
    ../clib/signal.c                         0x00000000   Number         0  defsig_rtmem_inner.o ABSOLUTE
    ../clib/signal.s                         0x00000000   Number         0  defsig.o ABSOLUTE
    ../clib/stdlib.c                         0x00000000   Number         0  exit.o ABSOLUTE
    ../clib/string.c                         0x00000000   Number         0  strcpy.o ABSOLUTE
    ../fplib/fpinit.s                        0x00000000   Number         0  fpinit.o ABSOLUTE
    RTE\Device\TM4C1294NCPDT\startup_TM4C129.s 0x00000000   Number         0  startup_tm4c129.o ABSOLUTE
    RTE\Device\TM4C1294NCPDT\system_TM4C129.c 0x00000000   Number         0  system_tm4c129.o ABSOLUTE
    RTE\\Device\\TM4C1294NCPDT\\system_TM4C129.c 0x00000000   Number         0  system_tm4c129.o ABSOLUTE
    Src\User\Src\ADC_Driver.c                0x00000000   Number         0  adc_driver.o ABSOLUTE
    Src\User\Src\Button_Control.c            0x00000000   Number         0  button_control.o ABSOLUTE
    Src\User\Src\UART_Driver.c               0x00000000   Number         0  uart_driver.o ABSOLUTE
    Src\User\Src\main.c                      0x00000000   Number         0  main.o ABSOLUTE
    adc.c                                    0x00000000   Number         0  adc.o ABSOLUTE
    cpu.c                                    0x00000000   Number         0  cpu.o ABSOLUTE
    cpu.c                                    0x00000000   Number         0  cpu.o ABSOLUTE
    dc.s                                     0x00000000   Number         0  dc.o ABSOLUTE
    gpio.c                                   0x00000000   Number         0  gpio.o ABSOLUTE
    interrupt.c                              0x00000000   Number         0  interrupt.o ABSOLUTE
    sysctl.c                                 0x00000000   Number         0  sysctl.o ABSOLUTE
    sysctl.c                                 0x00000000   Number         0  sysctl.o ABSOLUTE
    uart.c                                   0x00000000   Number         0  uart.o ABSOLUTE
    !!!main                                  0x00000200   Section        8  __main.o(!!!main)
    !!!scatter                               0x00000208   Section       52  __scatter.o(!!!scatter)
    !!dczerorl                               0x0000023c   Section       58  __dczerorl.o(!!dczerorl)
    !!handler_zi                             0x00000278   Section       28  __scatter_zi.o(!!handler_zi)
    .ARM.Collect$$libinit$$00000000          0x00000294   Section        2  libinit.o(.ARM.Collect$$libinit$$00000000)
    .ARM.Collect$$libinit$$00000001          0x00000296   Section        4  libinit2.o(.ARM.Collect$$libinit$$00000001)
    .ARM.Collect$$libinit$$00000004          0x0000029a   Section        0  libinit2.o(.ARM.Collect$$libinit$$00000004)
    .ARM.Collect$$libinit$$0000000A          0x0000029a   Section        0  libinit2.o(.ARM.Collect$$libinit$$0000000A)
    .ARM.Collect$$libinit$$0000000C          0x0000029a   Section        0  libinit2.o(.ARM.Collect$$libinit$$0000000C)
    .ARM.Collect$$libinit$$0000000E          0x0000029a   Section        0  libinit2.o(.ARM.Collect$$libinit$$0000000E)
    .ARM.Collect$$libinit$$00000011          0x0000029a   Section        0  libinit2.o(.ARM.Collect$$libinit$$00000011)
    .ARM.Collect$$libinit$$00000013          0x0000029a   Section        0  libinit2.o(.ARM.Collect$$libinit$$00000013)
    .ARM.Collect$$libinit$$00000015          0x0000029a   Section        0  libinit2.o(.ARM.Collect$$libinit$$00000015)
    .ARM.Collect$$libinit$$00000017          0x0000029a   Section        0  libinit2.o(.ARM.Collect$$libinit$$00000017)
    .ARM.Collect$$libinit$$00000019          0x0000029a   Section        0  libinit2.o(.ARM.Collect$$libinit$$00000019)
    .ARM.Collect$$libinit$$0000001B          0x0000029a   Section        0  libinit2.o(.ARM.Collect$$libinit$$0000001B)
    .ARM.Collect$$libinit$$0000001D          0x0000029a   Section        0  libinit2.o(.ARM.Collect$$libinit$$0000001D)
    .ARM.Collect$$libinit$$0000001F          0x0000029a   Section        0  libinit2.o(.ARM.Collect$$libinit$$0000001F)
    .ARM.Collect$$libinit$$00000021          0x0000029a   Section        0  libinit2.o(.ARM.Collect$$libinit$$00000021)
    .ARM.Collect$$libinit$$00000023          0x0000029a   Section        0  libinit2.o(.ARM.Collect$$libinit$$00000023)
    .ARM.Collect$$libinit$$00000025          0x0000029a   Section        0  libinit2.o(.ARM.Collect$$libinit$$00000025)
    .ARM.Collect$$libinit$$0000002C          0x0000029a   Section        0  libinit2.o(.ARM.Collect$$libinit$$0000002C)
    .ARM.Collect$$libinit$$0000002E          0x0000029a   Section        0  libinit2.o(.ARM.Collect$$libinit$$0000002E)
    .ARM.Collect$$libinit$$00000030          0x0000029a   Section        0  libinit2.o(.ARM.Collect$$libinit$$00000030)
    .ARM.Collect$$libinit$$00000032          0x0000029a   Section        0  libinit2.o(.ARM.Collect$$libinit$$00000032)
    .ARM.Collect$$libinit$$00000033          0x0000029a   Section        2  libinit2.o(.ARM.Collect$$libinit$$00000033)
    .ARM.Collect$$libshutdown$$00000000      0x0000029c   Section        2  libshutdown.o(.ARM.Collect$$libshutdown$$00000000)
    .ARM.Collect$$libshutdown$$00000002      0x0000029e   Section        0  libshutdown2.o(.ARM.Collect$$libshutdown$$00000002)
    .ARM.Collect$$libshutdown$$00000004      0x0000029e   Section        0  libshutdown2.o(.ARM.Collect$$libshutdown$$00000004)
    .ARM.Collect$$libshutdown$$00000007      0x0000029e   Section        0  libshutdown2.o(.ARM.Collect$$libshutdown$$00000007)
    .ARM.Collect$$libshutdown$$0000000A      0x0000029e   Section        0  libshutdown2.o(.ARM.Collect$$libshutdown$$0000000A)
    .ARM.Collect$$libshutdown$$0000000C      0x0000029e   Section        0  libshutdown2.o(.ARM.Collect$$libshutdown$$0000000C)
    .ARM.Collect$$libshutdown$$0000000F      0x0000029e   Section        0  libshutdown2.o(.ARM.Collect$$libshutdown$$0000000F)
    .ARM.Collect$$libshutdown$$00000010      0x0000029e   Section        2  libshutdown2.o(.ARM.Collect$$libshutdown$$00000010)
    .ARM.Collect$$rtentry$$00000000          0x000002a0   Section        0  __rtentry.o(.ARM.Collect$$rtentry$$00000000)
    .ARM.Collect$$rtentry$$00000002          0x000002a0   Section        0  __rtentry2.o(.ARM.Collect$$rtentry$$00000002)
    .ARM.Collect$$rtentry$$00000004          0x000002a0   Section        6  __rtentry4.o(.ARM.Collect$$rtentry$$00000004)
    .ARM.Collect$$rtentry$$00000009          0x000002a6   Section        0  __rtentry2.o(.ARM.Collect$$rtentry$$00000009)
    .ARM.Collect$$rtentry$$0000000A          0x000002a6   Section        4  __rtentry2.o(.ARM.Collect$$rtentry$$0000000A)
    .ARM.Collect$$rtentry$$0000000C          0x000002aa   Section        0  __rtentry2.o(.ARM.Collect$$rtentry$$0000000C)
    .ARM.Collect$$rtentry$$0000000D          0x000002aa   Section        8  __rtentry2.o(.ARM.Collect$$rtentry$$0000000D)
    .ARM.Collect$$rtexit$$00000000           0x000002b2   Section        2  rtexit.o(.ARM.Collect$$rtexit$$00000000)
    .ARM.Collect$$rtexit$$00000002           0x000002b4   Section        0  rtexit2.o(.ARM.Collect$$rtexit$$00000002)
    .ARM.Collect$$rtexit$$00000003           0x000002b4   Section        4  rtexit2.o(.ARM.Collect$$rtexit$$00000003)
    .ARM.Collect$$rtexit$$00000004           0x000002b8   Section        6  rtexit2.o(.ARM.Collect$$rtexit$$00000004)
    .text                                    0x000002c0   Section      300  startup_tm4c129.o(.text)
    $v0                                      0x000002c0   Number         0  startup_tm4c129.o(.text)
    .text                                    0x000003ec   Section        0  strcpy.o(.text)
    .text                                    0x00000434   Section        0  heapauxi.o(.text)
    .text                                    0x0000043a   Section       74  sys_stackheap_outer.o(.text)
    .text                                    0x00000484   Section        0  exit.o(.text)
    .text                                    0x00000498   Section        8  libspace.o(.text)
    .text                                    0x000004a0   Section        0  sys_exit.o(.text)
    .text                                    0x000004ac   Section        2  use_no_semi.o(.text)
    .text                                    0x000004ae   Section        0  indicate_semi.o(.text)
    i.Button_Init                            0x000004b0   Section        0  button_control.o(i.Button_Init)
    i.GPIODirModeSet                         0x00000524   Section        0  gpio.o(i.GPIODirModeSet)
    i.GPIOIntClear                           0x0000054c   Section        0  gpio.o(i.GPIOIntClear)
    i.GPIOIntDisable                         0x00000552   Section        0  gpio.o(i.GPIOIntDisable)
    i.GPIOIntEnable                          0x00000560   Section        0  gpio.o(i.GPIOIntEnable)
    i.GPIOIntRegister                        0x0000056c   Section        0  gpio.o(i.GPIOIntRegister)
    i.GPIOIntStatus                          0x00000586   Section        0  gpio.o(i.GPIOIntStatus)
    i.GPIOIntTypeSet                         0x00000594   Section        0  gpio.o(i.GPIOIntTypeSet)
    i.GPIOPadConfigSet                       0x000005e4   Section        0  gpio.o(i.GPIOPadConfigSet)
    i.GPIOPinTypeGPIOInput                   0x0000071c   Section        0  gpio.o(i.GPIOPinTypeGPIOInput)
    i.GPIOPortLIntHandler                    0x00000738   Section        0  button_control.o(i.GPIOPortLIntHandler)
    i.IntEnable                              0x000007ac   Section        0  interrupt.o(i.IntEnable)
    i.IntRegister                            0x00000810   Section        0  interrupt.o(i.IntRegister)
    i.SysCtlClockFreqSet                     0x00000844   Section        0  sysctl.o(i.SysCtlClockFreqSet)
    i.SysCtlClockGet                         0x00000b28   Section        0  sysctl.o(i.SysCtlClockGet)
    i.SysCtlPeripheralEnable                 0x00000c7c   Section        0  sysctl.o(i.SysCtlPeripheralEnable)
    i.SysCtlPeripheralReady                  0x00000ca4   Section        0  sysctl.o(i.SysCtlPeripheralReady)
    i.SystemInit                             0x00000cd0   Section        0  system_tm4c129.o(i.SystemInit)
    i.UART1_Handler                          0x00000cf0   Section        0  uart_driver.o(i.UART1_Handler)
    i.UARTCharGet                            0x00000d70   Section        0  uart.o(i.UARTCharGet)
    i.UARTCharGetNonBlocking                 0x00000d7c   Section        0  uart.o(i.UARTCharGetNonBlocking)
    i.UARTCharPut                            0x00000d8c   Section        0  uart.o(i.UARTCharPut)
    i.UARTConfigSetExpClk                    0x00000d98   Section        0  uart.o(i.UARTConfigSetExpClk)
    i.UARTIntClear                           0x00000e06   Section        0  uart.o(i.UARTIntClear)
    i.UARTIntDisable                         0x00000e0a   Section        0  uart.o(i.UARTIntDisable)
    i.UARTIntEnable                          0x00000e14   Section        0  uart.o(i.UARTIntEnable)
    i.UARTIntRegister                        0x00000e1c   Section        0  uart.o(i.UARTIntRegister)
    i.UARTIntStatus                          0x00000e74   Section        0  uart.o(i.UARTIntStatus)
    i.UARTReceived_Callback                  0x00000e7e   Section        0  main.o(i.UARTReceived_Callback)
    i.UART_Init                              0x00000e8c   Section        0  uart_driver.o(i.UART_Init)
    i.UART_Send                              0x00000eec   Section        0  uart_driver.o(i.UART_Send)
    i.UART_SendStr                           0x00000f0c   Section        0  uart_driver.o(i.UART_SendStr)
    i._GPIOIntNumberGet                      0x00000f24   Section        0  gpio.o(i._GPIOIntNumberGet)
    _GPIOIntNumberGet                        0x00000f25   Thumb Code    62  gpio.o(i._GPIOIntNumberGet)
    i.main                                   0x00000f74   Section        0  main.o(i.main)
    x$fpl$fpinit                             0x00000f9c   Section       10  fpinit.o(x$fpl$fpinit)
    $v0                                      0x00000f9c   Number         0  fpinit.o(x$fpl$fpinit)
    .constdata                               0x00000fa8   Section      552  gpio.o(.constdata)
    g_ppui32GPIOIntMapBlizzard               0x00000fa8   Data         192  gpio.o(.constdata)
    g_ppui32GPIOIntMapSnowflake              0x00001068   Data         216  gpio.o(.constdata)
    g_pui32GPIOBaseAddrs                     0x00001140   Data         144  gpio.o(.constdata)
    .constdata                               0x000011d0   Section      596  sysctl.o(.constdata)
    g_pui32VCOFrequencies                    0x000011d0   Data           8  sysctl.o(.constdata)
    g_pui32Xtals                             0x000011d8   Data         108  sysctl.o(.constdata)
    g_pppui32XTALtoVCO                       0x00001244   Data         432  sysctl.o(.constdata)
    g_sXTALtoMEMTIM                          0x000013f4   Data          48  sysctl.o(.constdata)
    .constdata                               0x00001424   Section      128  uart.o(.constdata)
    g_ppui32UARTIntMap                       0x00001424   Data          64  uart.o(.constdata)
    g_ppui32UARTIntMapSnowflake              0x00001464   Data          64  uart.o(.constdata)
    .constdata                               0x000014a4   Section      268  interrupt.o(.constdata)
    g_pui32Priority                          0x000014a4   Data          32  interrupt.o(.constdata)
    g_pui32Regs                              0x000014c4   Data         156  interrupt.o(.constdata)
    g_pui32EnRegs                            0x00001560   Data          20  interrupt.o(.constdata)
    g_pui32Dii16Regs                         0x00001574   Data          20  interrupt.o(.constdata)
    g_pui32PendRegs                          0x00001588   Data          20  interrupt.o(.constdata)
    g_pui32UnpendRegs                        0x0000159c   Data          20  interrupt.o(.constdata)
    .data                                    0x20000000   Section       13  uart_driver.o(.data)
    _UART_Received_CallBack                  0x20000000   Data           4  uart_driver.o(.data)
    _buffer                                  0x20000004   Data           4  uart_driver.o(.data)
    _sendBuffer                              0x20000008   Data           4  uart_driver.o(.data)
    _index                                   0x2000000c   Data           1  uart_driver.o(.data)
    .data                                    0x20000010   Section        4  system_tm4c129.o(.data)
    vtable                                   0x20000400   Section      620  interrupt.o(vtable)
    g_pfnRAMVectors                          0x20000400   Data         620  interrupt.o(vtable)
    .bss                                     0x2000066c   Section       12  button_control.o(.bss)
    _button_callback                         0x2000066c   Data          12  button_control.o(.bss)
    .bss                                     0x20000678   Section       96  libspace.o(.bss)
    HEAP                                     0x200006d8   Section        0  startup_tm4c129.o(HEAP)
    STACK                                    0x200006d8   Section      512  startup_tm4c129.o(STACK)
    Heap_Mem                                 0x200006d8   Data           0  startup_tm4c129.o(HEAP)
    Stack_Mem                                0x200006d8   Data         512  startup_tm4c129.o(STACK)
    __initial_sp                             0x200008d8   Data           0  startup_tm4c129.o(STACK)

    Global Symbols

    Symbol Name                              Value     Ov Type        Size  Object(Section)

    BuildAttributes$$THM_ISAv4$E$P$D$K$B$S$7EM$VFPi3$EXTD16$VFPS$VFMA$PE$A:L22UL41UL21$X:L11$S22US41US21$IEEE1$IW$USESV6$~STKCKD$USESV7$~SHL$OTIME$ROPI$EBA8$UX$STANDARDLIB$REQ8$PRES8$EABIv2 0x00000000   Number         0  anon$$obj.o ABSOLUTE
    __ARM_use_no_argv                        0x00000000   Number         0  main.o ABSOLUTE
    __Vectors                                0x00000000   Data           4  startup_tm4c129.o(RESET)
    __ARM_exceptions_init                     - Undefined Weak Reference
    __alloca_initialize                       - Undefined Weak Reference
    __arm_preinit_                            - Undefined Weak Reference
    __cpp_initialize__aeabi_                  - Undefined Weak Reference
    __cxa_finalize                            - Undefined Weak Reference
    __rt_locale                               - Undefined Weak Reference
    __sigvec_lookup                           - Undefined Weak Reference
    _atexit_init                              - Undefined Weak Reference
    _call_atexit_fns                          - Undefined Weak Reference
    _clock_init                               - Undefined Weak Reference
    _fp_trap_init                             - Undefined Weak Reference
    _fp_trap_shutdown                         - Undefined Weak Reference
    _get_lc_collate                           - Undefined Weak Reference
    _get_lc_ctype                             - Undefined Weak Reference
    _get_lc_monetary                          - Undefined Weak Reference
    _get_lc_numeric                           - Undefined Weak Reference
    _get_lc_time                              - Undefined Weak Reference
    _getenv_init                              - Undefined Weak Reference
    _handle_redirection                       - Undefined Weak Reference
    _init_alloc                               - Undefined Weak Reference
    _init_user_alloc                          - Undefined Weak Reference
    _initio                                   - Undefined Weak Reference
    _rand_init                                - Undefined Weak Reference
    _signal_finish                            - Undefined Weak Reference
    _signal_init                              - Undefined Weak Reference
    _terminate_alloc                          - Undefined Weak Reference
    _terminate_user_alloc                     - Undefined Weak Reference
    _terminateio                              - Undefined Weak Reference
    __Vectors_End                            0x00000200   Data           0  startup_tm4c129.o(RESET)
    __Vectors_Size                           0x00000200   Number         0  startup_tm4c129.o ABSOLUTE
    __main                                   0x00000201   Thumb Code     8  __main.o(!!!main)
    __scatterload                            0x00000209   Thumb Code     0  __scatter.o(!!!scatter)
    __scatterload_rt2                        0x00000209   Thumb Code    44  __scatter.o(!!!scatter)
    __scatterload_rt2_thumb_only             0x00000209   Thumb Code     0  __scatter.o(!!!scatter)
    __scatterload_null                       0x00000217   Thumb Code     0  __scatter.o(!!!scatter)
    __decompress                             0x0000023d   Thumb Code    58  __dczerorl.o(!!dczerorl)
    __decompress0                            0x0000023d   Thumb Code     0  __dczerorl.o(!!dczerorl)
    __scatterload_zeroinit                   0x00000279   Thumb Code    28  __scatter_zi.o(!!handler_zi)
    __rt_lib_init                            0x00000295   Thumb Code     0  libinit.o(.ARM.Collect$$libinit$$00000000)
    __rt_lib_init_fp_1                       0x00000297   Thumb Code     0  libinit2.o(.ARM.Collect$$libinit$$00000001)
    __rt_lib_init_alloca_1                   0x0000029b   Thumb Code     0  libinit2.o(.ARM.Collect$$libinit$$0000002E)
    __rt_lib_init_argv_1                     0x0000029b   Thumb Code     0  libinit2.o(.ARM.Collect$$libinit$$0000002C)
    __rt_lib_init_atexit_1                   0x0000029b   Thumb Code     0  libinit2.o(.ARM.Collect$$libinit$$0000001B)
    __rt_lib_init_clock_1                    0x0000029b   Thumb Code     0  libinit2.o(.ARM.Collect$$libinit$$00000021)
    __rt_lib_init_cpp_1                      0x0000029b   Thumb Code     0  libinit2.o(.ARM.Collect$$libinit$$00000032)
    __rt_lib_init_exceptions_1               0x0000029b   Thumb Code     0  libinit2.o(.ARM.Collect$$libinit$$00000030)
    __rt_lib_init_fp_trap_1                  0x0000029b   Thumb Code     0  libinit2.o(.ARM.Collect$$libinit$$0000001F)
    __rt_lib_init_getenv_1                   0x0000029b   Thumb Code     0  libinit2.o(.ARM.Collect$$libinit$$00000023)
    __rt_lib_init_heap_1                     0x0000029b   Thumb Code     0  libinit2.o(.ARM.Collect$$libinit$$0000000A)
    __rt_lib_init_lc_collate_1               0x0000029b   Thumb Code     0  libinit2.o(.ARM.Collect$$libinit$$00000011)
    __rt_lib_init_lc_ctype_1                 0x0000029b   Thumb Code     0  libinit2.o(.ARM.Collect$$libinit$$00000013)
    __rt_lib_init_lc_monetary_1              0x0000029b   Thumb Code     0  libinit2.o(.ARM.Collect$$libinit$$00000015)
    __rt_lib_init_lc_numeric_1               0x0000029b   Thumb Code     0  libinit2.o(.ARM.Collect$$libinit$$00000017)
    __rt_lib_init_lc_time_1                  0x0000029b   Thumb Code     0  libinit2.o(.ARM.Collect$$libinit$$00000019)
    __rt_lib_init_preinit_1                  0x0000029b   Thumb Code     0  libinit2.o(.ARM.Collect$$libinit$$00000004)
    __rt_lib_init_rand_1                     0x0000029b   Thumb Code     0  libinit2.o(.ARM.Collect$$libinit$$0000000E)
    __rt_lib_init_return                     0x0000029b   Thumb Code     0  libinit2.o(.ARM.Collect$$libinit$$00000033)
    __rt_lib_init_signal_1                   0x0000029b   Thumb Code     0  libinit2.o(.ARM.Collect$$libinit$$0000001D)
    __rt_lib_init_stdio_1                    0x0000029b   Thumb Code     0  libinit2.o(.ARM.Collect$$libinit$$00000025)
    __rt_lib_init_user_alloc_1               0x0000029b   Thumb Code     0  libinit2.o(.ARM.Collect$$libinit$$0000000C)
    __rt_lib_shutdown                        0x0000029d   Thumb Code     0  libshutdown.o(.ARM.Collect$$libshutdown$$00000000)
    __rt_lib_shutdown_cpp_1                  0x0000029f   Thumb Code     0  libshutdown2.o(.ARM.Collect$$libshutdown$$00000002)
    __rt_lib_shutdown_fp_trap_1              0x0000029f   Thumb Code     0  libshutdown2.o(.ARM.Collect$$libshutdown$$00000007)
    __rt_lib_shutdown_heap_1                 0x0000029f   Thumb Code     0  libshutdown2.o(.ARM.Collect$$libshutdown$$0000000F)
    __rt_lib_shutdown_return                 0x0000029f   Thumb Code     0  libshutdown2.o(.ARM.Collect$$libshutdown$$00000010)
    __rt_lib_shutdown_signal_1               0x0000029f   Thumb Code     0  libshutdown2.o(.ARM.Collect$$libshutdown$$0000000A)
    __rt_lib_shutdown_stdio_1                0x0000029f   Thumb Code     0  libshutdown2.o(.ARM.Collect$$libshutdown$$00000004)
    __rt_lib_shutdown_user_alloc_1           0x0000029f   Thumb Code     0  libshutdown2.o(.ARM.Collect$$libshutdown$$0000000C)
    __rt_entry                               0x000002a1   Thumb Code     0  __rtentry.o(.ARM.Collect$$rtentry$$00000000)
    __rt_entry_presh_1                       0x000002a1   Thumb Code     0  __rtentry2.o(.ARM.Collect$$rtentry$$00000002)
    __rt_entry_sh                            0x000002a1   Thumb Code     0  __rtentry4.o(.ARM.Collect$$rtentry$$00000004)
    __rt_entry_li                            0x000002a7   Thumb Code     0  __rtentry2.o(.ARM.Collect$$rtentry$$0000000A)
    __rt_entry_postsh_1                      0x000002a7   Thumb Code     0  __rtentry2.o(.ARM.Collect$$rtentry$$00000009)
    __rt_entry_main                          0x000002ab   Thumb Code     0  __rtentry2.o(.ARM.Collect$$rtentry$$0000000D)
    __rt_entry_postli_1                      0x000002ab   Thumb Code     0  __rtentry2.o(.ARM.Collect$$rtentry$$0000000C)
    __rt_exit                                0x000002b3   Thumb Code     0  rtexit.o(.ARM.Collect$$rtexit$$00000000)
    __rt_exit_ls                             0x000002b5   Thumb Code     0  rtexit2.o(.ARM.Collect$$rtexit$$00000003)
    __rt_exit_prels_1                        0x000002b5   Thumb Code     0  rtexit2.o(.ARM.Collect$$rtexit$$00000002)
    __rt_exit_exit                           0x000002b9   Thumb Code     0  rtexit2.o(.ARM.Collect$$rtexit$$00000004)
    Reset_Handler                            0x000002c1   Thumb Code     8  startup_tm4c129.o(.text)
    NMI_Handler                              0x000002c9   Thumb Code     2  startup_tm4c129.o(.text)
    HardFault_Handler                        0x000002cb   Thumb Code     2  startup_tm4c129.o(.text)
    MemManage_Handler                        0x000002cd   Thumb Code     2  startup_tm4c129.o(.text)
    BusFault_Handler                         0x000002cf   Thumb Code     2  startup_tm4c129.o(.text)
    UsageFault_Handler                       0x000002d1   Thumb Code     2  startup_tm4c129.o(.text)
    SVC_Handler                              0x000002d3   Thumb Code     2  startup_tm4c129.o(.text)
    DebugMon_Handler                         0x000002d5   Thumb Code     2  startup_tm4c129.o(.text)
    PendSV_Handler                           0x000002d7   Thumb Code     2  startup_tm4c129.o(.text)
    SysTick_Handler                          0x000002d9   Thumb Code     2  startup_tm4c129.o(.text)
    GPIOA_Handler                            0x000002db   Thumb Code     2  startup_tm4c129.o(.text)
    GPIOB_Handler                            0x000002dd   Thumb Code     2  startup_tm4c129.o(.text)
    GPIOC_Handler                            0x000002df   Thumb Code     2  startup_tm4c129.o(.text)
    GPIOD_Handler                            0x000002e1   Thumb Code     2  startup_tm4c129.o(.text)
    GPIOE_Handler                            0x000002e3   Thumb Code     2  startup_tm4c129.o(.text)
    UART0_Handler                            0x000002e5   Thumb Code     2  startup_tm4c129.o(.text)
    SSI0_Handler                             0x000002e9   Thumb Code     2  startup_tm4c129.o(.text)
    I2C0_Handler                             0x000002eb   Thumb Code     2  startup_tm4c129.o(.text)
    PMW0_FAULT_Handler                       0x000002ed   Thumb Code     2  startup_tm4c129.o(.text)
    PWM0_0_Handler                           0x000002ef   Thumb Code     2  startup_tm4c129.o(.text)
    PWM0_1_Handler                           0x000002f1   Thumb Code     2  startup_tm4c129.o(.text)
    PWM0_2_Handler                           0x000002f3   Thumb Code     2  startup_tm4c129.o(.text)
    QEI0_Handler                             0x000002f5   Thumb Code     2  startup_tm4c129.o(.text)
    ADC0SS0_Handler                          0x000002f7   Thumb Code     2  startup_tm4c129.o(.text)
    ADC0SS1_Handler                          0x000002f9   Thumb Code     2  startup_tm4c129.o(.text)
    ADC0SS2_Handler                          0x000002fb   Thumb Code     2  startup_tm4c129.o(.text)
    ADC0SS3_Handler                          0x000002fd   Thumb Code     2  startup_tm4c129.o(.text)
    WDT0_Handler                             0x000002ff   Thumb Code     2  startup_tm4c129.o(.text)
    TIMER0A_Handler                          0x00000301   Thumb Code     2  startup_tm4c129.o(.text)
    TIMER0B_Handler                          0x00000303   Thumb Code     2  startup_tm4c129.o(.text)
    TIMER1A_Handler                          0x00000305   Thumb Code     2  startup_tm4c129.o(.text)
    TIMER1B_Handler                          0x00000307   Thumb Code     2  startup_tm4c129.o(.text)
    TIMER2A_Handler                          0x00000309   Thumb Code     2  startup_tm4c129.o(.text)
    TIMER2B_Handler                          0x0000030b   Thumb Code     2  startup_tm4c129.o(.text)
    COMP0_Handler                            0x0000030d   Thumb Code     2  startup_tm4c129.o(.text)
    COMP1_Handler                            0x0000030f   Thumb Code     2  startup_tm4c129.o(.text)
    COMP2_Handler                            0x00000311   Thumb Code     2  startup_tm4c129.o(.text)
    SYSCTL_Handler                           0x00000313   Thumb Code     2  startup_tm4c129.o(.text)
    FLASH_Handler                            0x00000315   Thumb Code     2  startup_tm4c129.o(.text)
    GPIOF_Handler                            0x00000317   Thumb Code     2  startup_tm4c129.o(.text)
    GPIOG_Handler                            0x00000319   Thumb Code     2  startup_tm4c129.o(.text)
    GPIOH_Handler                            0x0000031b   Thumb Code     2  startup_tm4c129.o(.text)
    UART2_Handler                            0x0000031d   Thumb Code     2  startup_tm4c129.o(.text)
    SSI1_Handler                             0x0000031f   Thumb Code     2  startup_tm4c129.o(.text)
    TIMER3A_Handler                          0x00000321   Thumb Code     2  startup_tm4c129.o(.text)
    TIMER3B_Handler                          0x00000323   Thumb Code     2  startup_tm4c129.o(.text)
    I2C1_Handler                             0x00000325   Thumb Code     2  startup_tm4c129.o(.text)
    CAN0_Handler                             0x00000327   Thumb Code     2  startup_tm4c129.o(.text)
    CAN1_Handler                             0x00000329   Thumb Code     2  startup_tm4c129.o(.text)
    ETH_Handler                              0x0000032b   Thumb Code     2  startup_tm4c129.o(.text)
    HIB_Handler                              0x0000032d   Thumb Code     2  startup_tm4c129.o(.text)
    USB0_Handler                             0x0000032f   Thumb Code     2  startup_tm4c129.o(.text)
    PWM0_3_Handler                           0x00000331   Thumb Code     2  startup_tm4c129.o(.text)
    UDMA_Handler                             0x00000333   Thumb Code     2  startup_tm4c129.o(.text)
    UDMAERR_Handler                          0x00000335   Thumb Code     2  startup_tm4c129.o(.text)
    ADC1SS0_Handler                          0x00000337   Thumb Code     2  startup_tm4c129.o(.text)
    ADC1SS1_Handler                          0x00000339   Thumb Code     2  startup_tm4c129.o(.text)
    ADC1SS2_Handler                          0x0000033b   Thumb Code     2  startup_tm4c129.o(.text)
    ADC1SS3_Handler                          0x0000033d   Thumb Code     2  startup_tm4c129.o(.text)
    EBI0_Handler                             0x0000033f   Thumb Code     2  startup_tm4c129.o(.text)
    GPIOJ_Handler                            0x00000341   Thumb Code     2  startup_tm4c129.o(.text)
    GPIOK_Handler                            0x00000343   Thumb Code     2  startup_tm4c129.o(.text)
    GPIOL_Handler                            0x00000345   Thumb Code     2  startup_tm4c129.o(.text)
    SSI2_Handler                             0x00000347   Thumb Code     2  startup_tm4c129.o(.text)
    SSI3_Handler                             0x00000349   Thumb Code     2  startup_tm4c129.o(.text)
    UART3_Handler                            0x0000034b   Thumb Code     2  startup_tm4c129.o(.text)
    UART4_Handler                            0x0000034d   Thumb Code     2  startup_tm4c129.o(.text)
    UART5_Handler                            0x0000034f   Thumb Code     2  startup_tm4c129.o(.text)
    UART6_Handler                            0x00000351   Thumb Code     2  startup_tm4c129.o(.text)
    UART7_Handler                            0x00000353   Thumb Code     2  startup_tm4c129.o(.text)
    I2C2_Handler                             0x00000355   Thumb Code     2  startup_tm4c129.o(.text)
    I2C3_Handler                             0x00000357   Thumb Code     2  startup_tm4c129.o(.text)
    TIMER4A_Handler                          0x00000359   Thumb Code     2  startup_tm4c129.o(.text)
    TIMER4B_Handler                          0x0000035b   Thumb Code     2  startup_tm4c129.o(.text)
    TIMER5A_Handler                          0x0000035d   Thumb Code     2  startup_tm4c129.o(.text)
    TIMER5B_Handler                          0x0000035f   Thumb Code     2  startup_tm4c129.o(.text)
    WTIMER0A_Handler                         0x00000361   Thumb Code     2  startup_tm4c129.o(.text)
    WTIMER0B_Handler                         0x00000363   Thumb Code     2  startup_tm4c129.o(.text)
    WTIMER1A_Handler                         0x00000365   Thumb Code     2  startup_tm4c129.o(.text)
    WTIMER1B_Handler                         0x00000367   Thumb Code     2  startup_tm4c129.o(.text)
    WTIMER2A_Handler                         0x00000369   Thumb Code     2  startup_tm4c129.o(.text)
    WTIMER2B_Handler                         0x0000036b   Thumb Code     2  startup_tm4c129.o(.text)
    WTIMER3A_Handler                         0x0000036d   Thumb Code     2  startup_tm4c129.o(.text)
    WTIMER3B_Handler                         0x0000036f   Thumb Code     2  startup_tm4c129.o(.text)
    WTIMER4A_Handler                         0x00000371   Thumb Code     2  startup_tm4c129.o(.text)
    WTIMER4B_Handler                         0x00000373   Thumb Code     2  startup_tm4c129.o(.text)
    WTIMER5A_Handler                         0x00000375   Thumb Code     2  startup_tm4c129.o(.text)
    WTIMER5B_Handler                         0x00000377   Thumb Code     2  startup_tm4c129.o(.text)
    FPU_Handler                              0x00000379   Thumb Code     2  startup_tm4c129.o(.text)
    I2C4_Handler                             0x0000037b   Thumb Code     2  startup_tm4c129.o(.text)
    I2C5_Handler                             0x0000037d   Thumb Code     2  startup_tm4c129.o(.text)
    GPIOM_Handler                            0x0000037f   Thumb Code     2  startup_tm4c129.o(.text)
    GPION_Handler                            0x00000381   Thumb Code     2  startup_tm4c129.o(.text)
    TAMPER_Handler                           0x00000383   Thumb Code     2  startup_tm4c129.o(.text)
    GPIOP0_Handler                           0x00000385   Thumb Code     2  startup_tm4c129.o(.text)
    GPIOP1_Handler                           0x00000387   Thumb Code     2  startup_tm4c129.o(.text)
    GPIOP2_Handler                           0x00000389   Thumb Code     2  startup_tm4c129.o(.text)
    GPIOP3_Handler                           0x0000038b   Thumb Code     2  startup_tm4c129.o(.text)
    GPIOP4_Handler                           0x0000038d   Thumb Code     2  startup_tm4c129.o(.text)
    GPIOP5_Handler                           0x0000038f   Thumb Code     2  startup_tm4c129.o(.text)
    GPIOP6_Handler                           0x00000391   Thumb Code     2  startup_tm4c129.o(.text)
    GPIOP7_Handler                           0x00000393   Thumb Code     2  startup_tm4c129.o(.text)
    GPIOQ0_Handler                           0x00000395   Thumb Code     2  startup_tm4c129.o(.text)
    GPIOQ1_Handler                           0x00000397   Thumb Code     2  startup_tm4c129.o(.text)
    GPIOQ2_Handler                           0x00000399   Thumb Code     2  startup_tm4c129.o(.text)
    GPIOQ3_Handler                           0x0000039b   Thumb Code     2  startup_tm4c129.o(.text)
    GPIOQ4_Handler                           0x0000039d   Thumb Code     2  startup_tm4c129.o(.text)
    GPIOQ5_Handler                           0x0000039f   Thumb Code     2  startup_tm4c129.o(.text)
    GPIOQ6_Handler                           0x000003a1   Thumb Code     2  startup_tm4c129.o(.text)
    GPIOQ7_Handler                           0x000003a3   Thumb Code     2  startup_tm4c129.o(.text)
    GPIOR_Handler                            0x000003a5   Thumb Code     2  startup_tm4c129.o(.text)
    GPIOS_Handler                            0x000003a7   Thumb Code     2  startup_tm4c129.o(.text)
    SHAMD5_Handler                           0x000003a9   Thumb Code     2  startup_tm4c129.o(.text)
    AES_Handler                              0x000003ab   Thumb Code     2  startup_tm4c129.o(.text)
    DES3DES_Handler                          0x000003ad   Thumb Code     2  startup_tm4c129.o(.text)
    LCDCONTROLLER_Handler                    0x000003af   Thumb Code     2  startup_tm4c129.o(.text)
    TIMER6A_Handler                          0x000003b1   Thumb Code     2  startup_tm4c129.o(.text)
    TIMER6B_Handler                          0x000003b3   Thumb Code     2  startup_tm4c129.o(.text)
    TIMER7A_Handler                          0x000003b5   Thumb Code     2  startup_tm4c129.o(.text)
    TIMER7B_Handler                          0x000003b7   Thumb Code     2  startup_tm4c129.o(.text)
    I2C6_Handler                             0x000003b9   Thumb Code     2  startup_tm4c129.o(.text)
    I2C7_Handler                             0x000003bb   Thumb Code     2  startup_tm4c129.o(.text)
    HIMSCANKEYBOARD_Handler                  0x000003bd   Thumb Code     2  startup_tm4c129.o(.text)
    ONEWIRE_Handler                          0x000003bf   Thumb Code     2  startup_tm4c129.o(.text)
    HIMPS2_Handler                           0x000003c1   Thumb Code     2  startup_tm4c129.o(.text)
    HIMLEDSEQUENCER_Handler                  0x000003c3   Thumb Code     2  startup_tm4c129.o(.text)
    HIMCONSUMERIR_Handler                    0x000003c5   Thumb Code     2  startup_tm4c129.o(.text)
    I2C8_Handler                             0x000003c7   Thumb Code     2  startup_tm4c129.o(.text)
    I2C9_Handler                             0x000003c9   Thumb Code     2  startup_tm4c129.o(.text)
    GPIOT_Handler                            0x000003cb   Thumb Code     2  startup_tm4c129.o(.text)
    __user_initial_stackheap                 0x000003cd   Thumb Code     0  startup_tm4c129.o(.text)
    strcpy                                   0x000003ed   Thumb Code    72  strcpy.o(.text)
    __use_two_region_memory                  0x00000435   Thumb Code     2  heapauxi.o(.text)
    __rt_heap_escrow$2region                 0x00000437   Thumb Code     2  heapauxi.o(.text)
    __rt_heap_expand$2region                 0x00000439   Thumb Code     2  heapauxi.o(.text)
    __user_setup_stackheap                   0x0000043b   Thumb Code    74  sys_stackheap_outer.o(.text)
    exit                                     0x00000485   Thumb Code    18  exit.o(.text)
    __user_libspace                          0x00000499   Thumb Code     8  libspace.o(.text)
    __user_perproc_libspace                  0x00000499   Thumb Code     0  libspace.o(.text)
    __user_perthread_libspace                0x00000499   Thumb Code     0  libspace.o(.text)
    _sys_exit                                0x000004a1   Thumb Code     8  sys_exit.o(.text)
    __I$use$semihosting                      0x000004ad   Thumb Code     0  use_no_semi.o(.text)
    __use_no_semihosting_swi                 0x000004ad   Thumb Code     2  use_no_semi.o(.text)
    __semihosting_library_function           0x000004af   Thumb Code     0  indicate_semi.o(.text)
    Button_Init                              0x000004b1   Thumb Code    98  button_control.o(i.Button_Init)
    GPIODirModeSet                           0x00000525   Thumb Code    40  gpio.o(i.GPIODirModeSet)
    GPIOIntClear                             0x0000054d   Thumb Code     6  gpio.o(i.GPIOIntClear)
    GPIOIntDisable                           0x00000553   Thumb Code    14  gpio.o(i.GPIOIntDisable)
    GPIOIntEnable                            0x00000561   Thumb Code    12  gpio.o(i.GPIOIntEnable)
    GPIOIntRegister                          0x0000056d   Thumb Code    26  gpio.o(i.GPIOIntRegister)
    GPIOIntStatus                            0x00000587   Thumb Code    14  gpio.o(i.GPIOIntStatus)
    GPIOIntTypeSet                           0x00000595   Thumb Code    80  gpio.o(i.GPIOIntTypeSet)
    GPIOPadConfigSet                         0x000005e5   Thumb Code   312  gpio.o(i.GPIOPadConfigSet)
    GPIOPinTypeGPIOInput                     0x0000071d   Thumb Code    28  gpio.o(i.GPIOPinTypeGPIOInput)
    GPIOPortLIntHandler                      0x00000739   Thumb Code   106  button_control.o(i.GPIOPortLIntHandler)
    IntEnable                                0x000007ad   Thumb Code    92  interrupt.o(i.IntEnable)
    IntRegister                              0x00000811   Thumb Code    44  interrupt.o(i.IntRegister)
    SysCtlClockFreqSet                       0x00000845   Thumb Code   700  sysctl.o(i.SysCtlClockFreqSet)
    SysCtlClockGet                           0x00000b29   Thumb Code   304  sysctl.o(i.SysCtlClockGet)
    SysCtlPeripheralEnable                   0x00000c7d   Thumb Code    36  sysctl.o(i.SysCtlPeripheralEnable)
    SysCtlPeripheralReady                    0x00000ca5   Thumb Code    40  sysctl.o(i.SysCtlPeripheralReady)
    SystemInit                               0x00000cd1   Thumb Code    20  system_tm4c129.o(i.SystemInit)
    UART1_Handler                            0x00000cf1   Thumb Code   106  uart_driver.o(i.UART1_Handler)
    UARTCharGet                              0x00000d71   Thumb Code    12  uart.o(i.UARTCharGet)
    UARTCharGetNonBlocking                   0x00000d7d   Thumb Code    16  uart.o(i.UARTCharGetNonBlocking)
    UARTCharPut                              0x00000d8d   Thumb Code    12  uart.o(i.UARTCharPut)
    UARTConfigSetExpClk                      0x00000d99   Thumb Code   110  uart.o(i.UARTConfigSetExpClk)
    UARTIntClear                             0x00000e07   Thumb Code     4  uart.o(i.UARTIntClear)
    UARTIntDisable                           0x00000e0b   Thumb Code    10  uart.o(i.UARTIntDisable)
    UARTIntEnable                            0x00000e15   Thumb Code     8  uart.o(i.UARTIntEnable)
    UARTIntRegister                          0x00000e1d   Thumb Code    70  uart.o(i.UARTIntRegister)
    UARTIntStatus                            0x00000e75   Thumb Code    10  uart.o(i.UARTIntStatus)
    UARTReceived_Callback                    0x00000e7f   Thumb Code    14  main.o(i.UARTReceived_Callback)
    UART_Init                                0x00000e8d   Thumb Code    80  uart_driver.o(i.UART_Init)
    UART_Send                                0x00000eed   Thumb Code    26  uart_driver.o(i.UART_Send)
    UART_SendStr                             0x00000f0d   Thumb Code    22  uart_driver.o(i.UART_SendStr)
    main                                     0x00000f75   Thumb Code    28  main.o(i.main)
    _fp_init                                 0x00000f9d   Thumb Code    10  fpinit.o(x$fpl$fpinit)
    __fplib_config_fpu_vfp                   0x00000fa5   Thumb Code     0  fpinit.o(x$fpl$fpinit)
    __fplib_config_pureend_doubles           0x00000fa5   Thumb Code     0  fpinit.o(x$fpl$fpinit)
    Region$$Table$$Base                      0x000015b0   Number         0  anon$$obj.o(Region$$Table)
    Region$$Table$$Limit                     0x000015d0   Number         0  anon$$obj.o(Region$$Table)
    SystemCoreClock                          0x20000010   Data           4  system_tm4c129.o(.data)
    __libspace_start                         0x20000678   Data          96  libspace.o(.bss)
    __temporary_stack_top$libspace           0x200006d8   Data           0  libspace.o(.bss)



==============================================================================

Memory Map of the image

  Image Entry point : 0x00000201

  Load Region LR_IROM1 (Base: 0x00000000, Size: 0x00001c3c, Max: 0x00100000, ABSOLUTE, COMPRESSED[0x000015e4])

    Execution Region ER_IROM1 (Exec base: 0x00000000, Load base: 0x00000000, Size: 0x000015d0, Max: 0x00100000, ABSOLUTE)

    Exec Addr    Load Addr    Size         Type   Attr      Idx    E Section Name        Object

    0x00000000   0x00000000   0x00000200   Data   RO          172    RESET               startup_tm4c129.o
    0x00000200   0x00000200   0x00000008   Code   RO         1590  * !!!main             c_w.l(__main.o)
    0x00000208   0x00000208   0x00000034   Code   RO         1749    !!!scatter          c_w.l(__scatter.o)
    0x0000023c   0x0000023c   0x0000003a   Code   RO         1747    !!dczerorl          c_w.l(__dczerorl.o)
    0x00000276   0x00000276   0x00000002   PAD
    0x00000278   0x00000278   0x0000001c   Code   RO         1751    !!handler_zi        c_w.l(__scatter_zi.o)
    0x00000294   0x00000294   0x00000002   Code   RO         1617    .ARM.Collect$$libinit$$00000000  c_w.l(libinit.o)
    0x00000296   0x00000296   0x00000004   Code   RO         1623    .ARM.Collect$$libinit$$00000001  c_w.l(libinit2.o)
    0x0000029a   0x0000029a   0x00000000   Code   RO         1626    .ARM.Collect$$libinit$$00000004  c_w.l(libinit2.o)
    0x0000029a   0x0000029a   0x00000000   Code   RO         1629    .ARM.Collect$$libinit$$0000000A  c_w.l(libinit2.o)
    0x0000029a   0x0000029a   0x00000000   Code   RO         1631    .ARM.Collect$$libinit$$0000000C  c_w.l(libinit2.o)
    0x0000029a   0x0000029a   0x00000000   Code   RO         1633    .ARM.Collect$$libinit$$0000000E  c_w.l(libinit2.o)
    0x0000029a   0x0000029a   0x00000000   Code   RO         1636    .ARM.Collect$$libinit$$00000011  c_w.l(libinit2.o)
    0x0000029a   0x0000029a   0x00000000   Code   RO         1638    .ARM.Collect$$libinit$$00000013  c_w.l(libinit2.o)
    0x0000029a   0x0000029a   0x00000000   Code   RO         1640    .ARM.Collect$$libinit$$00000015  c_w.l(libinit2.o)
    0x0000029a   0x0000029a   0x00000000   Code   RO         1642    .ARM.Collect$$libinit$$00000017  c_w.l(libinit2.o)
    0x0000029a   0x0000029a   0x00000000   Code   RO         1644    .ARM.Collect$$libinit$$00000019  c_w.l(libinit2.o)
    0x0000029a   0x0000029a   0x00000000   Code   RO         1646    .ARM.Collect$$libinit$$0000001B  c_w.l(libinit2.o)
    0x0000029a   0x0000029a   0x00000000   Code   RO         1648    .ARM.Collect$$libinit$$0000001D  c_w.l(libinit2.o)
    0x0000029a   0x0000029a   0x00000000   Code   RO         1650    .ARM.Collect$$libinit$$0000001F  c_w.l(libinit2.o)
    0x0000029a   0x0000029a   0x00000000   Code   RO         1652    .ARM.Collect$$libinit$$00000021  c_w.l(libinit2.o)
    0x0000029a   0x0000029a   0x00000000   Code   RO         1654    .ARM.Collect$$libinit$$00000023  c_w.l(libinit2.o)
    0x0000029a   0x0000029a   0x00000000   Code   RO         1656    .ARM.Collect$$libinit$$00000025  c_w.l(libinit2.o)
    0x0000029a   0x0000029a   0x00000000   Code   RO         1660    .ARM.Collect$$libinit$$0000002C  c_w.l(libinit2.o)
    0x0000029a   0x0000029a   0x00000000   Code   RO         1662    .ARM.Collect$$libinit$$0000002E  c_w.l(libinit2.o)
    0x0000029a   0x0000029a   0x00000000   Code   RO         1664    .ARM.Collect$$libinit$$00000030  c_w.l(libinit2.o)
    0x0000029a   0x0000029a   0x00000000   Code   RO         1666    .ARM.Collect$$libinit$$00000032  c_w.l(libinit2.o)
    0x0000029a   0x0000029a   0x00000002   Code   RO         1667    .ARM.Collect$$libinit$$00000033  c_w.l(libinit2.o)
    0x0000029c   0x0000029c   0x00000002   Code   RO         1687    .ARM.Collect$$libshutdown$$00000000  c_w.l(libshutdown.o)
    0x0000029e   0x0000029e   0x00000000   Code   RO         1700    .ARM.Collect$$libshutdown$$00000002  c_w.l(libshutdown2.o)
    0x0000029e   0x0000029e   0x00000000   Code   RO         1702    .ARM.Collect$$libshutdown$$00000004  c_w.l(libshutdown2.o)
    0x0000029e   0x0000029e   0x00000000   Code   RO         1705    .ARM.Collect$$libshutdown$$00000007  c_w.l(libshutdown2.o)
    0x0000029e   0x0000029e   0x00000000   Code   RO         1708    .ARM.Collect$$libshutdown$$0000000A  c_w.l(libshutdown2.o)
    0x0000029e   0x0000029e   0x00000000   Code   RO         1710    .ARM.Collect$$libshutdown$$0000000C  c_w.l(libshutdown2.o)
    0x0000029e   0x0000029e   0x00000000   Code   RO         1713    .ARM.Collect$$libshutdown$$0000000F  c_w.l(libshutdown2.o)
    0x0000029e   0x0000029e   0x00000002   Code   RO         1714    .ARM.Collect$$libshutdown$$00000010  c_w.l(libshutdown2.o)
    0x000002a0   0x000002a0   0x00000000   Code   RO         1592    .ARM.Collect$$rtentry$$00000000  c_w.l(__rtentry.o)
    0x000002a0   0x000002a0   0x00000000   Code   RO         1594    .ARM.Collect$$rtentry$$00000002  c_w.l(__rtentry2.o)
    0x000002a0   0x000002a0   0x00000006   Code   RO         1606    .ARM.Collect$$rtentry$$00000004  c_w.l(__rtentry4.o)
    0x000002a6   0x000002a6   0x00000000   Code   RO         1596    .ARM.Collect$$rtentry$$00000009  c_w.l(__rtentry2.o)
    0x000002a6   0x000002a6   0x00000004   Code   RO         1597    .ARM.Collect$$rtentry$$0000000A  c_w.l(__rtentry2.o)
    0x000002aa   0x000002aa   0x00000000   Code   RO         1599    .ARM.Collect$$rtentry$$0000000C  c_w.l(__rtentry2.o)
    0x000002aa   0x000002aa   0x00000008   Code   RO         1600    .ARM.Collect$$rtentry$$0000000D  c_w.l(__rtentry2.o)
    0x000002b2   0x000002b2   0x00000002   Code   RO         1621    .ARM.Collect$$rtexit$$00000000  c_w.l(rtexit.o)
    0x000002b4   0x000002b4   0x00000000   Code   RO         1669    .ARM.Collect$$rtexit$$00000002  c_w.l(rtexit2.o)
    0x000002b4   0x000002b4   0x00000004   Code   RO         1670    .ARM.Collect$$rtexit$$00000003  c_w.l(rtexit2.o)
    0x000002b8   0x000002b8   0x00000006   Code   RO         1671    .ARM.Collect$$rtexit$$00000004  c_w.l(rtexit2.o)
    0x000002be   0x000002be   0x00000002   PAD
    0x000002c0   0x000002c0   0x0000012c   Code   RO          173    .text               startup_tm4c129.o
    0x000003ec   0x000003ec   0x00000048   Code   RO         1586    .text               c_w.l(strcpy.o)
    0x00000434   0x00000434   0x00000006   Code   RO         1588    .text               c_w.l(heapauxi.o)
    0x0000043a   0x0000043a   0x0000004a   Code   RO         1608    .text               c_w.l(sys_stackheap_outer.o)
    0x00000484   0x00000484   0x00000012   Code   RO         1610    .text               c_w.l(exit.o)
    0x00000496   0x00000496   0x00000002   PAD
    0x00000498   0x00000498   0x00000008   Code   RO         1618    .text               c_w.l(libspace.o)
    0x000004a0   0x000004a0   0x0000000c   Code   RO         1679    .text               c_w.l(sys_exit.o)
    0x000004ac   0x000004ac   0x00000002   Code   RO         1690    .text               c_w.l(use_no_semi.o)
    0x000004ae   0x000004ae   0x00000000   Code   RO         1692    .text               c_w.l(indicate_semi.o)
    0x000004ae   0x000004ae   0x00000002   PAD
    0x000004b0   0x000004b0   0x00000074   Code   RO           70    i.Button_Init       button_control.o
    0x00000524   0x00000524   0x00000028   Code   RO          513    i.GPIODirModeSet    driverlib.lib(gpio.o)
    0x0000054c   0x0000054c   0x00000006   Code   RO          514    i.GPIOIntClear      driverlib.lib(gpio.o)
    0x00000552   0x00000552   0x0000000e   Code   RO          515    i.GPIOIntDisable    driverlib.lib(gpio.o)
    0x00000560   0x00000560   0x0000000c   Code   RO          516    i.GPIOIntEnable     driverlib.lib(gpio.o)
    0x0000056c   0x0000056c   0x0000001a   Code   RO          517    i.GPIOIntRegister   driverlib.lib(gpio.o)
    0x00000586   0x00000586   0x0000000e   Code   RO          519    i.GPIOIntStatus     driverlib.lib(gpio.o)
    0x00000594   0x00000594   0x00000050   Code   RO          521    i.GPIOIntTypeSet    driverlib.lib(gpio.o)
    0x000005e4   0x000005e4   0x00000138   Code   RO          525    i.GPIOPadConfigSet  driverlib.lib(gpio.o)
    0x0000071c   0x0000071c   0x0000001c   Code   RO          536    i.GPIOPinTypeGPIOInput  driverlib.lib(gpio.o)
    0x00000738   0x00000738   0x00000074   Code   RO           75    i.GPIOPortLIntHandler  button_control.o
    0x000007ac   0x000007ac   0x00000064   Code   RO         1475    i.IntEnable         driverlib.lib(interrupt.o)
    0x00000810   0x00000810   0x00000034   Code   RO         1487    i.IntRegister       driverlib.lib(interrupt.o)
    0x00000844   0x00000844   0x000002e4   Code   RO          817    i.SysCtlClockFreqSet  driverlib.lib(sysctl.o)
    0x00000b28   0x00000b28   0x00000154   Code   RO          818    i.SysCtlClockGet    driverlib.lib(sysctl.o)
    0x00000c7c   0x00000c7c   0x00000028   Code   RO          849    i.SysCtlPeripheralEnable  driverlib.lib(sysctl.o)
    0x00000ca4   0x00000ca4   0x0000002c   Code   RO          853    i.SysCtlPeripheralReady  driverlib.lib(sysctl.o)
    0x00000cd0   0x00000cd0   0x00000020   Code   RO          182    i.SystemInit        system_tm4c129.o
    0x00000cf0   0x00000cf0   0x00000080   Code   RO          114    i.UART1_Handler     uart_driver.o
    0x00000d70   0x00000d70   0x0000000c   Code   RO         1175    i.UARTCharGet       driverlib.lib(uart.o)
    0x00000d7c   0x00000d7c   0x00000010   Code   RO         1176    i.UARTCharGetNonBlocking  driverlib.lib(uart.o)
    0x00000d8c   0x00000d8c   0x0000000c   Code   RO         1177    i.UARTCharPut       driverlib.lib(uart.o)
    0x00000d98   0x00000d98   0x0000006e   Code   RO         1183    i.UARTConfigSetExpClk  driverlib.lib(uart.o)
    0x00000e06   0x00000e06   0x00000004   Code   RO         1196    i.UARTIntClear      driverlib.lib(uart.o)
    0x00000e0a   0x00000e0a   0x0000000a   Code   RO         1197    i.UARTIntDisable    driverlib.lib(uart.o)
    0x00000e14   0x00000e14   0x00000008   Code   RO         1198    i.UARTIntEnable     driverlib.lib(uart.o)
    0x00000e1c   0x00000e1c   0x00000058   Code   RO         1199    i.UARTIntRegister   driverlib.lib(uart.o)
    0x00000e74   0x00000e74   0x0000000a   Code   RO         1200    i.UARTIntStatus     driverlib.lib(uart.o)
    0x00000e7e   0x00000e7e   0x0000000e   Code   RO            1    i.UARTReceived_Callback  main.o
    0x00000e8c   0x00000e8c   0x00000060   Code   RO          115    i.UART_Init         uart_driver.o
    0x00000eec   0x00000eec   0x00000020   Code   RO          116    i.UART_Send         uart_driver.o
    0x00000f0c   0x00000f0c   0x00000016   Code   RO          117    i.UART_SendStr      uart_driver.o
    0x00000f22   0x00000f22   0x00000002   PAD
    0x00000f24   0x00000f24   0x00000050   Code   RO          556    i._GPIOIntNumberGet  driverlib.lib(gpio.o)
    0x00000f74   0x00000f74   0x00000028   Code   RO            2    i.main              main.o
    0x00000f9c   0x00000f9c   0x0000000a   Code   RO         1677    x$fpl$fpinit        fz_wm.l(fpinit.o)
    0x00000fa6   0x00000fa6   0x00000002   PAD
    0x00000fa8   0x00000fa8   0x00000228   Data   RO          557    .constdata          driverlib.lib(gpio.o)
    0x000011d0   0x000011d0   0x00000254   Data   RO          871    .constdata          driverlib.lib(sysctl.o)
    0x00001424   0x00001424   0x00000080   Data   RO         1216    .constdata          driverlib.lib(uart.o)
    0x000014a4   0x000014a4   0x0000010c   Data   RO         1491    .constdata          driverlib.lib(interrupt.o)
    0x000015b0   0x000015b0   0x00000020   Data   RO         1745    Region$$Table       anon$$obj.o


    Execution Region RW_IRAM1 (Exec base: 0x20000000, Load base: 0x000015d0, Size: 0x000008d8, Max: 0x00040000, ABSOLUTE, COMPRESSED[0x00000014])

    Exec Addr    Load Addr    Size         Type   Attr      Idx    E Section Name        Object

    0x20000000   COMPRESSED   0x0000000d   Data   RW          118    .data               uart_driver.o
    0x2000000d   COMPRESSED   0x00000003   PAD
    0x20000010   COMPRESSED   0x00000004   Data   RW          183    .data               system_tm4c129.o
    0x20000014   COMPRESSED   0x000003ec   PAD
    0x20000400   COMPRESSED   0x0000026c   Data   RW         1492    vtable              driverlib.lib(interrupt.o)
    0x2000066c        -       0x0000000c   Zero   RW           76    .bss                button_control.o
    0x20000678        -       0x00000060   Zero   RW         1619    .bss                c_w.l(libspace.o)
    0x200006d8        -       0x00000000   Zero   RW          171    HEAP                startup_tm4c129.o
    0x200006d8        -       0x00000200   Zero   RW          170    STACK               startup_tm4c129.o


==============================================================================

Image component sizes


      Code (inc. data)   RO Data    RW Data    ZI Data      Debug   Object Name

       232         28          0          0         12       1464   button_control.o
        54         12          0          0          0       6759   main.o
       300         22        512          0        512       6044   startup_tm4c129.o
        32         12          0          4          0        727   system_tm4c129.o
       278         44          0         13          0       2463   uart_driver.o

    ----------------------------------------------------------------------
       898        118        544       1024        524      17457   Object Totals
         0          0         32          0          0          0   (incl. Generated)
         2          0          0       1007          0          0   (incl. Padding)

    ----------------------------------------------------------------------

      Code (inc. data)   RO Data    RW Data    ZI Data      Debug   Library Member Name

        58          0          0          0          0          0   __dczerorl.o
         8          0          0          0          0         68   __main.o
         0          0          0          0          0          0   __rtentry.o
        12          0          0          0          0          0   __rtentry2.o
         6          0          0          0          0          0   __rtentry4.o
        52          8          0          0          0          0   __scatter.o
        28          0          0          0          0          0   __scatter_zi.o
        18          0          0          0          0         80   exit.o
         6          0          0          0          0        152   heapauxi.o
         0          0          0          0          0          0   indicate_semi.o
         2          0          0          0          0          0   libinit.o
         6          0          0          0          0          0   libinit2.o
         2          0          0          0          0          0   libshutdown.o
         2          0          0          0          0          0   libshutdown2.o
         8          4          0          0         96         68   libspace.o
         2          0          0          0          0          0   rtexit.o
        10          0          0          0          0          0   rtexit2.o
        72          0          0          0          0         80   strcpy.o
        12          4          0          0          0         68   sys_exit.o
        74          0          0          0          0         80   sys_stackheap_outer.o
         2          0          0          0          0         68   use_no_semi.o
         0          0          0          0          0       3048   adc.o
       612         18        552          0          0       6710   gpio.o
       152         16        268        620          0       2150   interrupt.o
      1164         84        596          0          0       5439   sysctl.o
       270         18        128          0          0       5970   uart.o
        10          0          0          0          0        116   fpinit.o

    ----------------------------------------------------------------------
      2598        152       1544        620         96      24097   Library Totals
        10          0          0          0          0          0   (incl. Padding)

    ----------------------------------------------------------------------

      Code (inc. data)   RO Data    RW Data    ZI Data      Debug   Library Name

       380         16          0          0         96        664   c_w.l
      2198        136       1544        620          0      23317   driverlib.lib
        10          0          0          0          0        116   fz_wm.l

    ----------------------------------------------------------------------
      2598        152       1544        620         96      24097   Library Totals

    ----------------------------------------------------------------------

==============================================================================


      Code (inc. data)   RO Data    RW Data    ZI Data      Debug   

      3496        270       2088       1644        620      38546   Grand Totals
      3496        270       2088         20        620      38546   ELF Image Totals (compressed)
      3496        270       2088         20          0          0   ROM Totals

==============================================================================

    Total RO  Size (Code + RO Data)                 5584 (   5.45kB)
    Total RW  Size (RW Data + ZI Data)              2264 (   2.21kB)
    Total ROM Size (Code + RO Data + RW Data)       5604 (   5.47kB)

==============================================================================

