Component: ARM Compiler 5.06 update 5 (build 528) Tool: armlink [4d35e2]

==============================================================================

Section Cross References

    uartstdio.o(i.UARTStdioConfig) refers to uartstdio.o(.constdata) for g_ui32UARTPeriph
    uartstdio.o(i.UARTStdioConfig) refers to uartstdio.o(.data) for g_ui32Base
    uartstdio.o(i.UARTgetc) refers to uartstdio.o(.data) for g_ui32Base
    uartstdio.o(i.UARTgets) refers to uartstdio.o(i.UARTwrite) for UARTwrite
    uartstdio.o(i.UARTgets) refers to uartstdio.o(.data) for g_ui32Base
    uartstdio.o(i.UARTprintf) refers to uartstdio.o(i.UARTvprintf) for UARTvprintf
    uartstdio.o(i.UARTvprintf) refers to uartstdio.o(i.UARTwrite) for UARTwrite
    uartstdio.o(i.UARTvprintf) refers to uartstdio.o(.constdata) for g_pcHex
    uartstdio.o(i.UARTwrite) refers to uartstdio.o(.data) for g_ui32Base
    uartstdio.o(.constdata) refers to uartstdio.o(.conststring) for .conststring
    main.o(i.FrequencyReceivedCallback) refers to led.o(i.Led_WriteState) for Led_WriteState
    main.o(i.FrequencyReceivedCallback) refers to adf4350.o(i.ADF4350_SetFrequency) for ADF4350_SetFrequency
    main.o(i.FrequencyReceivedCallback) refers to lcd5110.o(i.LCD5110_clear) for LCD5110_clear
    main.o(i.FrequencyReceivedCallback) refers to lcd5110.o(i.LCD5110_set_XY) for LCD5110_set_XY
    main.o(i.FrequencyReceivedCallback) refers to lcd5110.o(i.LCD5110_write_string) for LCD5110_write_string
    main.o(i.FrequencyReceivedCallback) refers to printfa.o(i.__0sprintf) for __2sprintf
    main.o(i.FrequencyReceivedCallback) refers to delay.o(i.delay_ms) for delay_ms
    main.o(i.FrequencyReceivedCallback) refers to adc_driver.o(i.ADC_readMag) for ADC_readMag
    main.o(i.FrequencyReceivedCallback) refers to hc05_driver.o(i.HC05_sendData) for HC05_sendData
    main.o(i.FrequencyReceivedCallback) refers to main.o(.data) for led2
    main.o(i.InitConsole) refers to sysctl.o(i.SysCtlPeripheralEnable) for SysCtlPeripheralEnable
    main.o(i.InitConsole) refers to gpio.o(i.GPIOPinConfigure) for GPIOPinConfigure
    main.o(i.InitConsole) refers to gpio.o(i.GPIOPinTypeUART) for GPIOPinTypeUART
    main.o(i.InitConsole) refers to uartstdio.o(i.UARTStdioConfig) for UARTStdioConfig
    main.o(i.LCD_GetFrequency) refers to lcd5110.o(i.LCD5110_clear) for LCD5110_clear
    main.o(i.LCD_GetFrequency) refers to lcd5110.o(i.LCD5110_set_XY) for LCD5110_set_XY
    main.o(i.LCD_GetFrequency) refers to lcd5110.o(i.LCD5110_write_string) for LCD5110_write_string
    main.o(i.LCD_GetFrequency) refers to button_control.o(i.Button_SetBtn0Flag) for Button_SetBtn0Flag
    main.o(i.LCD_GetFrequency) refers to button_control.o(i.Button_SetBtn1Flag) for Button_SetBtn1Flag
    main.o(i.LCD_GetFrequency) refers to button_control.o(i.Button_SetBtn2Flag) for Button_SetBtn2Flag
    main.o(i.LCD_GetFrequency) refers to hc05_driver.o(i.HC05_setConnectedCallback) for HC05_setConnectedCallback
    main.o(i.LCD_GetFrequency) refers to lcd5110.o(i.LCD5110_light_on) for LCD5110_light_on
    main.o(i.LCD_GetFrequency) refers to lcd5110.o(i.LCD5110_light_off) for LCD5110_light_off
    main.o(i.LCD_GetFrequency) refers to gpio.o(i.GPIOPinRead) for GPIOPinRead
    main.o(i.LCD_GetFrequency) refers to led.o(i.Led_WriteState) for Led_WriteState
    main.o(i.LCD_GetFrequency) refers to dflti.o(.text) for __aeabi_i2d
    main.o(i.LCD_GetFrequency) refers to adf4350.o(i.ADF4350_SetFrequency) for ADF4350_SetFrequency
    main.o(i.LCD_GetFrequency) refers to delay.o(i.delay_ms) for delay_ms
    main.o(i.LCD_GetFrequency) refers to main.o(i.LCD_ShowResult) for LCD_ShowResult
    main.o(i.LCD_GetFrequency) refers to main.o(.constdata) for .constdata
    main.o(i.LCD_GetFrequency) refers to main.o(i.PhoneConnectedCallback) for PhoneConnectedCallback
    main.o(i.LCD_GetFrequency) refers to main.o(.data) for connected
    main.o(i.LCD_ShowResult) refers to lcd5110.o(i.LCD5110_clear) for LCD5110_clear
    main.o(i.LCD_ShowResult) refers to lcd5110.o(i.LCD5110_set_XY) for LCD5110_set_XY
    main.o(i.LCD_ShowResult) refers to lcd5110.o(i.LCD5110_write_string) for LCD5110_write_string
    main.o(i.LCD_ShowResult) refers to adc_driver.o(i.ADC_readMag) for ADC_readMag
    main.o(i.LCD_ShowResult) refers to printfa.o(i.__0sprintf) for __2sprintf
    main.o(i.LCD_ShowResult) refers to adc_driver.o(i.ADC_readPhs) for ADC_readPhs
    main.o(i.LCD_ShowResult) refers to delay.o(i.delay_ms) for delay_ms
    main.o(i.LCD_WellcomeScreen) refers to lcd5110.o(i.LCD5110_set_XY) for LCD5110_set_XY
    main.o(i.LCD_WellcomeScreen) refers to lcd5110.o(i.LCD5110_write_string) for LCD5110_write_string
    main.o(i.LCD_WellcomeScreen) refers to delay.o(i.delay_ms) for delay_ms
    main.o(i.LCD_WellcomeScreen) refers to lcd5110.o(i.LCD5110_clear) for LCD5110_clear
    main.o(i.PhoneConnectedCallback) refers to hc05_driver.o(i.HC05_setConnectedCallback) for HC05_setConnectedCallback
[...]
    .text                                    0x0000080c   Section        0  uidiv.o(.text)
    .text                                    0x00000838   Section        0  uldiv.o(.text)
    .text                                    0x0000089a   Section        0  llshl.o(.text)
    .text                                    0x000008b8   Section        0  llushr.o(.text)
    .text                                    0x000008d8   Section        0  llsshr.o(.text)
    .text                                    0x000008fc   Section        0  strtod.o(.text)
    _local_sscanf                            0x000008fd   Thumb Code    54  strtod.o(.text)
    .text                                    0x00000998   Section        0  fepilogue.o(.text)
    .text                                    0x00000998   Section        0  iusefp.o(.text)
    .text                                    0x00000a06   Section        0  depilogue.o(.text)
    .text                                    0x00000ac0   Section        0  dfixul.o(.text)
    .text                                    0x00000af0   Section       36  init.o(.text)
    .text                                    0x00000b14   Section        0  ctype_o.o(.text)
    .text                                    0x00000b1c   Section        0  isspace_o.o(.text)
    .text                                    0x00000b30   Section        0  scanf_fp.o(.text)
    _fp_value                                0x00000b31   Thumb Code   296  scanf_fp.o(.text)
    .text                                    0x00000e90   Section        0  _sgetc.o(.text)
    .text                                    0x00000ed0   Section        0  dfltul.o(.text)
    .text                                    0x00000ee8   Section        0  __dclz77c.o(.text)
    i.ADCIntClear                            0x00000f46   Section        0  adc.o(i.ADCIntClear)
    i.ADCIntStatus                           0x00000f50   Section        0  adc.o(i.ADCIntStatus)
    i.ADCProcessorTrigger                    0x00000f84   Section        0  adc.o(i.ADCProcessorTrigger)
    i.ADCSequenceConfigure                   0x00000f9e   Section        0  adc.o(i.ADCSequenceConfigure)
    i.ADCSequenceDataGet                     0x00000ffe   Section        0  adc.o(i.ADCSequenceDataGet)
    i.ADCSequenceEnable                      0x00001022   Section        0  adc.o(i.ADCSequenceEnable)
    i.ADCSequenceStepConfigure               0x00001030   Section        0  adc.o(i.ADCSequenceStepConfigure)
    i.ADC_init                               0x000010cc   Section        0  adc_driver.o(i.ADC_init)
    i.ADC_readMag                            0x00001180   Section        0  adc_driver.o(i.ADC_readMag)
    i.ADC_readPhs                            0x0000124c   Section        0  adc_driver.o(i.ADC_readPhs)
    i.ADF4350_Init                           0x000012fc   Section        0  adf4350.o(i.ADF4350_Init)
    i.ADF4350_SetFrequency                   0x0000133c   Section        0  adf4350.o(i.ADF4350_SetFrequency)
    i.ADF4350_reset                          0x0000164c   Section        0  adf4350.o(i.ADF4350_reset)
    i.Button_Init                            0x0000165c   Section        0  button_control.o(i.Button_Init)
    i.Button_SetBtn0Flag                     0x00001790   Section        0  button_control.o(i.Button_SetBtn0Flag)
    i.Button_SetBtn1Flag                     0x000017a8   Section        0  button_control.o(i.Button_SetBtn1Flag)
    i.Button_SetBtn2Flag                     0x000017c0   Section        0  button_control.o(i.Button_SetBtn2Flag)
    i.FrequencyReceivedCallback              0x000017d8   Section        0  main.o(i.FrequencyReceivedCallback)
    i.GPIODirModeSet                         0x000018b0   Section        0  gpio.o(i.GPIODirModeSet)
    i.GPIOIntClear                           0x000018d8   Section        0  gpio.o(i.GPIOIntClear)
    i.GPIOIntDisable                         0x000018de   Section        0  gpio.o(i.GPIOIntDisable)
    i.GPIOIntEnable                          0x000018ec   Section        0  gpio.o(i.GPIOIntEnable)
    i.GPIOIntRegister                        0x000018f8   Section        0  gpio.o(i.GPIOIntRegister)
    i.GPIOIntStatus                          0x00001912   Section        0  gpio.o(i.GPIOIntStatus)
    i.GPIOIntTypeSet                         0x00001920   Section        0  gpio.o(i.GPIOIntTypeSet)
    i.GPIOPadConfigSet                       0x00001970   Section        0  gpio.o(i.GPIOPadConfigSet)
    i.GPIOPinConfigure                       0x00001aa8   Section        0  gpio.o(i.GPIOPinConfigure)
    i.GPIOPinRead                            0x00001aec   Section        0  gpio.o(i.GPIOPinRead)
    i.GPIOPinTypeADC                         0x00001af2   Section        0  gpio.o(i.GPIOPinTypeADC)
    i.GPIOPinTypeGPIOInput                   0x00001b0e   Section        0  gpio.o(i.GPIOPinTypeGPIOInput)
    i.GPIOPinTypeGPIOOutput                  0x00001b2a   Section        0  gpio.o(i.GPIOPinTypeGPIOOutput)
    i.GPIOPinTypeUART                        0x00001b46   Section        0  gpio.o(i.GPIOPinTypeUART)
    i.GPIOPinWrite                           0x00001b62   Section        0  gpio.o(i.GPIOPinWrite)
    i.GPIOPortLIntHandler                    0x00001b68   Section        0  button_control.o(i.GPIOPortLIntHandler)
    i.HC05_Init                              0x00001be0   Section        0  hc05_driver.o(i.HC05_Init)
    i.HC05_sendData                          0x00001c04   Section        0  hc05_driver.o(i.HC05_sendData)
    i.HC05_sendHello                         0x00001c64   Section        0  hc05_driver.o(i.HC05_sendHello)
    i.HC05_setConnectedCallback              0x00001c84   Section        0  hc05_driver.o(i.HC05_setConnectedCallback)
    i.HC05_setFrequencyReceivedCallback      0x00001c90   Section        0  hc05_driver.o(i.HC05_setFrequencyReceivedCallback)
    i.InitConsole                            0x00001c9c   Section        0  main.o(i.InitConsole)
    i.IntEnable                              0x00001cdc   Section        0  interrupt.o(i.IntEnable)
    i.IntMasterEnable                        0x00001d40   Section        0  interrupt.o(i.IntMasterEnable)
    i.IntPrioritySet                         0x00001d50   Section        0  interrupt.o(i.IntPrioritySet)
    i.IntRegister                            0x00001d78   Section        0  interrupt.o(i.IntRegister)
    i.JSONObject_CreateObject                0x00001dac   Section        0  jsonobject.o(i.JSONObject_CreateObject)
    i.JSONObject_GetString                   0x00001dc8   Section        0  jsonobject.o(i.JSONObject_GetString)
    i.JSONObject_Getdouble                   0x00001e54   Section        0  jsonobject.o(i.JSONObject_Getdouble)
    i.JSONObject_Parse                       0x00001e7e   Section        0  jsonobject.o(i.JSONObject_Parse)
    i.LCD5110_CE                             0x00001ec8   Section        0  lcd5110.o(i.LCD5110_CE)
    i.LCD5110_CLK                            0x00001ee4   Section        0  lcd5110.o(i.LCD5110_CLK)
    i.LCD5110_DC                             0x00001f00   Section        0  lcd5110.o(i.LCD5110_DC)
    i.LCD5110_DIN                            0x00001f1c   Section        0  lcd5110.o(i.LCD5110_DIN)
    i.LCD5110_GPIO_Config                    0x00001f38   Section        0  lcd5110.o(i.LCD5110_GPIO_Config)
    i.LCD5110_LCD_delay_ms                   0x00001ffc   Section        0  lcd5110.o(i.LCD5110_LCD_delay_ms)
    i.LCD5110_LCD_write_byte                 0x00002008   Section        0  lcd5110.o(i.LCD5110_LCD_write_byte)
    i.LCD5110_LIGHT                          0x00002050   Section        0  lcd5110.o(i.LCD5110_LIGHT)
    i.LCD5110_RST                            0x0000206c   Section        0  lcd5110.o(i.LCD5110_RST)
    i.LCD5110_clear                          0x00002086   Section        0  lcd5110.o(i.LCD5110_clear)
    i.LCD5110_init                           0x000020aa   Section        0  lcd5110.o(i.LCD5110_init)
    i.LCD5110_light_off                      0x00002114   Section        0  lcd5110.o(i.LCD5110_light_off)
    i.LCD5110_light_on                       0x0000211e   Section        0  lcd5110.o(i.LCD5110_light_on)
    i.LCD5110_set_XY                         0x00002128   Section        0  lcd5110.o(i.LCD5110_set_XY)
    i.LCD5110_write_char                     0x0000214c   Section        0  lcd5110.o(i.LCD5110_write_char)
    i.LCD5110_write_string                   0x00002180   Section        0  lcd5110.o(i.LCD5110_write_string)
    i.LCD_GetFrequency                       0x00002198   Section        0  main.o(i.LCD_GetFrequency)
    i.LCD_ShowResult                         0x00002334   Section        0  main.o(i.LCD_ShowResult)
    i.LCD_WellcomeScreen                     0x00002400   Section        0  main.o(i.LCD_WellcomeScreen)
    i.Led_Init                               0x00002440   Section        0  led.o(i.Led_Init)
    i.Led_WriteState                         0x0000246a   Section        0  led.o(i.Led_WriteState)
    i.PhoneConnectedCallback                 0x00002490   Section        0  main.o(i.PhoneConnectedCallback)
    i.SoftwareSPI_Init                       0x000024c0   Section        0  softwarespi.o(i.SoftwareSPI_Init)
    i.SoftwareSPI_SendData                   0x000024f0   Section        0  softwarespi.o(i.SoftwareSPI_SendData)
    i.SysCtlClockFreqSet                     0x0000254c   Section        0  sysctl.o(i.SysCtlClockFreqSet)
    i.SysCtlPeripheralEnable                 0x00002830   Section        0  sysctl.o(i.SysCtlPeripheralEnable)
    i.SysCtlPeripheralReady                  0x00002858   Section        0  sysctl.o(i.SysCtlPeripheralReady)
    i.SysTickEnable                          0x00002884   Section        0  systick.o(i.SysTickEnable)
    i.SysTickIntEnable                       0x00002892   Section        0  systick.o(i.SysTickIntEnable)
    i.SysTickIntHandler                      0x000028a0   Section        0  delay.o(i.SysTickIntHandler)
    i.SysTickIntRegister                     0x000028b8   Section        0  systick.o(i.SysTickIntRegister)
    i.SysTickPeriodSet                       0x000028d0   Section        0  systick.o(i.SysTickPeriodSet)
    i.SystemInit                             0x000028dc   Section        0  system_tm4c129.o(i.SystemInit)
    i.System_Init                            0x000028fc   Section        0  main.o(i.System_Init)
    i.UARTCharGet                            0x000029b4   Section        0  uart.o(i.UARTCharGet)
    i.UARTCharPut                            0x000029c0   Section        0  uart.o(i.UARTCharPut)
    i.UARTConfigSetExpClk                    0x000029cc   Section        0  uart.o(i.UARTConfigSetExpClk)
    i.UARTFIFODisable                        0x00002a3a   Section        0  uart.o(i.UARTFIFODisable)
    i.UARTIntClear                           0x00002a44   Section        0  uart.o(i.UARTIntClear)
    i.UARTIntDisable                         0x00002a48   Section        0  uart.o(i.UARTIntDisable)
    i.UARTIntEnable                          0x00002a52   Section        0  uart.o(i.UARTIntEnable)
    i.UARTIntRegister                        0x00002a5c   Section        0  uart.o(i.UARTIntRegister)
    i.UARTIntStatus                          0x00002ab4   Section        0  uart.o(i.UARTIntStatus)
    i.UARTStdioConfig                        0x00002ac0   Section        0  uartstdio.o(i.UARTStdioConfig)
    i.UART_Handler                           0x00002b2c   Section        0  uart_driver.o(i.UART_Handler)
    i.UART_Init                              0x00002ba4   Section        0  uart_driver.o(i.UART_Init)
    i.UART_Received_CallBack                 0x00002c80   Section        0  hc05_driver.o(i.UART_Received_CallBack)
    i.UART_Send                              0x00002d30   Section        0  uart_driver.o(i.UART_Send)
    i.UART_SendStr                           0x00002d44   Section        0  uart_driver.o(i.UART_SendStr)
    i.UARTprintf                             0x00002d5e   Section        0  uartstdio.o(i.UARTprintf)
    i.UARTvprintf                            0x00002d78   Section        0  uartstdio.o(i.UARTvprintf)
    i.UARTwrite                              0x00002fc8   Section        0  uartstdio.o(i.UARTwrite)
    i._GPIOIntNumberGet                      0x00003008   Section        0  gpio.o(i._GPIOIntNumberGet)
    _GPIOIntNumberGet                        0x00003009   Thumb Code    62  gpio.o(i._GPIOIntNumberGet)
    i.__0sprintf                             0x00003058   Section        0  printfa.o(i.__0sprintf)
    i.__ADF4350_SetADF                       0x00003080   Section        0  adf4350.o(i.__ADF4350_SetADF)
    i.__ADF4350_WriteRegister32              0x0000309c   Section        0  adf4350.o(i.__ADF4350_WriteRegister32)
    i.__ADF4350_bitClear                     0x000030dc   Section        0  adf4350.o(i.__ADF4350_bitClear)
    i.__ADF4350_bitSet                       0x000030e8   Section        0  adf4350.o(i.__ADF4350_bitSet)
    i.__ADF4350_bitWrite                     0x000030f4   Section        0  adf4350.o(i.__ADF4350_bitWrite)
    i.__hardfp_atof                          0x00003118   Section        0  atof.o(i.__hardfp_atof)
    i.__hardfp_floor                         0x00003150   Section        0  floor.o(i.__hardfp_floor)
    i.__jsoneq                               0x00003268   Section        0  jsonobject.o(i.__jsoneq)
    i.__read_errno                           0x000032a0   Section        0  errno.o(i.__read_errno)
    i.__scatterload_copy                     0x000032ac   Section       14  handlers.o(i.__scatterload_copy)
    i.__scatterload_null                     0x000032ba   Section        2  handlers.o(i.__scatterload_null)
    i.__scatterload_zeroinit                 0x000032bc   Section       14  handlers.o(i.__scatterload_zeroinit)
    i.__set_errno                            0x000032cc   Section        0  errno.o(i.__set_errno)
    i._fp_digits                             0x000032d8   Section        0  printfa.o(i._fp_digits)
    _fp_digits                               0x000032d9   Thumb Code   366  printfa.o(i._fp_digits)
    i._is_digit                              0x0000345c   Section        0  scanf_fp.o(i._is_digit)
    i._printf_core                           0x0000346c   Section        0  printfa.o(i._printf_core)
    _printf_core                             0x0000346d   Thumb Code  1744  printfa.o(i._printf_core)
    i._printf_post_padding                   0x00003b48   Section        0  printfa.o(i._printf_post_padding)
    _printf_post_padding                     0x00003b49   Thumb Code    36  printfa.o(i._printf_post_padding)
    i._printf_pre_padding                    0x00003b6c   Section        0  printfa.o(i._printf_pre_padding)
    _printf_pre_padding                      0x00003b6d   Thumb Code    46  printfa.o(i._printf_pre_padding)
    i._sputc                                 0x00003b9a   Section        0  printfa.o(i._sputc)
    _sputc                                   0x00003b9b   Thumb Code    10  printfa.o(i._sputc)
    i.btn0UpdateFlag                         0x00003ba4   Section        0  button_control.o(i.btn0UpdateFlag)
    i.btn1UpdateFlag                         0x00003bb4   Section        0  button_control.o(i.btn1UpdateFlag)
    i.btn2UpdateFlag                         0x00003bc4   Section        0  button_control.o(i.btn2UpdateFlag)
    i.delay_Init                             0x00003bd4   Section        0  delay.o(i.delay_Init)
    i.delay_ms                               0x00003c00   Section        0  delay.o(i.delay_ms)
    i.jsmn_alloc_token                       0x00003c14   Section        0  jsmn.o(i.jsmn_alloc_token)
    jsmn_alloc_token                         0x00003c15   Thumb Code    42  jsmn.o(i.jsmn_alloc_token)
    i.jsmn_fill_token                        0x00003c3e   Section        0  jsmn.o(i.jsmn_fill_token)
    jsmn_fill_token                          0x00003c3f   Thumb Code    14  jsmn.o(i.jsmn_fill_token)
    i.jsmn_init                              0x00003c4c   Section        0  jsmn.o(i.jsmn_init)
    i.jsmn_parse                             0x00003c58   Section        0  jsmn.o(i.jsmn_parse)
    i.jsmn_parse_primitive                   0x00003eb6   Section        0  jsmn.o(i.jsmn_parse_primitive)
    jsmn_parse_primitive                     0x00003eb7   Thumb Code   188  jsmn.o(i.jsmn_parse_primitive)
    i.jsmn_parse_string                      0x00003f72   Section        0  jsmn.o(i.jsmn_parse_string)
    jsmn_parse_string                        0x00003f73   Thumb Code   316  jsmn.o(i.jsmn_parse_string)
    i.main                                   0x000040b0   Section        0  main.o(i.main)
    i.malloc                                 0x000040e4   Section        0  malloc.o(i.malloc)
    .constdata                               0x00004150   Section       28  uartstdio.o(.constdata)
    g_pcHex                                  0x00004150   Data           4  uartstdio.o(.constdata)
    g_ui32UARTBase                           0x00004154   Data          12  uartstdio.o(.constdata)
    g_ui32UARTPeriph                         0x00004160   Data          12  uartstdio.o(.constdata)
    .constdata                               0x0000416c   Section       32  main.o(.constdata)
    .constdata                               0x0000418c   Section      552  gpio.o(.constdata)
    g_ppui32GPIOIntMapBlizzard               0x0000418c   Data         192  gpio.o(.constdata)
    g_ppui32GPIOIntMapSnowflake              0x0000424c   Data         216  gpio.o(.constdata)
    g_pui32GPIOBaseAddrs                     0x00004324   Data         144  gpio.o(.constdata)
    .constdata                               0x000043b4   Section      268  interrupt.o(.constdata)
    g_pui32Priority                          0x000043b4   Data          32  interrupt.o(.constdata)
    g_pui32Regs                              0x000043d4   Data         156  interrupt.o(.constdata)
    g_pui32EnRegs                            0x00004470   Data          20  interrupt.o(.constdata)
    g_pui32Dii16Regs                         0x00004484   Data          20  interrupt.o(.constdata)
    g_pui32PendRegs                          0x00004498   Data          20  interrupt.o(.constdata)
    g_pui32UnpendRegs                        0x000044ac   Data          20  interrupt.o(.constdata)
    .constdata                               0x000044c0   Section      596  sysctl.o(.constdata)
    g_pui32VCOFrequencies                    0x000044c0   Data           8  sysctl.o(.constdata)
    g_pui32Xtals                             0x000044c8   Data         108  sysctl.o(.constdata)
    g_pppui32XTALtoVCO                       0x00004534   Data         432  sysctl.o(.constdata)
    g_sXTALtoMEMTIM                          0x000046e4   Data          48  sysctl.o(.constdata)
    .constdata                               0x00004714   Section      128  uart.o(.constdata)
    g_ppui32UARTIntMap                       0x00004714   Data          64  uart.o(.constdata)
    g_ppui32UARTIntMapSnowflake              0x00004754   Data          64  uart.o(.constdata)
    .constdata                               0x00004794   Section      129  ctype_o.o(.constdata)
    .constdata                               0x00004818   Section        4  ctype_o.o(.constdata)
    table                                    0x00004818   Data           4  ctype_o.o(.constdata)
    .conststring                             0x0000481c   Section       17  uartstdio.o(.conststring)
    .conststring                             0x00004830   Section       29  main.o(.conststring)
    .data                                    0x20000000   Section        5  uartstdio.o(.data)
    g_ui32Base                               0x20000000   Data           4  uartstdio.o(.data)
    bLastWasCR                               0x20000004   Data           1  uartstdio.o(.data)
    .data                                    0x20000008   Section      676  main.o(.data)
    _UART_Received_CallBack                  0x20000008   Data           4  main.o(.data)
    _buffer                                  0x2000000c   Data           4  main.o(.data)
    _sendBuffer                              0x20000010   Data           4  main.o(.data)
    _index                                   0x20000014   Data           1  main.o(.data)
    g_ui32Counter                            0x20000018   Data           4  main.o(.data)
    font6_8                                  0x2000001c   Data         552  main.o(.data)
    __HC05_FrequencyReceivedCallback         0x20000244   Data           4  main.o(.data)
    __HC05_ConnectedCallback                 0x20000248   Data           4  main.o(.data)
    registers                                0x2000024c   Data          24  main.o(.data)
    OutputDivider                            0x20000264   Data           1  main.o(.data)
    INTA                                     0x20000268   Data           4  main.o(.data)
    MOD                                      0x2000026c   Data           4  main.o(.data)
    FRAC                                     0x20000270   Data           4  main.o(.data)
    FRACF                                    0x20000274   Data           4  main.o(.data)
    led1                                     0x2000027c   Data          12  main.o(.data)
    led2                                     0x20000288   Data          12  main.o(.data)
    led3                                     0x20000294   Data          12  main.o(.data)
    led4                                     0x200002a0   Data          12  main.o(.data)
    .data                                    0x200002ac   Section       13  uart_driver.o(.data)
    _UART_Received_CallBack                  0x200002ac   Data           4  uart_driver.o(.data)
    _buffer                                  0x200002b0   Data           4  uart_driver.o(.data)
    _sendBuffer                              0x200002b4   Data           4  uart_driver.o(.data)
    _index                                   0x200002b8   Data           1  uart_driver.o(.data)
    .data                                    0x200002bc   Section      556  lcd5110.o(.data)
    g_ui32Counter                            0x200002bc   Data           4  lcd5110.o(.data)
    font6_8                                  0x200002c0   Data         552  lcd5110.o(.data)
    .data                                    0x200004e8   Section        4  delay.o(.data)
    g_ui32Counter                            0x200004e8   Data           4  delay.o(.data)
    .data                                    0x200004ec   Section       24  hc05_driver.o(.data)
    _UART_Received_CallBack                  0x200004ec   Data           4  hc05_driver.o(.data)
    _buffer                                  0x200004f0   Data           4  hc05_driver.o(.data)
    _sendBuffer                              0x200004f4   Data           4  hc05_driver.o(.data)
    _index                                   0x200004f8   Data           1  hc05_driver.o(.data)
    __HC05_FrequencyReceivedCallback         0x200004fc   Data           4  hc05_driver.o(.data)
    __HC05_ConnectedCallback                 0x20000500   Data           4  hc05_driver.o(.data)
    .data                                    0x20000504   Section       48  adf4350.o(.data)
    g_ui32Counter                            0x20000504   Data           4  adf4350.o(.data)
    registers                                0x20000508   Data          24  adf4350.o(.data)
    OutputDivider                            0x20000520   Data           1  adf4350.o(.data)
    INTA                                     0x20000524   Data           4  adf4350.o(.data)
    MOD                                      0x20000528   Data           4  adf4350.o(.data)
    FRAC                                     0x2000052c   Data           4  adf4350.o(.data)
    FRACF                                    0x20000530   Data           4  adf4350.o(.data)
    .data                                    0x20000534   Section        4  system_tm4c129.o(.data)
    .data                                    0x20000538   Section        4  mvars.o(.data)
    .data                                    0x2000053c   Section        4  mvars.o(.data)
    .data                                    0x20000540   Section        4  errno.o(.data)
    _errno                                   0x20000540   Data           4  errno.o(.data)
    vtable                                   0x20000800   Section      620  interrupt.o(vtable)
    g_pfnRAMVectors                          0x20000800   Data         620  interrupt.o(vtable)
    .bss                                     0x20000a6c   Section       24  button_control.o(.bss)
    _button_callback                         0x20000a6c   Data          24  button_control.o(.bss)
    HEAP                                     0x20000a88   Section    66112  startup_tm4c129.o(HEAP)
    STACK                                    0x20010cc8   Section     8192  startup_tm4c129.o(STACK)

    Global Symbols

    Symbol Name                              Value     Ov Type        Size  Object(Section)

    BuildAttributes$$THM_ISAv4$E$P$D$K$B$S$7EM$VFPi3$EXTD16$VFPS$VFMA$PE$A:L22UL41UL21$X:L11$S22US41US21$IEEE1$IW$USESV6$~STKCKD$USESV7$~SHL$OTIME$ROPI$IEEEJ$EBA8$MICROLIB$REQ8$PRES8$EABIv2 0x00000000   Number         0  anon$$obj.o ABSOLUTE
    __ARM_use_no_argv                        0x00000000   Number         0  main.o ABSOLUTE
    __Vectors                                0x00000000   Data           4  startup_tm4c129.o(RESET)
    _printf_a                                0x00000000   Number         0  stubs.o ABSOLUTE
    _printf_c                                0x00000000   Number         0  stubs.o ABSOLUTE
    _printf_charcount                        0x00000000   Number         0  stubs.o ABSOLUTE
    _printf_d                                0x00000000   Number         0  stubs.o ABSOLUTE
    _printf_e                                0x00000000   Number         0  stubs.o ABSOLUTE
    _printf_f                                0x00000000   Number         0  stubs.o ABSOLUTE
    _printf_flags                            0x00000000   Number         0  stubs.o ABSOLUTE
    _printf_fp_dec                           0x00000000   Number         0  stubs.o ABSOLUTE
    _printf_fp_hex                           0x00000000   Number         0  stubs.o ABSOLUTE
    _printf_g                                0x00000000   Number         0  stubs.o ABSOLUTE
    _printf_i                                0x00000000   Number         0  stubs.o ABSOLUTE
    _printf_int_dec                          0x00000000   Number         0  stubs.o ABSOLUTE
    _printf_l                                0x00000000   Number         0  stubs.o ABSOLUTE
    _printf_lc                               0x00000000   Number         0  stubs.o ABSOLUTE
    _printf_ll                               0x00000000   Number         0  stubs.o ABSOLUTE
    _printf_lld                              0x00000000   Number         0  stubs.o ABSOLUTE
    _printf_lli                              0x00000000   Number         0  stubs.o ABSOLUTE
    _printf_llo                              0x00000000   Number         0  stubs.o ABSOLUTE
    _printf_llu                              0x00000000   Number         0  stubs.o ABSOLUTE
    _printf_llx                              0x00000000   Number         0  stubs.o ABSOLUTE
    _printf_longlong_dec                     0x00000000   Number         0  stubs.o ABSOLUTE
    _printf_longlong_hex                     0x00000000   Number         0  stubs.o ABSOLUTE
    _printf_longlong_oct                     0x00000000   Number         0  stubs.o ABSOLUTE
    _printf_ls                               0x00000000   Number         0  stubs.o ABSOLUTE
    _printf_mbtowc                           0x00000000   Number         0  stubs.o ABSOLUTE
    _printf_n                                0x00000000   Number         0  stubs.o ABSOLUTE
    _printf_o                                0x00000000   Number         0  stubs.o ABSOLUTE
    _printf_p                                0x00000000   Number         0  stubs.o ABSOLUTE
    _printf_percent                          0x00000000   Number         0  stubs.o ABSOLUTE
    _printf_pre_padding                      0x00000000   Number         0  stubs.o ABSOLUTE
    _printf_return_value                     0x00000000   Number         0  stubs.o ABSOLUTE
    _printf_s                                0x00000000   Number         0  stubs.o ABSOLUTE
    _printf_sizespec                         0x00000000   Number         0  stubs.o ABSOLUTE
    _printf_str                              0x00000000   Number         0  stubs.o ABSOLUTE
    _printf_truncate_signed                  0x00000000   Number         0  stubs.o ABSOLUTE
    _printf_truncate_unsigned                0x00000000   Number         0  stubs.o ABSOLUTE
    _printf_u                                0x00000000   Number         0  stubs.o ABSOLUTE
    _printf_wc                               0x00000000   Number         0  stubs.o ABSOLUTE
    _printf_wctomb                           0x00000000   Number         0  stubs.o ABSOLUTE
    _printf_widthprec                        0x00000000   Number         0  stubs.o ABSOLUTE
    _printf_x                                0x00000000   Number         0  stubs.o ABSOLUTE
    __cpp_initialize__aeabi_                  - Undefined Weak Reference
    __cxa_finalize                            - Undefined Weak Reference
    _clock_init                               - Undefined Weak Reference
    _microlib_exit                            - Undefined Weak Reference
    __Vectors_End                            0x00000200   Data           0  startup_tm4c129.o(RESET)
    __Vectors_Size                           0x00000200   Number         0  startup_tm4c129.o ABSOLUTE
    __main                                   0x00000201   Thumb Code     0  entry.o(.ARM.Collect$$$$00000000)
    _main_stk                                0x00000201   Thumb Code     0  entry2.o(.ARM.Collect$$$$00000001)
    _main_scatterload                        0x00000205   Thumb Code     0  entry5.o(.ARM.Collect$$$$00000004)
    __main_after_scatterload                 0x00000209   Thumb Code     0  entry5.o(.ARM.Collect$$$$00000004)
    _main_clock                              0x00000209   Thumb Code     0  entry7b.o(.ARM.Collect$$$$00000008)
    _main_cpp_init                           0x00000209   Thumb Code     0  entry8b.o(.ARM.Collect$$$$0000000A)
    _main_init                               0x00000209   Thumb Code     0  entry9a.o(.ARM.Collect$$$$0000000B)
    __rt_final_cpp                           0x00000211   Thumb Code     0  entry10a.o(.ARM.Collect$$$$0000000D)
    __rt_final_exit                          0x00000211   Thumb Code     0  entry11a.o(.ARM.Collect$$$$0000000F)
    CPUcpsid                                 0x00000215   Thumb Code     8  cpu.o(.emb_text)
    CPUprimask                               0x0000021d   Thumb Code     6  cpu.o(.emb_text)
    CPUcpsie                                 0x00000223   Thumb Code     8  cpu.o(.emb_text)
    CPUwfi                                   0x0000022b   Thumb Code     4  cpu.o(.emb_text)
    CPUbasepriSet                            0x0000022f   Thumb Code     6  cpu.o(.emb_text)
    CPUbasepriGet                            0x00000235   Thumb Code     6  cpu.o(.emb_text)
    Reset_Handler                            0x0000023d   Thumb Code     8  startup_tm4c129.o(.text)
    NMI_Handler                              0x00000245   Thumb Code     2  startup_tm4c129.o(.text)
    HardFault_Handler                        0x00000247   Thumb Code     2  startup_tm4c129.o(.text)
    MemManage_Handler                        0x00000249   Thumb Code     2  startup_tm4c129.o(.text)
    BusFault_Handler                         0x0000024b   Thumb Code     2  startup_tm4c129.o(.text)
    UsageFault_Handler                       0x0000024d   Thumb Code     2  startup_tm4c129.o(.text)
    SVC_Handler                              0x0000024f   Thumb Code     2  startup_tm4c129.o(.text)
    DebugMon_Handler                         0x00000251   Thumb Code     2  startup_tm4c129.o(.text)
    PendSV_Handler                           0x00000253   Thumb Code     2  startup_tm4c129.o(.text)
    SysTick_Handler                          0x00000255   Thumb Code     2  startup_tm4c129.o(.text)
    GPIOA_Handler                            0x00000257   Thumb Code     2  startup_tm4c129.o(.text)
    GPIOB_Handler                            0x00000259   Thumb Code     2  startup_tm4c129.o(.text)
    GPIOC_Handler                            0x0000025b   Thumb Code     2  startup_tm4c129.o(.text)
    GPIOD_Handler                            0x0000025d   Thumb Code     2  startup_tm4c129.o(.text)
    GPIOE_Handler                            0x0000025f   Thumb Code     2  startup_tm4c129.o(.text)
    UART0_Handler                            0x00000261   Thumb Code     2  startup_tm4c129.o(.text)
    UART1_Handler                            0x00000263   Thumb Code     2  startup_tm4c129.o(.text)
    SSI0_Handler                             0x00000265   Thumb Code     2  startup_tm4c129.o(.text)
    I2C0_Handler                             0x00000267   Thumb Code     2  startup_tm4c129.o(.text)
    PMW0_FAULT_Handler                       0x00000269   Thumb Code     2  startup_tm4c129.o(.text)
    PWM0_0_Handler                           0x0000026b   Thumb Code     2  startup_tm4c129.o(.text)
    PWM0_1_Handler                           0x0000026d   Thumb Code     2  startup_tm4c129.o(.text)
    PWM0_2_Handler                           0x0000026f   Thumb Code     2  startup_tm4c129.o(.text)
    QEI0_Handler                             0x00000271   Thumb Code     2  startup_tm4c129.o(.text)
    ADC0SS0_Handler                          0x00000273   Thumb Code     2  startup_tm4c129.o(.text)
    ADC0SS1_Handler                          0x00000275   Thumb Code     2  startup_tm4c129.o(.text)
    ADC0SS2_Handler                          0x00000277   Thumb Code     2  startup_tm4c129.o(.text)
    ADC0SS3_Handler                          0x00000279   Thumb Code     2  startup_tm4c129.o(.text)
    WDT0_Handler                             0x0000027b   Thumb Code     2  startup_tm4c129.o(.text)
    TIMER0A_Handler                          0x0000027d   Thumb Code     2  startup_tm4c129.o(.text)
    TIMER0B_Handler                          0x0000027f   Thumb Code     2  startup_tm4c129.o(.text)
    TIMER1A_Handler                          0x00000281   Thumb Code     2  startup_tm4c129.o(.text)
    TIMER1B_Handler                          0x00000283   Thumb Code     2  startup_tm4c129.o(.text)
    TIMER2A_Handler                          0x00000285   Thumb Code     2  startup_tm4c129.o(.text)
    TIMER2B_Handler                          0x00000287   Thumb Code     2  startup_tm4c129.o(.text)
    COMP0_Handler                            0x00000289   Thumb Code     2  startup_tm4c129.o(.text)
    COMP1_Handler                            0x0000028b   Thumb Code     2  startup_tm4c129.o(.text)
    COMP2_Handler                            0x0000028d   Thumb Code     2  startup_tm4c129.o(.text)
    SYSCTL_Handler                           0x0000028f   Thumb Code     2  startup_tm4c129.o(.text)
    FLASH_Handler                            0x00000291   Thumb Code     2  startup_tm4c129.o(.text)
    GPIOF_Handler                            0x00000293   Thumb Code     2  startup_tm4c129.o(.text)
    GPIOG_Handler                            0x00000295   Thumb Code     2  startup_tm4c129.o(.text)
    GPIOH_Handler                            0x00000297   Thumb Code     2  startup_tm4c129.o(.text)
    UART2_Handler                            0x00000299   Thumb Code     2  startup_tm4c129.o(.text)
    SSI1_Handler                             0x0000029b   Thumb Code     2  startup_tm4c129.o(.text)
    TIMER3A_Handler                          0x0000029d   Thumb Code     2  startup_tm4c129.o(.text)
    TIMER3B_Handler                          0x0000029f   Thumb Code     2  startup_tm4c129.o(.text)
    I2C1_Handler                             0x000002a1   Thumb Code     2  startup_tm4c129.o(.text)
    CAN0_Handler                             0x000002a3   Thumb Code     2  startup_tm4c129.o(.text)
    CAN1_Handler                             0x000002a5   Thumb Code     2  startup_tm4c129.o(.text)
    ETH_Handler                              0x000002a7   Thumb Code     2  startup_tm4c129.o(.text)
    HIB_Handler                              0x000002a9   Thumb Code     2  startup_tm4c129.o(.text)
    USB0_Handler                             0x000002ab   Thumb Code     2  startup_tm4c129.o(.text)
    PWM0_3_Handler                           0x000002ad   Thumb Code     2  startup_tm4c129.o(.text)
    UDMA_Handler                             0x000002af   Thumb Code     2  startup_tm4c129.o(.text)
    UDMAERR_Handler                          0x000002b1   Thumb Code     2  startup_tm4c129.o(.text)
    ADC1SS0_Handler                          0x000002b3   Thumb Code     2  startup_tm4c129.o(.text)
    ADC1SS1_Handler                          0x000002b5   Thumb Code     2  startup_tm4c129.o(.text)
    ADC1SS2_Handler                          0x000002b7   Thumb Code     2  startup_tm4c129.o(.text)
    ADC1SS3_Handler                          0x000002b9   Thumb Code     2  startup_tm4c129.o(.text)
    EBI0_Handler                             0x000002bb   Thumb Code     2  startup_tm4c129.o(.text)
    GPIOJ_Handler                            0x000002bd   Thumb Code     2  startup_tm4c129.o(.text)
    GPIOK_Handler                            0x000002bf   Thumb Code     2  startup_tm4c129.o(.text)
    GPIOL_Handler                            0x000002c1   Thumb Code     2  startup_tm4c129.o(.text)
    SSI2_Handler                             0x000002c3   Thumb Code     2  startup_tm4c129.o(.text)
    SSI3_Handler                             0x000002c5   Thumb Code     2  startup_tm4c129.o(.text)
    UART3_Handler                            0x000002c7   Thumb Code     2  startup_tm4c129.o(.text)
    UART4_Handler                            0x000002c9   Thumb Code     2  startup_tm4c129.o(.text)
    UART5_Handler                            0x000002cb   Thumb Code     2  startup_tm4c129.o(.text)
    UART6_Handler                            0x000002cd   Thumb Code     2  startup_tm4c129.o(.text)
    UART7_Handler                            0x000002cf   Thumb Code     2  startup_tm4c129.o(.text)
    I2C2_Handler                             0x000002d1   Thumb Code     2  startup_tm4c129.o(.text)
    I2C3_Handler                             0x000002d3   Thumb Code     2  startup_tm4c129.o(.text)
    TIMER4A_Handler                          0x000002d5   Thumb Code     2  startup_tm4c129.o(.text)
    TIMER4B_Handler                          0x000002d7   Thumb Code     2  startup_tm4c129.o(.text)
    TIMER5A_Handler                          0x000002d9   Thumb Code     2  startup_tm4c129.o(.text)
    TIMER5B_Handler                          0x000002db   Thumb Code     2  startup_tm4c129.o(.text)
    WTIMER0A_Handler                         0x000002dd   Thumb Code     2  startup_tm4c129.o(.text)
    WTIMER0B_Handler                         0x000002df   Thumb Code     2  startup_tm4c129.o(.text)
    WTIMER1A_Handler                         0x000002e1   Thumb Code     2  startup_tm4c129.o(.text)
    WTIMER1B_Handler                         0x000002e3   Thumb Code     2  startup_tm4c129.o(.text)
    WTIMER2A_Handler                         0x000002e5   Thumb Code     2  startup_tm4c129.o(.text)
    WTIMER2B_Handler                         0x000002e7   Thumb Code     2  startup_tm4c129.o(.text)
    WTIMER3A_Handler                         0x000002e9   Thumb Code     2  startup_tm4c129.o(.text)
    WTIMER3B_Handler                         0x000002eb   Thumb Code     2  startup_tm4c129.o(.text)
    WTIMER4A_Handler                         0x000002ed   Thumb Code     2  startup_tm4c129.o(.text)
    WTIMER4B_Handler                         0x000002ef   Thumb Code     2  startup_tm4c129.o(.text)
    WTIMER5A_Handler                         0x000002f1   Thumb Code     2  startup_tm4c129.o(.text)
    WTIMER5B_Handler                         0x000002f3   Thumb Code     2  startup_tm4c129.o(.text)
    FPU_Handler                              0x000002f5   Thumb Code     2  startup_tm4c129.o(.text)
    I2C4_Handler                             0x000002f7   Thumb Code     2  startup_tm4c129.o(.text)
    I2C5_Handler                             0x000002f9   Thumb Code     2  startup_tm4c129.o(.text)
    GPIOM_Handler                            0x000002fb   Thumb Code     2  startup_tm4c129.o(.text)
    GPION_Handler                            0x000002fd   Thumb Code     2  startup_tm4c129.o(.text)
    TAMPER_Handler                           0x000002ff   Thumb Code     2  startup_tm4c129.o(.text)
    GPIOP0_Handler                           0x00000301   Thumb Code     2  startup_tm4c129.o(.text)
    GPIOP1_Handler                           0x00000303   Thumb Code     2  startup_tm4c129.o(.text)
    GPIOP2_Handler                           0x00000305   Thumb Code     2  startup_tm4c129.o(.text)
    GPIOP3_Handler                           0x00000307   Thumb Code     2  startup_tm4c129.o(.text)
    GPIOP4_Handler                           0x00000309   Thumb Code     2  startup_tm4c129.o(.text)
    GPIOP5_Handler                           0x0000030b   Thumb Code     2  startup_tm4c129.o(.text)
    GPIOP6_Handler                           0x0000030d   Thumb Code     2  startup_tm4c129.o(.text)
    GPIOP7_Handler                           0x0000030f   Thumb Code     2  startup_tm4c129.o(.text)
    GPIOQ0_Handler                           0x00000311   Thumb Code     2  startup_tm4c129.o(.text)
    GPIOQ1_Handler                           0x00000313   Thumb Code     2  startup_tm4c129.o(.text)
    GPIOQ2_Handler                           0x00000315   Thumb Code     2  startup_tm4c129.o(.text)
    GPIOQ3_Handler                           0x00000317   Thumb Code     2  startup_tm4c129.o(.text)
    GPIOQ4_Handler                           0x00000319   Thumb Code     2  startup_tm4c129.o(.text)
    GPIOQ5_Handler                           0x0000031b   Thumb Code     2  startup_tm4c129.o(.text)
    GPIOQ6_Handler                           0x0000031d   Thumb Code     2  startup_tm4c129.o(.text)
    GPIOQ7_Handler                           0x0000031f   Thumb Code     2  startup_tm4c129.o(.text)
    GPIOR_Handler                            0x00000321   Thumb Code     2  startup_tm4c129.o(.text)
    GPIOS_Handler                            0x00000323   Thumb Code     2  startup_tm4c129.o(.text)
    SHAMD5_Handler                           0x00000325   Thumb Code     2  startup_tm4c129.o(.text)
    AES_Handler                              0x00000327   Thumb Code     2  startup_tm4c129.o(.text)
    DES3DES_Handler                          0x00000329   Thumb Code     2  startup_tm4c129.o(.text)
    LCDCONTROLLER_Handler                    0x0000032b   Thumb Code     2  startup_tm4c129.o(.text)
    TIMER6A_Handler                          0x0000032d   Thumb Code     2  startup_tm4c129.o(.text)
    TIMER6B_Handler                          0x0000032f   Thumb Code     2  startup_tm4c129.o(.text)
    TIMER7A_Handler                          0x00000331   Thumb Code     2  startup_tm4c129.o(.text)
    TIMER7B_Handler                          0x00000333   Thumb Code     2  startup_tm4c129.o(.text)
    I2C6_Handler                             0x00000335   Thumb Code     2  startup_tm4c129.o(.text)
    I2C7_Handler                             0x00000337   Thumb Code     2  startup_tm4c129.o(.text)
    HIMSCANKEYBOARD_Handler                  0x00000339   Thumb Code     2  startup_tm4c129.o(.text)
    ONEWIRE_Handler                          0x0000033b   Thumb Code     2  startup_tm4c129.o(.text)
    HIMPS2_Handler                           0x0000033d   Thumb Code     2  startup_tm4c129.o(.text)
    HIMLEDSEQUENCER_Handler                  0x0000033f   Thumb Code     2  startup_tm4c129.o(.text)
    HIMCONSUMERIR_Handler                    0x00000341   Thumb Code     2  startup_tm4c129.o(.text)
    I2C8_Handler                             0x00000343   Thumb Code     2  startup_tm4c129.o(.text)
    I2C9_Handler                             0x00000345   Thumb Code     2  startup_tm4c129.o(.text)
    GPIOT_Handler                            0x00000347   Thumb Code     2  startup_tm4c129.o(.text)
    __aeabi_memset                           0x00000351   Thumb Code    14  memseta.o(.text)
    __aeabi_memset4                          0x00000351   Thumb Code     0  memseta.o(.text)
    __aeabi_memset8                          0x00000351   Thumb Code     0  memseta.o(.text)
    __aeabi_memclr                           0x0000035f   Thumb Code     4  memseta.o(.text)
    __aeabi_memclr4                          0x0000035f   Thumb Code     0  memseta.o(.text)
    __aeabi_memclr8                          0x0000035f   Thumb Code     0  memseta.o(.text)
    _memset$wrapper                          0x00000363   Thumb Code    18  memseta.o(.text)
    strlen                                   0x00000375   Thumb Code    14  strlen.o(.text)
    strcmp                                   0x00000383   Thumb Code    28  strcmp.o(.text)
    strcpy                                   0x0000039f   Thumb Code    18  strcpy.o(.text)
    strncmp                                  0x000003b1   Thumb Code    30  strncmp.o(.text)
    __aeabi_dadd                             0x000003cf   Thumb Code   322  dadd.o(.text)
    __aeabi_dsub                             0x00000511   Thumb Code     6  dadd.o(.text)
    __aeabi_drsub                            0x00000517   Thumb Code     6  dadd.o(.text)
    __aeabi_dmul                             0x0000051d   Thumb Code   228  dmul.o(.text)
    __aeabi_ddiv                             0x00000601   Thumb Code   222  ddiv.o(.text)
    __aeabi_i2d                              0x000006df   Thumb Code    34  dflti.o(.text)
    __aeabi_ui2d                             0x00000701   Thumb Code    26  dfltui.o(.text)
    __aeabi_d2uiz                            0x0000071b   Thumb Code    50  dfixui.o(.text)
    __aeabi_f2d                              0x0000074d   Thumb Code    38  f2d.o(.text)
    __aeabi_cdcmpeq                          0x00000775   Thumb Code     0  cdcmple.o(.text)
    __aeabi_cdcmple                          0x00000775   Thumb Code    48  cdcmple.o(.text)
    __aeabi_cdrcmple                         0x000007a5   Thumb Code    48  cdrcmple.o(.text)
    __aeabi_d2f                              0x000007d5   Thumb Code    56  d2f.o(.text)
    __aeabi_uidiv                            0x0000080d   Thumb Code     0  uidiv.o(.text)
    __aeabi_uidivmod                         0x0000080d   Thumb Code    44  uidiv.o(.text)
    __aeabi_uldivmod                         0x00000839   Thumb Code    98  uldiv.o(.text)
    __aeabi_llsl                             0x0000089b   Thumb Code    30  llshl.o(.text)
    _ll_shift_l                              0x0000089b   Thumb Code     0  llshl.o(.text)
    __aeabi_llsr                             0x000008b9   Thumb Code    32  llushr.o(.text)
    _ll_ushift_r                             0x000008b9   Thumb Code     0  llushr.o(.text)
    __aeabi_lasr                             0x000008d9   Thumb Code    36  llsshr.o(.text)
    _ll_sshift_r                             0x000008d9   Thumb Code     0  llsshr.o(.text)
    __strtod_int                             0x00000933   Thumb Code    90  strtod.o(.text)
    __I$use$fp                               0x00000999   Thumb Code     0  iusefp.o(.text)
    _float_round                             0x00000999   Thumb Code    18  fepilogue.o(.text)
    _float_epilogue                          0x000009ab   Thumb Code    92  fepilogue.o(.text)
    _double_round                            0x00000a07   Thumb Code    30  depilogue.o(.text)
    _double_epilogue                         0x00000a25   Thumb Code   156  depilogue.o(.text)
    __aeabi_d2ulz                            0x00000ac1   Thumb Code    48  dfixul.o(.text)
    __scatterload                            0x00000af1   Thumb Code    28  init.o(.text)
    __scatterload_rt2                        0x00000af1   Thumb Code     0  init.o(.text)
    __rt_ctype_table                         0x00000b15   Thumb Code     4  ctype_o.o(.text)
    isspace                                  0x00000b1d   Thumb Code    18  isspace_o.o(.text)
    _scanf_real                              0x00000c59   Thumb Code     0  scanf_fp.o(.text)
    _scanf_really_real                       0x00000c59   Thumb Code   556  scanf_fp.o(.text)
    _sgetc                                   0x00000e91   Thumb Code    30  _sgetc.o(.text)
    _sbackspace                              0x00000eaf   Thumb Code    34  _sgetc.o(.text)
    __aeabi_ul2d                             0x00000ed1   Thumb Code    24  dfltul.o(.text)
    __decompress                             0x00000ee9   Thumb Code     0  __dclz77c.o(.text)
    __decompress2                            0x00000ee9   Thumb Code    94  __dclz77c.o(.text)
    ADCIntClear                              0x00000f47   Thumb Code    10  adc.o(i.ADCIntClear)
    ADCIntStatus                             0x00000f51   Thumb Code    52  adc.o(i.ADCIntStatus)
    ADCProcessorTrigger                      0x00000f85   Thumb Code    26  adc.o(i.ADCProcessorTrigger)
    ADCSequenceConfigure                     0x00000f9f   Thumb Code    96  adc.o(i.ADCSequenceConfigure)
    ADCSequenceDataGet                       0x00000fff   Thumb Code    36  adc.o(i.ADCSequenceDataGet)
    ADCSequenceEnable                        0x00001023   Thumb Code    14  adc.o(i.ADCSequenceEnable)
    ADCSequenceStepConfigure                 0x00001031   Thumb Code   154  adc.o(i.ADCSequenceStepConfigure)
    ADC_init                                 0x000010cd   Thumb Code   160  adc_driver.o(i.ADC_init)
    ADC_readMag                              0x00001181   Thumb Code   160  adc_driver.o(i.ADC_readMag)
    ADC_readPhs                              0x0000124d   Thumb Code   140  adc_driver.o(i.ADC_readPhs)
    ADF4350_Init                             0x000012fd   Thumb Code    54  adf4350.o(i.ADF4350_Init)
    ADF4350_SetFrequency                     0x0000133d   Thumb Code   704  adf4350.o(i.ADF4350_SetFrequency)
    ADF4350_reset                            0x0000164d   Thumb Code    10  adf4350.o(i.ADF4350_reset)
    Button_Init                              0x0000165d   Thumb Code   290  button_control.o(i.Button_Init)
    Button_SetBtn0Flag                       0x00001791   Thumb Code    16  button_control.o(i.Button_SetBtn0Flag)
    Button_SetBtn1Flag                       0x000017a9   Thumb Code    16  button_control.o(i.Button_SetBtn1Flag)
    Button_SetBtn2Flag                       0x000017c1   Thumb Code    16  button_control.o(i.Button_SetBtn2Flag)
    FrequencyReceivedCallback                0x000017d9   Thumb Code   160  main.o(i.FrequencyReceivedCallback)
    GPIODirModeSet                           0x000018b1   Thumb Code    40  gpio.o(i.GPIODirModeSet)
    GPIOIntClear                             0x000018d9   Thumb Code     6  gpio.o(i.GPIOIntClear)
    GPIOIntDisable                           0x000018df   Thumb Code    14  gpio.o(i.GPIOIntDisable)
    GPIOIntEnable                            0x000018ed   Thumb Code    12  gpio.o(i.GPIOIntEnable)
    GPIOIntRegister                          0x000018f9   Thumb Code    26  gpio.o(i.GPIOIntRegister)
    GPIOIntStatus                            0x00001913   Thumb Code    14  gpio.o(i.GPIOIntStatus)
    GPIOIntTypeSet                           0x00001921   Thumb Code    80  gpio.o(i.GPIOIntTypeSet)
    GPIOPadConfigSet                         0x00001971   Thumb Code   312  gpio.o(i.GPIOPadConfigSet)
    GPIOPinConfigure                         0x00001aa9   Thumb Code    60  gpio.o(i.GPIOPinConfigure)
    GPIOPinRead                              0x00001aed   Thumb Code     6  gpio.o(i.GPIOPinRead)
    GPIOPinTypeADC                           0x00001af3   Thumb Code    28  gpio.o(i.GPIOPinTypeADC)
    GPIOPinTypeGPIOInput                     0x00001b0f   Thumb Code    28  gpio.o(i.GPIOPinTypeGPIOInput)
    GPIOPinTypeGPIOOutput                    0x00001b2b   Thumb Code    28  gpio.o(i.GPIOPinTypeGPIOOutput)
    GPIOPinTypeUART                          0x00001b47   Thumb Code    28  gpio.o(i.GPIOPinTypeUART)
    GPIOPinWrite                             0x00001b63   Thumb Code     6  gpio.o(i.GPIOPinWrite)
    GPIOPortLIntHandler                      0x00001b69   Thumb Code   110  button_control.o(i.GPIOPortLIntHandler)
    HC05_Init                                0x00001be1   Thumb Code    22  hc05_driver.o(i.HC05_Init)
    HC05_sendData                            0x00001c05   Thumb Code    54  hc05_driver.o(i.HC05_sendData)
    HC05_sendHello                           0x00001c65   Thumb Code    10  hc05_driver.o(i.HC05_sendHello)
    HC05_setConnectedCallback                0x00001c85   Thumb Code     6  hc05_driver.o(i.HC05_setConnectedCallback)
    HC05_setFrequencyReceivedCallback        0x00001c91   Thumb Code     6  hc05_driver.o(i.HC05_setFrequencyReceivedCallback)
    InitConsole                              0x00001c9d   Thumb Code    52  main.o(i.InitConsole)
    IntEnable                                0x00001cdd   Thumb Code    92  interrupt.o(i.IntEnable)
    IntMasterEnable                          0x00001d41   Thumb Code    14  interrupt.o(i.IntMasterEnable)
    IntPrioritySet                           0x00001d51   Thumb Code    36  interrupt.o(i.IntPrioritySet)
    IntRegister                              0x00001d79   Thumb Code    44  interrupt.o(i.IntRegister)
    JSONObject_CreateObject                  0x00001dad   Thumb Code    28  jsonobject.o(i.JSONObject_CreateObject)
    JSONObject_GetString                     0x00001dc9   Thumb Code   130  jsonobject.o(i.JSONObject_GetString)
    JSONObject_Getdouble                     0x00001e55   Thumb Code    42  jsonobject.o(i.JSONObject_Getdouble)
    JSONObject_Parse                         0x00001e7f   Thumb Code    72  jsonobject.o(i.JSONObject_Parse)
    LCD5110_CE                               0x00001ec9   Thumb Code    24  lcd5110.o(i.LCD5110_CE)
    LCD5110_CLK                              0x00001ee5   Thumb Code    24  lcd5110.o(i.LCD5110_CLK)
    LCD5110_DC                               0x00001f01   Thumb Code    24  lcd5110.o(i.LCD5110_DC)
    LCD5110_DIN                              0x00001f1d   Thumb Code    24  lcd5110.o(i.LCD5110_DIN)
    LCD5110_GPIO_Config                      0x00001f39   Thumb Code   182  lcd5110.o(i.LCD5110_GPIO_Config)
    LCD5110_LCD_delay_ms                     0x00001ffd   Thumb Code    12  lcd5110.o(i.LCD5110_LCD_delay_ms)
    LCD5110_LCD_write_byte                   0x00002009   Thumb Code    70  lcd5110.o(i.LCD5110_LCD_write_byte)
    LCD5110_LIGHT                            0x00002051   Thumb Code    24  lcd5110.o(i.LCD5110_LIGHT)
    LCD5110_RST                              0x0000206d   Thumb Code    26  lcd5110.o(i.LCD5110_RST)
    LCD5110_clear                            0x00002087   Thumb Code    36  lcd5110.o(i.LCD5110_clear)
    LCD5110_init                             0x000020ab   Thumb Code   106  lcd5110.o(i.LCD5110_init)
    LCD5110_light_off                        0x00002115   Thumb Code    10  lcd5110.o(i.LCD5110_light_off)
    LCD5110_light_on                         0x0000211f   Thumb Code    10  lcd5110.o(i.LCD5110_light_on)
    LCD5110_set_XY                           0x00002129   Thumb Code    36  lcd5110.o(i.LCD5110_set_XY)
    LCD5110_write_char                       0x0000214d   Thumb Code    46  lcd5110.o(i.LCD5110_write_char)
    LCD5110_write_string                     0x00002181   Thumb Code    24  lcd5110.o(i.LCD5110_write_string)
    LCD_GetFrequency                         0x00002199   Thumb Code   328  main.o(i.LCD_GetFrequency)
    LCD_ShowResult                           0x00002335   Thumb Code   152  main.o(i.LCD_ShowResult)
    LCD_WellcomeScreen                       0x00002401   Thumb Code    44  main.o(i.LCD_WellcomeScreen)
    Led_Init                                 0x00002441   Thumb Code    42  led.o(i.Led_Init)
    Led_WriteState                           0x0000246b   Thumb Code    36  led.o(i.Led_WriteState)
    PhoneConnectedCallback                   0x00002491   Thumb Code    36  main.o(i.PhoneConnectedCallback)
    SoftwareSPI_Init                         0x000024c1   Thumb Code    40  softwarespi.o(i.SoftwareSPI_Init)
    SoftwareSPI_SendData                     0x000024f1   Thumb Code    86  softwarespi.o(i.SoftwareSPI_SendData)
    SysCtlClockFreqSet                       0x0000254d   Thumb Code   700  sysctl.o(i.SysCtlClockFreqSet)
    SysCtlPeripheralEnable                   0x00002831   Thumb Code    36  sysctl.o(i.SysCtlPeripheralEnable)
    SysCtlPeripheralReady                    0x00002859   Thumb Code    40  sysctl.o(i.SysCtlPeripheralReady)
    SysTickEnable                            0x00002885   Thumb Code    14  systick.o(i.SysTickEnable)
    SysTickIntEnable                         0x00002893   Thumb Code    14  systick.o(i.SysTickIntEnable)
    SysTickIntHandler                        0x000028a1   Thumb Code    18  delay.o(i.SysTickIntHandler)
    SysTickIntRegister                       0x000028b9   Thumb Code    24  systick.o(i.SysTickIntRegister)
    SysTickPeriodSet                         0x000028d1   Thumb Code    10  systick.o(i.SysTickPeriodSet)
    SystemInit                               0x000028dd   Thumb Code    20  system_tm4c129.o(i.SystemInit)
    System_Init                              0x000028fd   Thumb Code   150  main.o(i.System_Init)
    UARTCharGet                              0x000029b5   Thumb Code    12  uart.o(i.UARTCharGet)
    UARTCharPut                              0x000029c1   Thumb Code    12  uart.o(i.UARTCharPut)
    UARTConfigSetExpClk                      0x000029cd   Thumb Code   110  uart.o(i.UARTConfigSetExpClk)
    UARTFIFODisable                          0x00002a3b   Thumb Code    10  uart.o(i.UARTFIFODisable)
    UARTIntClear                             0x00002a45   Thumb Code     4  uart.o(i.UARTIntClear)
    UARTIntDisable                           0x00002a49   Thumb Code    10  uart.o(i.UARTIntDisable)
    UARTIntEnable                            0x00002a53   Thumb Code     8  uart.o(i.UARTIntEnable)
    UARTIntRegister                          0x00002a5d   Thumb Code    70  uart.o(i.UARTIntRegister)
    UARTIntStatus                            0x00002ab5   Thumb Code    10  uart.o(i.UARTIntStatus)
    UARTStdioConfig                          0x00002ac1   Thumb Code    96  uartstdio.o(i.UARTStdioConfig)
    UART_Handler                             0x00002b2d   Thumb Code    98  uart_driver.o(i.UART_Handler)
    UART_Init                                0x00002ba5   Thumb Code   174  uart_driver.o(i.UART_Init)
    UART_Received_CallBack                   0x00002c81   Thumb Code   124  hc05_driver.o(i.UART_Received_CallBack)
    UART_Send                                0x00002d31   Thumb Code    14  uart_driver.o(i.UART_Send)
    UART_SendStr                             0x00002d45   Thumb Code    26  uart_driver.o(i.UART_SendStr)
    UARTprintf                               0x00002d5f   Thumb Code    26  uartstdio.o(i.UARTprintf)
    UARTvprintf                              0x00002d79   Thumb Code   574  uartstdio.o(i.UARTvprintf)
    UARTwrite                                0x00002fc9   Thumb Code    58  uartstdio.o(i.UARTwrite)
    __0sprintf                               0x00003059   Thumb Code    34  printfa.o(i.__0sprintf)
    __1sprintf                               0x00003059   Thumb Code     0  printfa.o(i.__0sprintf)
    __2sprintf                               0x00003059   Thumb Code     0  printfa.o(i.__0sprintf)
    __c89sprintf                             0x00003059   Thumb Code     0  printfa.o(i.__0sprintf)
    sprintf                                  0x00003059   Thumb Code     0  printfa.o(i.__0sprintf)
    __ADF4350_SetADF                         0x00003081   Thumb Code    24  adf4350.o(i.__ADF4350_SetADF)
    __ADF4350_WriteRegister32                0x0000309d   Thumb Code    58  adf4350.o(i.__ADF4350_WriteRegister32)
    __ADF4350_bitClear                       0x000030dd   Thumb Code    12  adf4350.o(i.__ADF4350_bitClear)
    __ADF4350_bitSet                         0x000030e9   Thumb Code    12  adf4350.o(i.__ADF4350_bitSet)
    __ADF4350_bitWrite                       0x000030f5   Thumb Code    34  adf4350.o(i.__ADF4350_bitWrite)
    __hardfp_atof                            0x00003119   Thumb Code    44  atof.o(i.__hardfp_atof)
    __hardfp_floor                           0x00003151   Thumb Code   252  floor.o(i.__hardfp_floor)
    __jsoneq                                 0x00003269   Thumb Code    56  jsonobject.o(i.__jsoneq)
    __read_errno                             0x000032a1   Thumb Code     6  errno.o(i.__read_errno)
    __scatterload_copy                       0x000032ad   Thumb Code    14  handlers.o(i.__scatterload_copy)
    __scatterload_null                       0x000032bb   Thumb Code     2  handlers.o(i.__scatterload_null)
    __scatterload_zeroinit                   0x000032bd   Thumb Code    14  handlers.o(i.__scatterload_zeroinit)
    __set_errno                              0x000032cd   Thumb Code     6  errno.o(i.__set_errno)
    _is_digit                                0x0000345d   Thumb Code    14  scanf_fp.o(i._is_digit)
    btn0UpdateFlag                           0x00003ba5   Thumb Code    10  button_control.o(i.btn0UpdateFlag)
    btn1UpdateFlag                           0x00003bb5   Thumb Code    10  button_control.o(i.btn1UpdateFlag)
    btn2UpdateFlag                           0x00003bc5   Thumb Code    10  button_control.o(i.btn2UpdateFlag)
    delay_Init                               0x00003bd5   Thumb Code    38  delay.o(i.delay_Init)
    delay_ms                                 0x00003c01   Thumb Code    16  delay.o(i.delay_ms)
    jsmn_init                                0x00003c4d   Thumb Code    12  jsmn.o(i.jsmn_init)
    jsmn_parse                               0x00003c59   Thumb Code   606  jsmn.o(i.jsmn_parse)
    main                                     0x000040b1   Thumb Code    32  main.o(i.main)
    malloc                                   0x000040e5   Thumb Code    92  malloc.o(i.malloc)
    __ctype_table                            0x00004794   Data         129  ctype_o.o(.constdata)
    Region$$Table$$Base                      0x00004850   Number         0  anon$$obj.o(Region$$Table)
    Region$$Table$$Limit                     0x00004870   Number         0  anon$$obj.o(Region$$Table)
    connected                                0x20000278   Data           1  main.o(.data)
    SystemCoreClock                          0x20000534   Data           4  system_tm4c129.o(.data)
    __microlib_freelist                      0x20000538   Data           4  mvars.o(.data)
    __microlib_freelist_initialised          0x2000053c   Data           4  mvars.o(.data)
    __heap_base                              0x20000a88   Data           0  startup_tm4c129.o(HEAP)
    __heap_limit                             0x20010cc8   Data           0  startup_tm4c129.o(HEAP)
    __initial_sp                             0x20012cc8   Data           0  startup_tm4c129.o(STACK)



==============================================================================

Memory Map of the image

  Image Entry point : 0x0000023d

  Load Region LR_IROM1 (Base: 0x00000000, Size: 0x000052dc, Max: 0x00100000, ABSOLUTE, COMPRESSED[0x00004abc])

    Execution Region ER_IROM1 (Exec base: 0x00000000, Load base: 0x00000000, Size: 0x00004870, Max: 0x00100000, ABSOLUTE)

    Exec Addr    Load Addr    Size         Type   Attr      Idx    E Section Name        Object

    0x00000000   0x00000000   0x00000200   Data   RO          765    RESET               startup_tm4c129.o
    0x00000200   0x00000200   0x00000000   Code   RO         2255  * .ARM.Collect$$$$00000000  mc_w.l(entry.o)
    0x00000200   0x00000200   0x00000004   Code   RO         2581    .ARM.Collect$$$$00000001  mc_w.l(entry2.o)
    0x00000204   0x00000204   0x00000004   Code   RO         2584    .ARM.Collect$$$$00000004  mc_w.l(entry5.o)
    0x00000208   0x00000208   0x00000000   Code   RO         2586    .ARM.Collect$$$$00000008  mc_w.l(entry7b.o)
    0x00000208   0x00000208   0x00000000   Code   RO         2588    .ARM.Collect$$$$0000000A  mc_w.l(entry8b.o)
    0x00000208   0x00000208   0x00000008   Code   RO         2589    .ARM.Collect$$$$0000000B  mc_w.l(entry9a.o)
    0x00000210   0x00000210   0x00000000   Code   RO         2591    .ARM.Collect$$$$0000000D  mc_w.l(entry10a.o)
    0x00000210   0x00000210   0x00000000   Code   RO         2593    .ARM.Collect$$$$0000000F  mc_w.l(entry11a.o)
    0x00000210   0x00000210   0x00000004   Code   RO         2582    .ARM.Collect$$$$00002712  mc_w.l(entry2.o)
    0x00000214   0x00000214   0x00000026   Code   RO         2233    .emb_text           driverlib.lib(cpu.o)
    0x0000023a   0x0000023a   0x00000002   PAD
    0x0000023c   0x0000023c   0x00000114   Code   RO          766  * .text               startup_tm4c129.o
    0x00000350   0x00000350   0x00000024   Code   RO         2258    .text               mc_w.l(memseta.o)
    0x00000374   0x00000374   0x0000000e   Code   RO         2260    .text               mc_w.l(strlen.o)
    0x00000382   0x00000382   0x0000001c   Code   RO         2262    .text               mc_w.l(strcmp.o)
    0x0000039e   0x0000039e   0x00000012   Code   RO         2264    .text               mc_w.l(strcpy.o)
    0x000003b0   0x000003b0   0x0000001e   Code   RO         2266    .text               mc_w.l(strncmp.o)
    0x000003ce   0x000003ce   0x0000014e   Code   RO         2561    .text               mf_w.l(dadd.o)
    0x0000051c   0x0000051c   0x000000e4   Code   RO         2563    .text               mf_w.l(dmul.o)
    0x00000600   0x00000600   0x000000de   Code   RO         2565    .text               mf_w.l(ddiv.o)
    0x000006de   0x000006de   0x00000022   Code   RO         2567    .text               mf_w.l(dflti.o)
    0x00000700   0x00000700   0x0000001a   Code   RO         2569    .text               mf_w.l(dfltui.o)
    0x0000071a   0x0000071a   0x00000032   Code   RO         2571    .text               mf_w.l(dfixui.o)
    0x0000074c   0x0000074c   0x00000026   Code   RO         2573    .text               mf_w.l(f2d.o)
    0x00000772   0x00000772   0x00000002   PAD
    0x00000774   0x00000774   0x00000030   Code   RO         2575    .text               mf_w.l(cdcmple.o)
    0x000007a4   0x000007a4   0x00000030   Code   RO         2577    .text               mf_w.l(cdrcmple.o)
    0x000007d4   0x000007d4   0x00000038   Code   RO         2579    .text               mf_w.l(d2f.o)
    0x0000080c   0x0000080c   0x0000002c   Code   RO         2598    .text               mc_w.l(uidiv.o)
    0x00000838   0x00000838   0x00000062   Code   RO         2600    .text               mc_w.l(uldiv.o)
    0x0000089a   0x0000089a   0x0000001e   Code   RO         2602    .text               mc_w.l(llshl.o)
    0x000008b8   0x000008b8   0x00000020   Code   RO         2604    .text               mc_w.l(llushr.o)
    0x000008d8   0x000008d8   0x00000024   Code   RO         2606    .text               mc_w.l(llsshr.o)
    0x000008fc   0x000008fc   0x0000009c   Code   RO         2621    .text               mc_w.l(strtod.o)
    0x00000998   0x00000998   0x00000000   Code   RO         2625    .text               mc_w.l(iusefp.o)
    0x00000998   0x00000998   0x0000006e   Code   RO         2626    .text               mf_w.l(fepilogue.o)
    0x00000a06   0x00000a06   0x000000ba   Code   RO         2628    .text               mf_w.l(depilogue.o)
    0x00000ac0   0x00000ac0   0x00000030   Code   RO         2630    .text               mf_w.l(dfixul.o)
    0x00000af0   0x00000af0   0x00000024   Code   RO         2632    .text               mc_w.l(init.o)
    0x00000b14   0x00000b14   0x00000008   Code   RO         2637    .text               mc_w.l(ctype_o.o)
    0x00000b1c   0x00000b1c   0x00000012   Code   RO         2659    .text               mc_w.l(isspace_o.o)
    0x00000b2e   0x00000b2e   0x00000002   PAD
    0x00000b30   0x00000b30   0x00000360   Code   RO         2665    .text               mc_w.l(scanf_fp.o)
    0x00000e90   0x00000e90   0x00000040   Code   RO         2669    .text               mc_w.l(_sgetc.o)
    0x00000ed0   0x00000ed0   0x00000018   Code   RO         2679    .text               mf_w.l(dfltul.o)
    0x00000ee8   0x00000ee8   0x0000005e   Code   RO         2689    .text               mc_w.l(__dclz77c.o)
    0x00000f46   0x00000f46   0x0000000a   Code   RO          837    i.ADCIntClear       driverlib.lib(adc.o)
    0x00000f50   0x00000f50   0x00000034   Code   RO          844    i.ADCIntStatus      driverlib.lib(adc.o)
    0x00000f84   0x00000f84   0x0000001a   Code   RO          849    i.ADCProcessorTrigger  driverlib.lib(adc.o)
    0x00000f9e   0x00000f9e   0x00000060   Code   RO          852    i.ADCSequenceConfigure  driverlib.lib(adc.o)
    0x00000ffe   0x00000ffe   0x00000024   Code   RO          855    i.ADCSequenceDataGet  driverlib.lib(adc.o)
    0x00001022   0x00001022   0x0000000e   Code   RO          857    i.ADCSequenceEnable  driverlib.lib(adc.o)
    0x00001030   0x00001030   0x0000009a   Code   RO          860    i.ADCSequenceStepConfigure  driverlib.lib(adc.o)
    0x000010ca   0x000010ca   0x00000002   PAD
    0x000010cc   0x000010cc   0x000000b4   Code   RO          344    i.ADC_init          adc_driver.o
    0x00001180   0x00001180   0x000000cc   Code   RO          345    i.ADC_readMag       adc_driver.o
    0x0000124c   0x0000124c   0x000000b0   Code   RO          346    i.ADC_readPhs       adc_driver.o
    0x000012fc   0x000012fc   0x00000040   Code   RO          707    i.ADF4350_Init      adf4350.o
    0x0000133c   0x0000133c   0x00000310   Code   RO          708    i.ADF4350_SetFrequency  adf4350.o
    0x0000164c   0x0000164c   0x00000010   Code   RO          709    i.ADF4350_reset     adf4350.o
    0x0000165c   0x0000165c   0x00000134   Code   RO          228    i.Button_Init       button_control.o
    0x00001790   0x00001790   0x00000018   Code   RO          230    i.Button_SetBtn0Flag  button_control.o
    0x000017a8   0x000017a8   0x00000018   Code   RO          232    i.Button_SetBtn1Flag  button_control.o
    0x000017c0   0x000017c0   0x00000018   Code   RO          234    i.Button_SetBtn2Flag  button_control.o
    0x000017d8   0x000017d8   0x000000d8   Code   RO           91    i.FrequencyReceivedCallback  main.o
    0x000018b0   0x000018b0   0x00000028   Code   RO         1109    i.GPIODirModeSet    driverlib.lib(gpio.o)
    0x000018d8   0x000018d8   0x00000006   Code   RO         1110    i.GPIOIntClear      driverlib.lib(gpio.o)
    0x000018de   0x000018de   0x0000000e   Code   RO         1111    i.GPIOIntDisable    driverlib.lib(gpio.o)
    0x000018ec   0x000018ec   0x0000000c   Code   RO         1112    i.GPIOIntEnable     driverlib.lib(gpio.o)
    0x000018f8   0x000018f8   0x0000001a   Code   RO         1113    i.GPIOIntRegister   driverlib.lib(gpio.o)
    0x00001912   0x00001912   0x0000000e   Code   RO         1115    i.GPIOIntStatus     driverlib.lib(gpio.o)
    0x00001920   0x00001920   0x00000050   Code   RO         1117    i.GPIOIntTypeSet    driverlib.lib(gpio.o)
    0x00001970   0x00001970   0x00000138   Code   RO         1121    i.GPIOPadConfigSet  driverlib.lib(gpio.o)
    0x00001aa8   0x00001aa8   0x00000044   Code   RO         1122    i.GPIOPinConfigure  driverlib.lib(gpio.o)
    0x00001aec   0x00001aec   0x00000006   Code   RO         1123    i.GPIOPinRead       driverlib.lib(gpio.o)
    0x00001af2   0x00001af2   0x0000001c   Code   RO         1124    i.GPIOPinTypeADC    driverlib.lib(gpio.o)
    0x00001b0e   0x00001b0e   0x0000001c   Code   RO         1132    i.GPIOPinTypeGPIOInput  driverlib.lib(gpio.o)
    0x00001b2a   0x00001b2a   0x0000001c   Code   RO         1133    i.GPIOPinTypeGPIOOutput  driverlib.lib(gpio.o)
    0x00001b46   0x00001b46   0x0000001c   Code   RO         1145    i.GPIOPinTypeUART   driverlib.lib(gpio.o)
    0x00001b62   0x00001b62   0x00000006   Code   RO         1151    i.GPIOPinWrite      driverlib.lib(gpio.o)
    0x00001b68   0x00001b68   0x00000078   Code   RO          236    i.GPIOPortLIntHandler  button_control.o
    0x00001be0   0x00001be0   0x00000024   Code   RO          643    i.HC05_Init         hc05_driver.o
    0x00001c04   0x00001c04   0x00000060   Code   RO          644    i.HC05_sendData     hc05_driver.o
    0x00001c64   0x00001c64   0x00000020   Code   RO          645    i.HC05_sendHello    hc05_driver.o
    0x00001c84   0x00001c84   0x0000000c   Code   RO          646    i.HC05_setConnectedCallback  hc05_driver.o
    0x00001c90   0x00001c90   0x0000000c   Code   RO          647    i.HC05_setFrequencyReceivedCallback  hc05_driver.o
    0x00001c9c   0x00001c9c   0x00000040   Code   RO           92    i.InitConsole       main.o
    0x00001cdc   0x00001cdc   0x00000064   Code   RO         1412    i.IntEnable         driverlib.lib(interrupt.o)
    0x00001d40   0x00001d40   0x0000000e   Code   RO         1415    i.IntMasterEnable   driverlib.lib(interrupt.o)
    0x00001d4e   0x00001d4e   0x00000002   PAD
    0x00001d50   0x00001d50   0x00000028   Code   RO         1423    i.IntPrioritySet    driverlib.lib(interrupt.o)
    0x00001d78   0x00001d78   0x00000034   Code   RO         1424    i.IntRegister       driverlib.lib(interrupt.o)
    0x00001dac   0x00001dac   0x0000001c   Code   RO          581    i.JSONObject_CreateObject  jsonobject.o
    0x00001dc8   0x00001dc8   0x0000008c   Code   RO          586    i.JSONObject_GetString  jsonobject.o
    0x00001e54   0x00001e54   0x0000002a   Code   RO          587    i.JSONObject_Getdouble  jsonobject.o
    0x00001e7e   0x00001e7e   0x00000048   Code   RO          588    i.JSONObject_Parse  jsonobject.o
    0x00001ec6   0x00001ec6   0x00000002   PAD
    0x00001ec8   0x00001ec8   0x0000001c   Code   RO          398    i.LCD5110_CE        lcd5110.o
    0x00001ee4   0x00001ee4   0x0000001c   Code   RO          399    i.LCD5110_CLK       lcd5110.o
    0x00001f00   0x00001f00   0x0000001c   Code   RO          400    i.LCD5110_DC        lcd5110.o
    0x00001f1c   0x00001f1c   0x0000001c   Code   RO          401    i.LCD5110_DIN       lcd5110.o
    0x00001f38   0x00001f38   0x000000c4   Code   RO          402    i.LCD5110_GPIO_Config  lcd5110.o
    0x00001ffc   0x00001ffc   0x0000000c   Code   RO          403    i.LCD5110_LCD_delay_ms  lcd5110.o
    0x00002008   0x00002008   0x00000046   Code   RO          404    i.LCD5110_LCD_write_byte  lcd5110.o
    0x0000204e   0x0000204e   0x00000002   PAD
    0x00002050   0x00002050   0x0000001c   Code   RO          405    i.LCD5110_LIGHT     lcd5110.o
    0x0000206c   0x0000206c   0x0000001a   Code   RO          406    i.LCD5110_RST       lcd5110.o
    0x00002086   0x00002086   0x00000024   Code   RO          407    i.LCD5110_clear     lcd5110.o
    0x000020aa   0x000020aa   0x0000006a   Code   RO          408    i.LCD5110_init      lcd5110.o
    0x00002114   0x00002114   0x0000000a   Code   RO          409    i.LCD5110_light_off  lcd5110.o
    0x0000211e   0x0000211e   0x0000000a   Code   RO          410    i.LCD5110_light_on  lcd5110.o
    0x00002128   0x00002128   0x00000024   Code   RO          411    i.LCD5110_set_XY    lcd5110.o
    0x0000214c   0x0000214c   0x00000034   Code   RO          413    i.LCD5110_write_char  lcd5110.o
    0x00002180   0x00002180   0x00000018   Code   RO          415    i.LCD5110_write_string  lcd5110.o
    0x00002198   0x00002198   0x0000019c   Code   RO           93    i.LCD_GetFrequency  main.o
    0x00002334   0x00002334   0x000000cc   Code   RO           94    i.LCD_ShowResult    main.o
    0x00002400   0x00002400   0x00000040   Code   RO           95    i.LCD_WellcomeScreen  main.o
    0x00002440   0x00002440   0x0000002a   Code   RO          368    i.Led_Init          led.o
    0x0000246a   0x0000246a   0x00000024   Code   RO          371    i.Led_WriteState    led.o
    0x0000248e   0x0000248e   0x00000002   PAD
    0x00002490   0x00002490   0x00000030   Code   RO           96    i.PhoneConnectedCallback  main.o
    0x000024c0   0x000024c0   0x00000030   Code   RO          687    i.SoftwareSPI_Init  softwarespi.o
    0x000024f0   0x000024f0   0x0000005c   Code   RO          688    i.SoftwareSPI_SendData  softwarespi.o
    0x0000254c   0x0000254c   0x000002e4   Code   RO         1529    i.SysCtlClockFreqSet  driverlib.lib(sysctl.o)
    0x00002830   0x00002830   0x00000028   Code   RO         1561    i.SysCtlPeripheralEnable  driverlib.lib(sysctl.o)
    0x00002858   0x00002858   0x0000002c   Code   RO         1565    i.SysCtlPeripheralReady  driverlib.lib(sysctl.o)
    0x00002884   0x00002884   0x0000000e   Code   RO         1876    i.SysTickEnable     driverlib.lib(systick.o)
    0x00002892   0x00002892   0x0000000e   Code   RO         1878    i.SysTickIntEnable  driverlib.lib(systick.o)
    0x000028a0   0x000028a0   0x00000018   Code   RO          514    i.SysTickIntHandler  delay.o
    0x000028b8   0x000028b8   0x00000018   Code   RO         1879    i.SysTickIntRegister  driverlib.lib(systick.o)
    0x000028d0   0x000028d0   0x0000000a   Code   RO         1882    i.SysTickPeriodSet  driverlib.lib(systick.o)
    0x000028da   0x000028da   0x00000002   PAD
    0x000028dc   0x000028dc   0x00000020   Code   RO          775    i.SystemInit        system_tm4c129.o
    0x000028fc   0x000028fc   0x000000b8   Code   RO           97    i.System_Init       main.o
    0x000029b4   0x000029b4   0x0000000c   Code   RO         1944    i.UARTCharGet       driverlib.lib(uart.o)
    0x000029c0   0x000029c0   0x0000000c   Code   RO         1946    i.UARTCharPut       driverlib.lib(uart.o)
    0x000029cc   0x000029cc   0x0000006e   Code   RO         1952    i.UARTConfigSetExpClk  driverlib.lib(uart.o)
    0x00002a3a   0x00002a3a   0x0000000a   Code   RO         1959    i.UARTFIFODisable   driverlib.lib(uart.o)
    0x00002a44   0x00002a44   0x00000004   Code   RO         1965    i.UARTIntClear      driverlib.lib(uart.o)
    0x00002a48   0x00002a48   0x0000000a   Code   RO         1966    i.UARTIntDisable    driverlib.lib(uart.o)
    0x00002a52   0x00002a52   0x00000008   Code   RO         1967    i.UARTIntEnable     driverlib.lib(uart.o)
    0x00002a5a   0x00002a5a   0x00000002   PAD
    0x00002a5c   0x00002a5c   0x00000058   Code   RO         1968    i.UARTIntRegister   driverlib.lib(uart.o)
    0x00002ab4   0x00002ab4   0x0000000a   Code   RO         1969    i.UARTIntStatus     driverlib.lib(uart.o)
    0x00002abe   0x00002abe   0x00000002   PAD
    0x00002ac0   0x00002ac0   0x0000006c   Code   RO            1    i.UARTStdioConfig   uartstdio.o
    0x00002b2c   0x00002b2c   0x00000078   Code   RO          312    i.UART_Handler      uart_driver.o
    0x00002ba4   0x00002ba4   0x000000dc   Code   RO          313    i.UART_Init         uart_driver.o
    0x00002c80   0x00002c80   0x000000b0   Code   RO          648    i.UART_Received_CallBack  hc05_driver.o
    0x00002d30   0x00002d30   0x00000014   Code   RO          314    i.UART_Send         uart_driver.o
    0x00002d44   0x00002d44   0x0000001a   Code   RO          315    i.UART_SendStr      uart_driver.o
    0x00002d5e   0x00002d5e   0x0000001a   Code   RO            4    i.UARTprintf        uartstdio.o
    0x00002d78   0x00002d78   0x00000250   Code   RO            5    i.UARTvprintf       uartstdio.o
    0x00002fc8   0x00002fc8   0x00000040   Code   RO            6    i.UARTwrite         uartstdio.o
    0x00003008   0x00003008   0x00000050   Code   RO         1152    i._GPIOIntNumberGet  driverlib.lib(gpio.o)
    0x00003058   0x00003058   0x00000028   Code   RO         2503    i.__0sprintf        mc_w.l(printfa.o)
    0x00003080   0x00003080   0x0000001c   Code   RO          710    i.__ADF4350_SetADF  adf4350.o
    0x0000309c   0x0000309c   0x00000040   Code   RO          711    i.__ADF4350_WriteRegister32  adf4350.o
    0x000030dc   0x000030dc   0x0000000c   Code   RO          712    i.__ADF4350_bitClear  adf4350.o
    0x000030e8   0x000030e8   0x0000000c   Code   RO          713    i.__ADF4350_bitSet  adf4350.o
    0x000030f4   0x000030f4   0x00000022   Code   RO          714    i.__ADF4350_bitWrite  adf4350.o
    0x00003116   0x00003116   0x00000002   PAD
    0x00003118   0x00003118   0x00000038   Code   RO         2243    i.__hardfp_atof     m_wm.l(atof.o)
    0x00003150   0x00003150   0x00000118   Code   RO         2249    i.__hardfp_floor    m_wm.l(floor.o)
    0x00003268   0x00003268   0x00000038   Code   RO          589    i.__jsoneq          jsonobject.o
    0x000032a0   0x000032a0   0x0000000c   Code   RO         2615    i.__read_errno      mc_w.l(errno.o)
    0x000032ac   0x000032ac   0x0000000e   Code   RO         2683    i.__scatterload_copy  mc_w.l(handlers.o)
    0x000032ba   0x000032ba   0x00000002   Code   RO         2684    i.__scatterload_null  mc_w.l(handlers.o)
    0x000032bc   0x000032bc   0x0000000e   Code   RO         2685    i.__scatterload_zeroinit  mc_w.l(handlers.o)
    0x000032ca   0x000032ca   0x00000002   PAD
    0x000032cc   0x000032cc   0x0000000c   Code   RO         2616    i.__set_errno       mc_w.l(errno.o)
    0x000032d8   0x000032d8   0x00000184   Code   RO         2508    i._fp_digits        mc_w.l(printfa.o)
    0x0000345c   0x0000345c   0x0000000e   Code   RO         2667    i._is_digit         mc_w.l(scanf_fp.o)
    0x0000346a   0x0000346a   0x00000002   PAD
    0x0000346c   0x0000346c   0x000006dc   Code   RO         2509    i._printf_core      mc_w.l(printfa.o)
    0x00003b48   0x00003b48   0x00000024   Code   RO         2510    i._printf_post_padding  mc_w.l(printfa.o)
    0x00003b6c   0x00003b6c   0x0000002e   Code   RO         2511    i._printf_pre_padding  mc_w.l(printfa.o)
    0x00003b9a   0x00003b9a   0x0000000a   Code   RO         2513    i._sputc            mc_w.l(printfa.o)
    0x00003ba4   0x00003ba4   0x00000010   Code   RO          237    i.btn0UpdateFlag    button_control.o
    0x00003bb4   0x00003bb4   0x00000010   Code   RO          238    i.btn1UpdateFlag    button_control.o
    0x00003bc4   0x00003bc4   0x00000010   Code   RO          239    i.btn2UpdateFlag    button_control.o
    0x00003bd4   0x00003bd4   0x0000002c   Code   RO          515    i.delay_Init        delay.o
    0x00003c00   0x00003c00   0x00000014   Code   RO          516    i.delay_ms          delay.o
    0x00003c14   0x00003c14   0x0000002a   Code   RO          540    i.jsmn_alloc_token  jsmn.o
    0x00003c3e   0x00003c3e   0x0000000e   Code   RO          541    i.jsmn_fill_token   jsmn.o
    0x00003c4c   0x00003c4c   0x0000000c   Code   RO          542    i.jsmn_init         jsmn.o
    0x00003c58   0x00003c58   0x0000025e   Code   RO          543    i.jsmn_parse        jsmn.o
    0x00003eb6   0x00003eb6   0x000000bc   Code   RO          544    i.jsmn_parse_primitive  jsmn.o
    0x00003f72   0x00003f72   0x0000013c   Code   RO          545    i.jsmn_parse_string  jsmn.o
    0x000040ae   0x000040ae   0x00000002   PAD
    0x000040b0   0x000040b0   0x00000034   Code   RO           99    i.main              main.o
    0x000040e4   0x000040e4   0x0000006c   Code   RO         2530    i.malloc            mc_w.l(malloc.o)
    0x00004150   0x00004150   0x0000001c   Data   RO            7    .constdata          uartstdio.o
    0x0000416c   0x0000416c   0x00000020   Data   RO          101    .constdata          main.o
    0x0000418c   0x0000418c   0x00000228   Data   RO         1153    .constdata          driverlib.lib(gpio.o)
    0x000043b4   0x000043b4   0x0000010c   Data   RO         1428    .constdata          driverlib.lib(interrupt.o)
    0x000044c0   0x000044c0   0x00000254   Data   RO         1583    .constdata          driverlib.lib(sysctl.o)
    0x00004714   0x00004714   0x00000080   Data   RO         1985    .constdata          driverlib.lib(uart.o)
    0x00004794   0x00004794   0x00000081   Data   RO         2638    .constdata          mc_w.l(ctype_o.o)
    0x00004815   0x00004815   0x00000003   PAD
    0x00004818   0x00004818   0x00000004   Data   RO         2639    .constdata          mc_w.l(ctype_o.o)
    0x0000481c   0x0000481c   0x00000011   Data   RO            8    .conststring        uartstdio.o
    0x0000482d   0x0000482d   0x00000003   PAD
    0x00004830   0x00004830   0x0000001d   Data   RO          102    .conststring        main.o
    0x0000484d   0x0000484d   0x00000003   PAD
    0x00004850   0x00004850   0x00000020   Data   RO         2681    Region$$Table       anon$$obj.o


    Execution Region RW_IRAM1 (Exec base: 0x20000000, Load base: 0x00004870, Size: 0x00012cc8, Max: 0x00040000, ABSOLUTE, COMPRESSED[0x0000024c])

    Exec Addr    Load Addr    Size         Type   Attr      Idx    E Section Name        Object

    0x20000000   COMPRESSED   0x00000005   Data   RW            9    .data               uartstdio.o
    0x20000005   COMPRESSED   0x00000003   PAD
    0x20000008   COMPRESSED   0x000002a4   Data   RW          103    .data               main.o
    0x200002ac   COMPRESSED   0x0000000d   Data   RW          316    .data               uart_driver.o
    0x200002b9   COMPRESSED   0x00000003   PAD
    0x200002bc   COMPRESSED   0x0000022c   Data   RW          416    .data               lcd5110.o
    0x200004e8   COMPRESSED   0x00000004   Data   RW          517    .data               delay.o
    0x200004ec   COMPRESSED   0x00000018   Data   RW          649    .data               hc05_driver.o
    0x20000504   COMPRESSED   0x00000030   Data   RW          715    .data               adf4350.o
    0x20000534   COMPRESSED   0x00000004   Data   RW          776    .data               system_tm4c129.o
    0x20000538   COMPRESSED   0x00000004   Data   RW         2612    .data               mc_w.l(mvars.o)
    0x2000053c   COMPRESSED   0x00000004   Data   RW         2613    .data               mc_w.l(mvars.o)
    0x20000540   COMPRESSED   0x00000004   Data   RW         2617    .data               mc_w.l(errno.o)
    0x20000544   COMPRESSED   0x000002bc   PAD
    0x20000800   COMPRESSED   0x0000026c   Data   RW         1429    vtable              driverlib.lib(interrupt.o)
    0x20000a6c        -       0x00000018   Zero   RW          240    .bss                button_control.o
    0x20000a84   COMPRESSED   0x00000004   PAD
    0x20000a88        -       0x00010240   Zero   RW          764    HEAP                startup_tm4c129.o
    0x20010cc8        -       0x00002000   Zero   RW          763    STACK               startup_tm4c129.o


==============================================================================

Image component sizes


      Code (inc. data)   RO Data    RW Data    ZI Data      Debug   Object Name

       560        100          0          0          0       1899   adc_driver.o
      1014        106          0         48          0       5318   adf4350.o
       548         70          0          0         24       4546   button_control.o
        88         16          0          4          0       1660   delay.o
       364        142          0         24          0       4330   hc05_driver.o
      1178          0          0          0          0       6093   jsmn.o
       338         10          0          0          0       3878   jsonobject.o
       718         40          0        556          0       9089   lcd5110.o
        78          0          0          0          0       1032   led.o
      1244        290         61        676          0      11101   main.o
       140         14          0          0          0       1122   softwarespi.o
       276          8        512          0      74304       6040   startup_tm4c129.o
        32         12          0          4          0        727   system_tm4c129.o
       386         74          0         13          0       2614   uart_driver.o
       790         36         45          5          0       9924   uartstdio.o

    ----------------------------------------------------------------------
      7764        918        656       1336      74332      69373   Object Totals
         0          0         32          0          0          0   (incl. Generated)
        10          0          6          6          4          0   (incl. Padding)

    ----------------------------------------------------------------------

      Code (inc. data)   RO Data    RW Data    ZI Data      Debug   Library Member Name

       388          0          0          0          0       8194   adc.o
        38          0          0          0          0        572   cpu.o
       776         26        552          0          0       9873   gpio.o
       206         20        268        620          0       3197   interrupt.o
       824         48        596          0          0       4490   sysctl.o
        62          0          0          0          0       1935   systick.o
       264         18        128          0          0       5919   uart.o
        56         12          0          0          0        132   atof.o
       280         28          0          0          0        156   floor.o
        94          0          0          0          0          0   __dclz77c.o
        64          0          0          0          0         84   _sgetc.o
         8          4        133          0          0         68   ctype_o.o
         0          0          0          0          0          0   entry.o
         0          0          0          0          0          0   entry10a.o
         0          0          0          0          0          0   entry11a.o
         8          4          0          0          0          0   entry2.o
         4          0          0          0          0          0   entry5.o
         0          0          0          0          0          0   entry7b.o
         0          0          0          0          0          0   entry8b.o
         8          4          0          0          0          0   entry9a.o
        24         12          0          4          0        136   errno.o
        30          0          0          0          0          0   handlers.o
        36          8          0          0          0         68   init.o
        18          0          0          0          0         76   isspace_o.o
         0          0          0          0          0          0   iusefp.o
        30          0          0          0          0         68   llshl.o
        36          0          0          0          0         68   llsshr.o
        32          0          0          0          0         68   llushr.o
       108         16          0          0          0         84   malloc.o
        36          0          0          0          0        108   memseta.o
         0          0          0          8          0          0   mvars.o
      2276         86          0          0          0        520   printfa.o
       878         12          0          0          0        216   scanf_fp.o
        28          0          0          0          0         76   strcmp.o
        18          0          0          0          0         68   strcpy.o
        14          0          0          0          0         68   strlen.o
        30          0          0          0          0         80   strncmp.o
       156         12          0          0          0        120   strtod.o
        44          0          0          0          0         80   uidiv.o
        98          0          0          0          0         92   uldiv.o
        48          0          0          0          0         68   cdcmple.o
        48          0          0          0          0         68   cdrcmple.o
        56          0          0          0          0         88   d2f.o
       334          0          0          0          0        148   dadd.o
       222          0          0          0          0        100   ddiv.o
       186          0          0          0          0        176   depilogue.o
        50          0          0          0          0         76   dfixui.o
        48          0          0          0          0         68   dfixul.o
        34          0          0          0          0         76   dflti.o
        26          0          0          0          0         76   dfltui.o
        24          0          0          0          0         76   dfltul.o
       228          0          0          0          0         96   dmul.o
        38          0          0          0          0         68   f2d.o
       110          0          0          0          0        168   fepilogue.o

    ----------------------------------------------------------------------
      8444        310       1680       1332          0      37968   Library Totals
        20          0          3        700          0          0   (incl. Padding)

    ----------------------------------------------------------------------

      Code (inc. data)   RO Data    RW Data    ZI Data      Debug   Library Name

      2558        112       1544        620          0      34180   driverlib.lib
       336         40          0          0          0        288   m_wm.l
      4078        158        133         12          0       2148   mc_w.l
      1452          0          0          0          0       1352   mf_w.l

    ----------------------------------------------------------------------
      8444        310       1680       1332          0      37968   Library Totals

    ----------------------------------------------------------------------

==============================================================================


      Code (inc. data)   RO Data    RW Data    ZI Data      Debug   

     16208       1228       2336       2668      74332      94253   Grand Totals
     16208       1228       2336        588      74332      94253   ELF Image Totals (compressed)
     16208       1228       2336        588          0          0   ROM Totals

==============================================================================

    Total RO  Size (Code + RO Data)                18544 (  18.11kB)
    Total RW  Size (RW Data + ZI Data)             77000 (  75.20kB)
    Total ROM Size (Code + RO Data + RW Data)      19132 (  18.68kB)

==============================================================================

